Archive member included to satisfy reference by file (symbol)

c:/arm-none-eabi-gcc/gcc-arm-none-eabi-10.3-2021.10/bin/../lib/gcc/arm-none-eabi/10.3.1/thumb/v7-m/nofp\libgcc.a(_arm_muldf3.o)
                              CMakeFiles/Snake.elf.dir/Core/Src/oled.c.obj (__aeabi_dmul)
c:/arm-none-eabi-gcc/gcc-arm-none-eabi-10.3-2021.10/bin/../lib/gcc/arm-none-eabi/10.3.1/thumb/v7-m/nofp\libgcc.a(_arm_addsubdf3.o)
                              CMakeFiles/Snake.elf.dir/Core/Src/oled.c.obj (__aeabi_dsub)
c:/arm-none-eabi-gcc/gcc-arm-none-eabi-10.3-2021.10/bin/../lib/gcc/arm-none-eabi/10.3.1/thumb/v7-m/nofp\libgcc.a(_arm_fixdfsi.o)
                              CMakeFiles/Snake.elf.dir/Core/Src/oled.c.obj (__aeabi_d2iz)
c:/arm-none-eabi-gcc/gcc-arm-none-eabi-10.3-2021.10/bin/../lib/gcc/arm-none-eabi/10.3.1/../../../../arm-none-eabi/lib/thumb/v7-m/nofp\libg.a(lib_a-errno.o)
                              CMakeFiles/Snake.elf.dir/Core/Src/syscalls.c.obj (__errno)
c:/arm-none-eabi-gcc/gcc-arm-none-eabi-10.3-2021.10/bin/../lib/gcc/arm-none-eabi/10.3.1/../../../../arm-none-eabi/lib/thumb/v7-m/nofp\libg.a(lib_a-exit.o)
                              c:/arm-none-eabi-gcc/gcc-arm-none-eabi-10.3-2021.10/bin/../lib/gcc/arm-none-eabi/10.3.1/../../../../arm-none-eabi/lib/thumb/v7-m/nofp/crt0.o (exit)
c:/arm-none-eabi-gcc/gcc-arm-none-eabi-10.3-2021.10/bin/../lib/gcc/arm-none-eabi/10.3.1/../../../../arm-none-eabi/lib/thumb/v7-m/nofp\libg.a(lib_a-impure.o)
                              c:/arm-none-eabi-gcc/gcc-arm-none-eabi-10.3-2021.10/bin/../lib/gcc/arm-none-eabi/10.3.1/../../../../arm-none-eabi/lib/thumb/v7-m/nofp\libg.a(lib_a-exit.o) (_global_impure_ptr)
c:/arm-none-eabi-gcc/gcc-arm-none-eabi-10.3-2021.10/bin/../lib/gcc/arm-none-eabi/10.3.1/../../../../arm-none-eabi/lib/thumb/v7-m/nofp\libg.a(lib_a-init.o)
                              c:/arm-none-eabi-gcc/gcc-arm-none-eabi-10.3-2021.10/bin/../lib/gcc/arm-none-eabi/10.3.1/../../../../arm-none-eabi/lib/thumb/v7-m/nofp/crt0.o (__libc_init_array)
c:/arm-none-eabi-gcc/gcc-arm-none-eabi-10.3-2021.10/bin/../lib/gcc/arm-none-eabi/10.3.1/../../../../arm-none-eabi/lib/thumb/v7-m/nofp\libg.a(lib_a-memcmp.o)
                              CMakeFiles/Snake.elf.dir/Core/Src/oled.c.obj (memcmp)
c:/arm-none-eabi-gcc/gcc-arm-none-eabi-10.3-2021.10/bin/../lib/gcc/arm-none-eabi/10.3.1/../../../../arm-none-eabi/lib/thumb/v7-m/nofp\libg.a(lib_a-memcpy.o)
                              CMakeFiles/Snake.elf.dir/Core/Src/oled.c.obj (memcpy)
c:/arm-none-eabi-gcc/gcc-arm-none-eabi-10.3-2021.10/bin/../lib/gcc/arm-none-eabi/10.3.1/../../../../arm-none-eabi/lib/thumb/v7-m/nofp\libg.a(lib_a-memset.o)
                              c:/arm-none-eabi-gcc/gcc-arm-none-eabi-10.3-2021.10/bin/../lib/gcc/arm-none-eabi/10.3.1/../../../../arm-none-eabi/lib/thumb/v7-m/nofp/crt0.o (memset)
c:/arm-none-eabi-gcc/gcc-arm-none-eabi-10.3-2021.10/bin/../lib/gcc/arm-none-eabi/10.3.1/../../../../arm-none-eabi/lib/thumb/v7-m/nofp\libg.a(lib_a-rand.o)
                              CMakeFiles/Snake.elf.dir/Core/Src/snake.c.obj (srand)
c:/arm-none-eabi-gcc/gcc-arm-none-eabi-10.3-2021.10/bin/../lib/gcc/arm-none-eabi/10.3.1/../../../../arm-none-eabi/lib/thumb/v7-m/nofp\libg.a(lib_a-sprintf.o)
                              CMakeFiles/Snake.elf.dir/Core/Src/snake.c.obj (sprintf)
c:/arm-none-eabi-gcc/gcc-arm-none-eabi-10.3-2021.10/bin/../lib/gcc/arm-none-eabi/10.3.1/../../../../arm-none-eabi/lib/thumb/v7-m/nofp\libg.a(lib_a-svfprintf.o)
                              c:/arm-none-eabi-gcc/gcc-arm-none-eabi-10.3-2021.10/bin/../lib/gcc/arm-none-eabi/10.3.1/../../../../arm-none-eabi/lib/thumb/v7-m/nofp\libg.a(lib_a-sprintf.o) (_svfprintf_r)
c:/arm-none-eabi-gcc/gcc-arm-none-eabi-10.3-2021.10/bin/../lib/gcc/arm-none-eabi/10.3.1/../../../../arm-none-eabi/lib/thumb/v7-m/nofp\libg.a(lib_a-__call_atexit.o)
                              c:/arm-none-eabi-gcc/gcc-arm-none-eabi-10.3-2021.10/bin/../lib/gcc/arm-none-eabi/10.3.1/../../../../arm-none-eabi/lib/thumb/v7-m/nofp\libg.a(lib_a-exit.o) (__call_exitprocs)
c:/arm-none-eabi-gcc/gcc-arm-none-eabi-10.3-2021.10/bin/../lib/gcc/arm-none-eabi/10.3.1/../../../../arm-none-eabi/lib/thumb/v7-m/nofp\libg.a(lib_a-atexit.o)
                              c:/arm-none-eabi-gcc/gcc-arm-none-eabi-10.3-2021.10/bin/../lib/gcc/arm-none-eabi/10.3.1/../../../../arm-none-eabi/lib/thumb/v7-m/nofp\libg.a(lib_a-__call_atexit.o) (atexit)
c:/arm-none-eabi-gcc/gcc-arm-none-eabi-10.3-2021.10/bin/../lib/gcc/arm-none-eabi/10.3.1/../../../../arm-none-eabi/lib/thumb/v7-m/nofp\libg.a(lib_a-dtoa.o)
                              c:/arm-none-eabi-gcc/gcc-arm-none-eabi-10.3-2021.10/bin/../lib/gcc/arm-none-eabi/10.3.1/../../../../arm-none-eabi/lib/thumb/v7-m/nofp\libg.a(lib_a-svfprintf.o) (_dtoa_r)
c:/arm-none-eabi-gcc/gcc-arm-none-eabi-10.3-2021.10/bin/../lib/gcc/arm-none-eabi/10.3.1/../../../../arm-none-eabi/lib/thumb/v7-m/nofp\libg.a(lib_a-fini.o)
[...]
Memory Configuration

Name             Origin             Length             Attributes
RAM              0x20000000         0x00005000         xrw
FLASH            0x08000000         0x00010000         xr
*default*        0x00000000         0xffffffff

Linker script and memory map

LOAD c:/arm-none-eabi-gcc/gcc-arm-none-eabi-10.3-2021.10/bin/../lib/gcc/arm-none-eabi/10.3.1/thumb/v7-m/nofp/crti.o
LOAD c:/arm-none-eabi-gcc/gcc-arm-none-eabi-10.3-2021.10/bin/../lib/gcc/arm-none-eabi/10.3.1/thumb/v7-m/nofp/crtbegin.o
LOAD c:/arm-none-eabi-gcc/gcc-arm-none-eabi-10.3-2021.10/bin/../lib/gcc/arm-none-eabi/10.3.1/../../../../arm-none-eabi/lib/thumb/v7-m/nofp/crt0.o
LOAD CMakeFiles/Snake.elf.dir/Core/Src/font.c.obj
LOAD CMakeFiles/Snake.elf.dir/Core/Src/gpio.c.obj
LOAD CMakeFiles/Snake.elf.dir/Core/Src/i2c.c.obj
LOAD CMakeFiles/Snake.elf.dir/Core/Src/main.c.obj
LOAD CMakeFiles/Snake.elf.dir/Core/Src/oled.c.obj
LOAD CMakeFiles/Snake.elf.dir/Core/Src/snake.c.obj
LOAD CMakeFiles/Snake.elf.dir/Core/Src/stm32f1xx_hal_msp.c.obj
LOAD CMakeFiles/Snake.elf.dir/Core/Src/stm32f1xx_it.c.obj
LOAD CMakeFiles/Snake.elf.dir/Core/Src/syscalls.c.obj
LOAD CMakeFiles/Snake.elf.dir/Core/Src/sysmem.c.obj
LOAD CMakeFiles/Snake.elf.dir/Core/Src/system_stm32f1xx.c.obj
LOAD CMakeFiles/Snake.elf.dir/Core/Src/tim.c.obj
LOAD CMakeFiles/Snake.elf.dir/Core/Startup/startup_stm32f103c8tx.s.obj
LOAD CMakeFiles/Snake.elf.dir/Drivers/STM32F1xx_HAL_Driver/Src/stm32f1xx_hal.c.obj
LOAD CMakeFiles/Snake.elf.dir/Drivers/STM32F1xx_HAL_Driver/Src/stm32f1xx_hal_cortex.c.obj
LOAD CMakeFiles/Snake.elf.dir/Drivers/STM32F1xx_HAL_Driver/Src/stm32f1xx_hal_dma.c.obj
LOAD CMakeFiles/Snake.elf.dir/Drivers/STM32F1xx_HAL_Driver/Src/stm32f1xx_hal_exti.c.obj
LOAD CMakeFiles/Snake.elf.dir/Drivers/STM32F1xx_HAL_Driver/Src/stm32f1xx_hal_flash.c.obj
LOAD CMakeFiles/Snake.elf.dir/Drivers/STM32F1xx_HAL_Driver/Src/stm32f1xx_hal_flash_ex.c.obj
LOAD CMakeFiles/Snake.elf.dir/Drivers/STM32F1xx_HAL_Driver/Src/stm32f1xx_hal_gpio.c.obj
LOAD CMakeFiles/Snake.elf.dir/Drivers/STM32F1xx_HAL_Driver/Src/stm32f1xx_hal_gpio_ex.c.obj
LOAD CMakeFiles/Snake.elf.dir/Drivers/STM32F1xx_HAL_Driver/Src/stm32f1xx_hal_i2c.c.obj
LOAD CMakeFiles/Snake.elf.dir/Drivers/STM32F1xx_HAL_Driver/Src/stm32f1xx_hal_pwr.c.obj
LOAD CMakeFiles/Snake.elf.dir/Drivers/STM32F1xx_HAL_Driver/Src/stm32f1xx_hal_rcc.c.obj
LOAD CMakeFiles/Snake.elf.dir/Drivers/STM32F1xx_HAL_Driver/Src/stm32f1xx_hal_rcc_ex.c.obj
LOAD CMakeFiles/Snake.elf.dir/Drivers/STM32F1xx_HAL_Driver/Src/stm32f1xx_hal_tim.c.obj
LOAD CMakeFiles/Snake.elf.dir/Drivers/STM32F1xx_HAL_Driver/Src/stm32f1xx_hal_tim_ex.c.obj
START GROUP
LOAD c:/arm-none-eabi-gcc/gcc-arm-none-eabi-10.3-2021.10/bin/../lib/gcc/arm-none-eabi/10.3.1/thumb/v7-m/nofp\libgcc.a
LOAD c:/arm-none-eabi-gcc/gcc-arm-none-eabi-10.3-2021.10/bin/../lib/gcc/arm-none-eabi/10.3.1/../../../../arm-none-eabi/lib/thumb/v7-m/nofp\libg.a
LOAD c:/arm-none-eabi-gcc/gcc-arm-none-eabi-10.3-2021.10/bin/../lib/gcc/arm-none-eabi/10.3.1/../../../../arm-none-eabi/lib/thumb/v7-m/nofp\libc.a
END GROUP
LOAD c:/arm-none-eabi-gcc/gcc-arm-none-eabi-10.3-2021.10/bin/../lib/gcc/arm-none-eabi/10.3.1/thumb/v7-m/nofp/crtend.o
LOAD c:/arm-none-eabi-gcc/gcc-arm-none-eabi-10.3-2021.10/bin/../lib/gcc/arm-none-eabi/10.3.1/thumb/v7-m/nofp/crtn.o
                0x20005000                _estack = (ORIGIN (RAM) + LENGTH (RAM))
                0x00000200                _Min_Heap_Size = 0x200
                0x00000400                _Min_Stack_Size = 0x400

.isr_vector     0x08000000      0x10c
                0x08000000                . = ALIGN (0x4)
 *(.isr_vector)
 .isr_vector    0x08000000      0x10c CMakeFiles/Snake.elf.dir/Core/Startup/startup_stm32f103c8tx.s.obj
                0x08000000                g_pfnVectors
                0x0800010c                . = ALIGN (0x4)

.text           0x08000110     0x9200
                0x08000110                . = ALIGN (0x4)
 *(.text)
 .text          0x08000110       0x40 c:/arm-none-eabi-gcc/gcc-arm-none-eabi-10.3-2021.10/bin/../lib/gcc/arm-none-eabi/10.3.1/thumb/v7-m/nofp/crtbegin.o
 .text          0x08000150      0x378 c:/arm-none-eabi-gcc/gcc-arm-none-eabi-10.3-2021.10/bin/../lib/gcc/arm-none-eabi/10.3.1/thumb/v7-m/nofp\libgcc.a(_arm_addsubdf3.o)
                0x08000150                __aeabi_drsub
                0x08000158                __aeabi_dsub
                0x08000158                __subdf3
                0x0800015c                __aeabi_dadd
                0x0800015c                __adddf3
                0x080003d4                __floatunsidf
                0x080003d4                __aeabi_ui2d
                0x080003f4                __floatsidf
                0x080003f4                __aeabi_i2d
                0x08000418                __aeabi_f2d
                0x08000418                __extendsfdf2
                0x0800045c                __floatundidf
                0x0800045c                __aeabi_ul2d
                0x0800046c                __floatdidf
                0x0800046c                __aeabi_l2d
 .text          0x080004c8       0x50 c:/arm-none-eabi-gcc/gcc-arm-none-eabi-10.3-2021.10/bin/../lib/gcc/arm-none-eabi/10.3.1/thumb/v7-m/nofp\libgcc.a(_arm_fixdfsi.o)
                0x080004c8                __aeabi_d2iz
                0x080004c8                __fixdfsi
 .text          0x08000518       0xec c:/arm-none-eabi-gcc/gcc-arm-none-eabi-10.3-2021.10/bin/../lib/gcc/arm-none-eabi/10.3.1/../../../../arm-none-eabi/lib/thumb/v7-m/nofp\libg.a(lib_a-memcpy.o)
                0x08000518                memcpy
 .text          0x08000604      0x424 c:/arm-none-eabi-gcc/gcc-arm-none-eabi-10.3-2021.10/bin/../lib/gcc/arm-none-eabi/10.3.1/thumb/v7-m/nofp\libgcc.a(_arm_muldivdf3.o)
                0x08000604                __aeabi_dmul
                0x08000604                __muldf3
                0x08000858                __divdf3
                0x08000858                __aeabi_ddiv
 .text          0x08000a28      0x110 c:/arm-none-eabi-gcc/gcc-arm-none-eabi-10.3-2021.10/bin/../lib/gcc/arm-none-eabi/10.3.1/thumb/v7-m/nofp\libgcc.a(_arm_cmpdf2.o)
                0x08000a28                __gtdf2
                0x08000a28                __gedf2
                0x08000a30                __ltdf2
                0x08000a30                __ledf2
                0x08000a38                __nedf2
                0x08000a38                __eqdf2
                0x08000a38                __cmpdf2
                0x08000ab4                __aeabi_cdrcmple
                0x08000ac4                __aeabi_cdcmpeq
                0x08000ac4                __aeabi_cdcmple
                0x08000ad4                __aeabi_dcmpeq
                0x08000ae8                __aeabi_dcmplt
                0x08000afc                __aeabi_dcmple
                0x08000b10                __aeabi_dcmpge
                0x08000b24                __aeabi_dcmpgt
 .text          0x08000b38       0x2c c:/arm-none-eabi-gcc/gcc-arm-none-eabi-10.3-2021.10/bin/../lib/gcc/arm-none-eabi/10.3.1/thumb/v7-m/nofp\libgcc.a(_arm_unorddf2.o)
                0x08000b38                __unorddf2
                0x08000b38                __aeabi_dcmpun
 .text          0x08000b64       0x30 c:/arm-none-eabi-gcc/gcc-arm-none-eabi-10.3-2021.10/bin/../lib/gcc/arm-none-eabi/10.3.1/thumb/v7-m/nofp\libgcc.a(_aeabi_uldivmod.o)
                0x08000b64                __aeabi_uldivmod
 .text          0x08000b94      0x2d4 c:/arm-none-eabi-gcc/gcc-arm-none-eabi-10.3-2021.10/bin/../lib/gcc/arm-none-eabi/10.3.1/thumb/v7-m/nofp\libgcc.a(_udivmoddi4.o)
                0x08000b94                __udivmoddi4
 .text          0x08000e68        0x4 c:/arm-none-eabi-gcc/gcc-arm-none-eabi-10.3-2021.10/bin/../lib/gcc/arm-none-eabi/10.3.1/thumb/v7-m/nofp\libgcc.a(_dvmd_tls.o)
                0x08000e68                __aeabi_idiv0
                0x08000e68                __aeabi_ldiv0
 *(.text*)
 .text.MX_GPIO_Init
                0x08000e6c       0xac CMakeFiles/Snake.elf.dir/Core/Src/gpio.c.obj
                0x08000e6c                MX_GPIO_Init
 .text.MX_I2C2_Init
                0x08000f18       0x3c CMakeFiles/Snake.elf.dir/Core/Src/i2c.c.obj
                0x08000f18                MX_I2C2_Init
 .text.HAL_I2C_MspInit
                0x08000f54       0x64 CMakeFiles/Snake.elf.dir/Core/Src/i2c.c.obj
                0x08000f54                HAL_I2C_MspInit
 .text.HAL_GPIO_EXTI_Callback
                0x08000fb8       0x34 CMakeFiles/Snake.elf.dir/Core/Src/main.c.obj
                0x08000fb8                HAL_GPIO_EXTI_Callback
 .text.HAL_TIM_PeriodElapsedCallback
                0x08000fec        0xc CMakeFiles/Snake.elf.dir/Core/Src/main.c.obj
                0x08000fec                HAL_TIM_PeriodElapsedCallback
 .text.Error_Handler
                0x08000ff8        0x4 CMakeFiles/Snake.elf.dir/Core/Src/main.c.obj
                0x08000ff8                Error_Handler
 .text.SystemClock_Config
                0x08000ffc       0x64 CMakeFiles/Snake.elf.dir/Core/Src/main.c.obj
                0x08000ffc                SystemClock_Config
 .text.main     0x08001060       0x40 CMakeFiles/Snake.elf.dir/Core/Src/main.c.obj
                0x08001060                main
 .text.OLED_Send
                0x080010a0       0x20 CMakeFiles/Snake.elf.dir/Core/Src/oled.c.obj
                0x080010a0                OLED_Send
 .text.OLED_SendCmd
                0x080010c0       0x14 CMakeFiles/Snake.elf.dir/Core/Src/oled.c.obj
                0x080010c0                OLED_SendCmd
 .text.OLED_NewFrame
                0x080010d4       0x14 CMakeFiles/Snake.elf.dir/Core/Src/oled.c.obj
                0x080010d4                OLED_NewFrame
 .text.OLED_ShowFrame
                0x080010e8       0x4c CMakeFiles/Snake.elf.dir/Core/Src/oled.c.obj
                0x080010e8                OLED_ShowFrame
 .text.OLED_Init
                0x08001134       0xb4 CMakeFiles/Snake.elf.dir/Core/Src/oled.c.obj
                0x08001134                OLED_Init
 .text.OLED_SetPixel
                0x080011e8       0x48 CMakeFiles/Snake.elf.dir/Core/Src/oled.c.obj
                0x080011e8                OLED_SetPixel
 .text.OLED_SetByte_Fine
                0x08001230       0x6c CMakeFiles/Snake.elf.dir/Core/Src/oled.c.obj
                0x08001230                OLED_SetByte_Fine
 .text.OLED_SetBits_Fine
                0x0800129c       0x78 CMakeFiles/Snake.elf.dir/Core/Src/oled.c.obj
                0x0800129c                OLED_SetBits_Fine
 .text.OLED_SetBits
                0x08001314       0x4e CMakeFiles/Snake.elf.dir/Core/Src/oled.c.obj
                0x08001314                OLED_SetBits
 .text.OLED_SetBlock
                0x08001362       0x8c CMakeFiles/Snake.elf.dir/Core/Src/oled.c.obj
                0x08001362                OLED_SetBlock
 *fill*         0x080013ee        0x2 
 .text.OLED_DrawLine
                0x080013f0      0x13c CMakeFiles/Snake.elf.dir/Core/Src/oled.c.obj
                0x080013f0                OLED_DrawLine
 .text.OLED_DrawRectangle
                0x0800152c       0x5a CMakeFiles/Snake.elf.dir/Core/Src/oled.c.obj
                0x0800152c                OLED_DrawRectangle
 .text.OLED_DrawFilledRectangle
                0x08001586       0x3a CMakeFiles/Snake.elf.dir/Core/Src/oled.c.obj
                0x08001586                OLED_DrawFilledRectangle
 .text.OLED_PrintASCIIChar
                0x080015c0       0x2c CMakeFiles/Snake.elf.dir/Core/Src/oled.c.obj
                0x080015c0                OLED_PrintASCIIChar
 .text._OLED_GetUTF8Len
                0x080015ec       0x36 CMakeFiles/Snake.elf.dir/Core/Src/oled.c.obj
                0x080015ec                _OLED_GetUTF8Len
 .text.OLED_PrintString
                0x08001622       0xf0 CMakeFiles/Snake.elf.dir/Core/Src/oled.c.obj
                0x08001622                OLED_PrintString
 *fill*         0x08001712        0x2 
 .text.CreateMap
                0x08001714       0x74 CMakeFiles/Snake.elf.dir/Core/Src/snake.c.obj
                0x08001714                CreateMap
 .text.GenerateFood
                0x08001788       0x78 CMakeFiles/Snake.elf.dir/Core/Src/snake.c.obj
                0x08001788                GenerateFood
 .text.InitSnake
                0x08001800       0x44 CMakeFiles/Snake.elf.dir/Core/Src/snake.c.obj
                0x08001800                InitSnake
 .text.UpdateSnake
                0x08001844      0x100 CMakeFiles/Snake.elf.dir/Core/Src/snake.c.obj
                0x08001844                UpdateSnake
 .text.ChangeDirection
                0x08001944       0x14 CMakeFiles/Snake.elf.dir/Core/Src/snake.c.obj
                0x08001944                ChangeDirection
 .text.PrintData
                0x08001958       0xac CMakeFiles/Snake.elf.dir/Core/Src/snake.c.obj
                0x08001958                PrintData
 .text.HAL_MspInit
                0x08001a04       0x44 CMakeFiles/Snake.elf.dir/Core/Src/stm32f1xx_hal_msp.c.obj
                0x08001a04                HAL_MspInit
 .text.NMI_Handler
                0x08001a48        0x2 CMakeFiles/Snake.elf.dir/Core/Src/stm32f1xx_it.c.obj
                0x08001a48                NMI_Handler
 .text.HardFault_Handler
                0x08001a4a        0x2 CMakeFiles/Snake.elf.dir/Core/Src/stm32f1xx_it.c.obj
                0x08001a4a                HardFault_Handler
 .text.MemManage_Handler
                0x08001a4c        0x2 CMakeFiles/Snake.elf.dir/Core/Src/stm32f1xx_it.c.obj
                0x08001a4c                MemManage_Handler
 .text.BusFault_Handler
                0x08001a4e        0x2 CMakeFiles/Snake.elf.dir/Core/Src/stm32f1xx_it.c.obj
                0x08001a4e                BusFault_Handler
 .text.UsageFault_Handler
                0x08001a50        0x2 CMakeFiles/Snake.elf.dir/Core/Src/stm32f1xx_it.c.obj
                0x08001a50                UsageFault_Handler
 .text.SVC_Handler
                0x08001a52        0x2 CMakeFiles/Snake.elf.dir/Core/Src/stm32f1xx_it.c.obj
                0x08001a52                SVC_Handler
 .text.DebugMon_Handler
                0x08001a54        0x2 CMakeFiles/Snake.elf.dir/Core/Src/stm32f1xx_it.c.obj
                0x08001a54                DebugMon_Handler
 .text.PendSV_Handler
                0x08001a56        0x2 CMakeFiles/Snake.elf.dir/Core/Src/stm32f1xx_it.c.obj
                0x08001a56                PendSV_Handler
 .text.SysTick_Handler
                0x08001a58        0x8 CMakeFiles/Snake.elf.dir/Core/Src/stm32f1xx_it.c.obj
                0x08001a58                SysTick_Handler
 .text.EXTI0_IRQHandler
                0x08001a60        0xa CMakeFiles/Snake.elf.dir/Core/Src/stm32f1xx_it.c.obj
                0x08001a60                EXTI0_IRQHandler
 .text.EXTI1_IRQHandler
                0x08001a6a        0xa CMakeFiles/Snake.elf.dir/Core/Src/stm32f1xx_it.c.obj
                0x08001a6a                EXTI1_IRQHandler
 .text.EXTI2_IRQHandler
                0x08001a74        0xa CMakeFiles/Snake.elf.dir/Core/Src/stm32f1xx_it.c.obj
                0x08001a74                EXTI2_IRQHandler
 .text.EXTI3_IRQHandler
                0x08001a7e        0xa CMakeFiles/Snake.elf.dir/Core/Src/stm32f1xx_it.c.obj
                0x08001a7e                EXTI3_IRQHandler
 .text.TIM4_IRQHandler
                0x08001a88       0x10 CMakeFiles/Snake.elf.dir/Core/Src/stm32f1xx_it.c.obj
                0x08001a88                TIM4_IRQHandler
 .text._getpid  0x08001a98        0x4 CMakeFiles/Snake.elf.dir/Core/Src/syscalls.c.obj
                0x08001a98                _getpid
 .text._kill    0x08001a9c       0x10 CMakeFiles/Snake.elf.dir/Core/Src/syscalls.c.obj
                0x08001a9c                _kill
 .text._exit    0x08001aac        0xc CMakeFiles/Snake.elf.dir/Core/Src/syscalls.c.obj
                0x08001aac                _exit
 .text._read    0x08001ab8       0x20 CMakeFiles/Snake.elf.dir/Core/Src/syscalls.c.obj
                0x08001ab8                _read
 .text._write   0x08001ad8       0x1c CMakeFiles/Snake.elf.dir/Core/Src/syscalls.c.obj
                0x08001ad8                _write
 .text._close   0x08001af4        0x6 CMakeFiles/Snake.elf.dir/Core/Src/syscalls.c.obj
                0x08001af4                _close
 .text._fstat   0x08001afa        0xa CMakeFiles/Snake.elf.dir/Core/Src/syscalls.c.obj
                0x08001afa                _fstat
 .text._isatty  0x08001b04        0x4 CMakeFiles/Snake.elf.dir/Core/Src/syscalls.c.obj
                0x08001b04                _isatty
 .text._lseek   0x08001b08        0x4 CMakeFiles/Snake.elf.dir/Core/Src/syscalls.c.obj
                0x08001b08                _lseek
 .text._sbrk    0x08001b0c       0x48 CMakeFiles/Snake.elf.dir/Core/Src/sysmem.c.obj
                0x08001b0c                _sbrk
 .text.SystemInit
                0x08001b54        0x2 CMakeFiles/Snake.elf.dir/Core/Src/system_stm32f1xx.c.obj
                0x08001b54                SystemInit
 *fill*         0x08001b56        0x2 
 .text.MX_TIM3_Init
                0x08001b58       0x74 CMakeFiles/Snake.elf.dir/Core/Src/tim.c.obj
                0x08001b58                MX_TIM3_Init
 .text.MX_TIM4_Init
                0x08001bcc       0x70 CMakeFiles/Snake.elf.dir/Core/Src/tim.c.obj
                0x08001bcc                MX_TIM4_Init
 .text.HAL_TIM_Base_MspInit
                0x08001c3c       0x60 CMakeFiles/Snake.elf.dir/Core/Src/tim.c.obj
                0x08001c3c                HAL_TIM_Base_MspInit
 .text.Reset_Handler
                0x08001c9c       0x48 CMakeFiles/Snake.elf.dir/Core/Startup/startup_stm32f103c8tx.s.obj
                0x08001c9c                Reset_Handler
 .text.Default_Handler
                0x08001ce4        0x2 CMakeFiles/Snake.elf.dir/Core/Startup/startup_stm32f103c8tx.s.obj
                0x08001ce4                RTC_Alarm_IRQHandler
                0x08001ce4                TIM1_CC_IRQHandler
                0x08001ce4                PVD_IRQHandler
                0x08001ce4                I2C2_EV_IRQHandler
                0x08001ce4                ADC1_2_IRQHandler
                0x08001ce4                SPI1_IRQHandler
                0x08001ce4                TAMPER_IRQHandler
                0x08001ce4                DMA1_Channel4_IRQHandler
                0x08001ce4                USART3_IRQHandler
                0x08001ce4                RTC_IRQHandler
                0x08001ce4                DMA1_Channel7_IRQHandler
                0x08001ce4                CAN1_RX1_IRQHandler
                0x08001ce4                I2C1_EV_IRQHandler
                0x08001ce4                DMA1_Channel6_IRQHandler
                0x08001ce4                TIM3_IRQHandler
                0x08001ce4                RCC_IRQHandler
                0x08001ce4                TIM1_TRG_COM_IRQHandler
                0x08001ce4                DMA1_Channel1_IRQHandler
                0x08001ce4                Default_Handler
                0x08001ce4                EXTI15_10_IRQHandler
                0x08001ce4                EXTI9_5_IRQHandler
                0x08001ce4                SPI2_IRQHandler
                0x08001ce4                DMA1_Channel5_IRQHandler
                0x08001ce4                EXTI4_IRQHandler
                0x08001ce4                USB_LP_CAN1_RX0_IRQHandler
                0x08001ce4                USB_HP_CAN1_TX_IRQHandler
                0x08001ce4                DMA1_Channel3_IRQHandler
                0x08001ce4                TIM1_UP_IRQHandler
                0x08001ce4                WWDG_IRQHandler
                0x08001ce4                TIM2_IRQHandler
                0x08001ce4                TIM1_BRK_IRQHandler
                0x08001ce4                USART2_IRQHandler
                0x08001ce4                I2C2_ER_IRQHandler
                0x08001ce4                DMA1_Channel2_IRQHandler
                0x08001ce4                CAN1_SCE_IRQHandler
                0x08001ce4                FLASH_IRQHandler
                0x08001ce4                USART1_IRQHandler
                0x08001ce4                I2C1_ER_IRQHandler
                0x08001ce4                USBWakeUp_IRQHandler
 *fill*         0x08001ce6        0x2 
 .text.HAL_InitTick
                0x08001ce8       0x4c CMakeFiles/Snake.elf.dir/Drivers/STM32F1xx_HAL_Driver/Src/stm32f1xx_hal.c.obj
                0x08001ce8                HAL_InitTick
 .text.HAL_Init
                0x08001d34       0x24 CMakeFiles/Snake.elf.dir/Drivers/STM32F1xx_HAL_Driver/Src/stm32f1xx_hal.c.obj
                0x08001d34                HAL_Init
 .text.HAL_IncTick
                0x08001d58       0x18 CMakeFiles/Snake.elf.dir/Drivers/STM32F1xx_HAL_Driver/Src/stm32f1xx_hal.c.obj
                0x08001d58                HAL_IncTick
 .text.HAL_GetTick
                0x08001d70        0xc CMakeFiles/Snake.elf.dir/Drivers/STM32F1xx_HAL_Driver/Src/stm32f1xx_hal.c.obj
                0x08001d70                HAL_GetTick
 .text.HAL_Delay
                0x08001d7c       0x28 CMakeFiles/Snake.elf.dir/Drivers/STM32F1xx_HAL_Driver/Src/stm32f1xx_hal.c.obj
                0x08001d7c                HAL_Delay
 .text.HAL_NVIC_SetPriorityGrouping
                0x08001da4       0x24 CMakeFiles/Snake.elf.dir/Drivers/STM32F1xx_HAL_Driver/Src/stm32f1xx_hal_cortex.c.obj
                0x08001da4                HAL_NVIC_SetPriorityGrouping
 .text.HAL_NVIC_SetPriority
                0x08001dc8       0x70 CMakeFiles/Snake.elf.dir/Drivers/STM32F1xx_HAL_Driver/Src/stm32f1xx_hal_cortex.c.obj
                0x08001dc8                HAL_NVIC_SetPriority
 .text.HAL_NVIC_EnableIRQ
                0x08001e38       0x1c CMakeFiles/Snake.elf.dir/Drivers/STM32F1xx_HAL_Driver/Src/stm32f1xx_hal_cortex.c.obj
                0x08001e38                HAL_NVIC_EnableIRQ
 .text.HAL_SYSTICK_Config
                0x08001e54       0x28 CMakeFiles/Snake.elf.dir/Drivers/STM32F1xx_HAL_Driver/Src/stm32f1xx_hal_cortex.c.obj
                0x08001e54                HAL_SYSTICK_Config
 .text.HAL_GPIO_Init
                0x08001e7c      0x224 CMakeFiles/Snake.elf.dir/Drivers/STM32F1xx_HAL_Driver/Src/stm32f1xx_hal_gpio.c.obj
                0x08001e7c                HAL_GPIO_Init
 .text.HAL_GPIO_EXTI_IRQHandler
                0x080020a0       0x1c CMakeFiles/Snake.elf.dir/Drivers/STM32F1xx_HAL_Driver/Src/stm32f1xx_hal_gpio.c.obj
                0x080020a0                HAL_GPIO_EXTI_IRQHandler
 .text.I2C_IsAcknowledgeFailed
                0x080020bc       0x32 CMakeFiles/Snake.elf.dir/Drivers/STM32F1xx_HAL_Driver/Src/stm32f1xx_hal_i2c.c.obj
 .text.I2C_WaitOnFlagUntilTimeout
                0x080020ee       0xaa CMakeFiles/Snake.elf.dir/Drivers/STM32F1xx_HAL_Driver/Src/stm32f1xx_hal_i2c.c.obj
 .text.I2C_WaitOnMasterAddressFlagUntilTimeout
                0x08002198       0xd6 CMakeFiles/Snake.elf.dir/Drivers/STM32F1xx_HAL_Driver/Src/stm32f1xx_hal_i2c.c.obj
 *fill*         0x0800226e        0x2 
 .text.I2C_MasterRequestWrite
                0x08002270       0xb4 CMakeFiles/Snake.elf.dir/Drivers/STM32F1xx_HAL_Driver/Src/stm32f1xx_hal_i2c.c.obj
 .text.I2C_WaitOnTXEFlagUntilTimeout
                0x08002324       0x5e CMakeFiles/Snake.elf.dir/Drivers/STM32F1xx_HAL_Driver/Src/stm32f1xx_hal_i2c.c.obj
 .text.I2C_WaitOnBTFFlagUntilTimeout
                0x08002382       0x5e CMakeFiles/Snake.elf.dir/Drivers/STM32F1xx_HAL_Driver/Src/stm32f1xx_hal_i2c.c.obj
 .text.HAL_I2C_Init
                0x080023e0      0x1bc CMakeFiles/Snake.elf.dir/Drivers/STM32F1xx_HAL_Driver/Src/stm32f1xx_hal_i2c.c.obj
                0x080023e0                HAL_I2C_Init
 .text.HAL_I2C_Master_Transmit
                0x0800259c      0x178 CMakeFiles/Snake.elf.dir/Drivers/STM32F1xx_HAL_Driver/Src/stm32f1xx_hal_i2c.c.obj
                0x0800259c                HAL_I2C_Master_Transmit
 .text.RCC_Delay
                0x08002714       0x2c CMakeFiles/Snake.elf.dir/Drivers/STM32F1xx_HAL_Driver/Src/stm32f1xx_hal_rcc.c.obj
 .text.HAL_RCC_OscConfig
                0x08002740      0x410 CMakeFiles/Snake.elf.dir/Drivers/STM32F1xx_HAL_Driver/Src/stm32f1xx_hal_rcc.c.obj
                0x08002740                HAL_RCC_OscConfig
 .text.HAL_RCC_GetSysClockFreq
                0x08002b50       0x54 CMakeFiles/Snake.elf.dir/Drivers/STM32F1xx_HAL_Driver/Src/stm32f1xx_hal_rcc.c.obj
                0x08002b50                HAL_RCC_GetSysClockFreq
 .text.HAL_RCC_ClockConfig
                0x08002ba4      0x16c CMakeFiles/Snake.elf.dir/Drivers/STM32F1xx_HAL_Driver/Src/stm32f1xx_hal_rcc.c.obj
                0x08002ba4                HAL_RCC_ClockConfig
 .text.HAL_RCC_GetHCLKFreq
                0x08002d10        0xc CMakeFiles/Snake.elf.dir/Drivers/STM32F1xx_HAL_Driver/Src/stm32f1xx_hal_rcc.c.obj
                0x08002d10                HAL_RCC_GetHCLKFreq
 .text.HAL_RCC_GetPCLK1Freq
                0x08002d1c       0x20 CMakeFiles/Snake.elf.dir/Drivers/STM32F1xx_HAL_Driver/Src/stm32f1xx_hal_rcc.c.obj
                0x08002d1c                HAL_RCC_GetPCLK1Freq
 .text.TIM_TI1_ConfigInputStage
                0x08002d3c       0x24 CMakeFiles/Snake.elf.dir/Drivers/STM32F1xx_HAL_Driver/Src/stm32f1xx_hal_tim.c.obj
 .text.TIM_TI2_ConfigInputStage
                0x08002d60       0x26 CMakeFiles/Snake.elf.dir/Drivers/STM32F1xx_HAL_Driver/Src/stm32f1xx_hal_tim.c.obj
 .text.TIM_ITRx_SetConfig
                0x08002d86       0x10 CMakeFiles/Snake.elf.dir/Drivers/STM32F1xx_HAL_Driver/Src/stm32f1xx_hal_tim.c.obj
 *fill*         0x08002d96        0x2 
 .text.HAL_TIM_Base_Start
                0x08002d98       0x5c CMakeFiles/Snake.elf.dir/Drivers/STM32F1xx_HAL_Driver/Src/stm32f1xx_hal_tim.c.obj
                0x08002d98                HAL_TIM_Base_Start
 .text.HAL_TIM_Base_Start_IT
                0x08002df4       0x68 CMakeFiles/Snake.elf.dir/Drivers/STM32F1xx_HAL_Driver/Src/stm32f1xx_hal_tim.c.obj
                0x08002df4                HAL_TIM_Base_Start_IT
 .text.HAL_TIM_OC_DelayElapsedCallback
                0x08002e5c        0x2 CMakeFiles/Snake.elf.dir/Drivers/STM32F1xx_HAL_Driver/Src/stm32f1xx_hal_tim.c.obj
                0x08002e5c                HAL_TIM_OC_DelayElapsedCallback
 .text.HAL_TIM_IC_CaptureCallback
                0x08002e5e        0x2 CMakeFiles/Snake.elf.dir/Drivers/STM32F1xx_HAL_Driver/Src/stm32f1xx_hal_tim.c.obj
                0x08002e5e                HAL_TIM_IC_CaptureCallback
 .text.HAL_TIM_PWM_PulseFinishedCallback
                0x08002e60        0x2 CMakeFiles/Snake.elf.dir/Drivers/STM32F1xx_HAL_Driver/Src/stm32f1xx_hal_tim.c.obj
                0x08002e60                HAL_TIM_PWM_PulseFinishedCallback
 .text.HAL_TIM_TriggerCallback
                0x08002e62        0x2 CMakeFiles/Snake.elf.dir/Drivers/STM32F1xx_HAL_Driver/Src/stm32f1xx_hal_tim.c.obj
                0x08002e62                HAL_TIM_TriggerCallback
 .text.HAL_TIM_IRQHandler
                0x08002e64      0x17a CMakeFiles/Snake.elf.dir/Drivers/STM32F1xx_HAL_Driver/Src/stm32f1xx_hal_tim.c.obj
                0x08002e64                HAL_TIM_IRQHandler
 *fill*         0x08002fde        0x2 
 .text.TIM_Base_SetConfig
                0x08002fe0       0x74 CMakeFiles/Snake.elf.dir/Drivers/STM32F1xx_HAL_Driver/Src/stm32f1xx_hal_tim.c.obj
                0x08002fe0                TIM_Base_SetConfig
 .text.HAL_TIM_Base_Init
                0x08003054       0x58 CMakeFiles/Snake.elf.dir/Drivers/STM32F1xx_HAL_Driver/Src/stm32f1xx_hal_tim.c.obj
                0x08003054                HAL_TIM_Base_Init
 .text.TIM_ETR_SetConfig
                0x080030ac       0x18 CMakeFiles/Snake.elf.dir/Drivers/STM32F1xx_HAL_Driver/Src/stm32f1xx_hal_tim.c.obj
                0x080030ac                TIM_ETR_SetConfig
 .text.HAL_TIM_ConfigClockSource
                0x080030c4       0xfe CMakeFiles/Snake.elf.dir/Drivers/STM32F1xx_HAL_Driver/Src/stm32f1xx_hal_tim.c.obj
                0x080030c4                HAL_TIM_ConfigClockSource
 *fill*         0x080031c2        0x2 
 .text.HAL_TIMEx_MasterConfigSynchronization
                0x080031c4       0x6c CMakeFiles/Snake.elf.dir/Drivers/STM32F1xx_HAL_Driver/Src/stm32f1xx_hal_tim_ex.c.obj
                0x080031c4                HAL_TIMEx_MasterConfigSynchronization
 .text.HAL_TIMEx_CommutCallback
                0x08003230        0x2 CMakeFiles/Snake.elf.dir/Drivers/STM32F1xx_HAL_Driver/Src/stm32f1xx_hal_tim_ex.c.obj
                0x08003230                HAL_TIMEx_CommutCallback
 .text.HAL_TIMEx_BreakCallback
                0x08003232        0x2 CMakeFiles/Snake.elf.dir/Drivers/STM32F1xx_HAL_Driver/Src/stm32f1xx_hal_tim_ex.c.obj
                0x08003232                HAL_TIMEx_BreakCallback
 .text.__errno  0x08003234        0xc c:/arm-none-eabi-gcc/gcc-arm-none-eabi-10.3-2021.10/bin/../lib/gcc/arm-none-eabi/10.3.1/../../../../arm-none-eabi/lib/thumb/v7-m/nofp\libg.a(lib_a-errno.o)
                0x08003234                __errno
 .text.__libc_init_array
                0x08003240       0x48 c:/arm-none-eabi-gcc/gcc-arm-none-eabi-10.3-2021.10/bin/../lib/gcc/arm-none-eabi/10.3.1/../../../../arm-none-eabi/lib/thumb/v7-m/nofp\libg.a(lib_a-init.o)
                0x08003240                __libc_init_array
 .text.memcmp   0x08003288       0x68 c:/arm-none-eabi-gcc/gcc-arm-none-eabi-10.3-2021.10/bin/../lib/gcc/arm-none-eabi/10.3.1/../../../../arm-none-eabi/lib/thumb/v7-m/nofp\libg.a(lib_a-memcmp.o)
                0x08003288                memcmp
 .text.memset   0x080032f0       0xa4 c:/arm-none-eabi-gcc/gcc-arm-none-eabi-10.3-2021.10/bin/../lib/gcc/arm-none-eabi/10.3.1/../../../../arm-none-eabi/lib/thumb/v7-m/nofp\libg.a(lib_a-memset.o)
                0x080032f0                memset
 .text.srand    0x08003394       0x10 c:/arm-none-eabi-gcc/gcc-arm-none-eabi-10.3-2021.10/bin/../lib/gcc/arm-none-eabi/10.3.1/../../../../arm-none-eabi/lib/thumb/v7-m/nofp\libg.a(lib_a-rand.o)
                0x08003394                srand
 .text.rand     0x080033a4       0x38 c:/arm-none-eabi-gcc/gcc-arm-none-eabi-10.3-2021.10/bin/../lib/gcc/arm-none-eabi/10.3.1/../../../../arm-none-eabi/lib/thumb/v7-m/nofp\libg.a(lib_a-rand.o)
                0x080033a4                rand
 .text.sprintf  0x080033dc       0x44 c:/arm-none-eabi-gcc/gcc-arm-none-eabi-10.3-2021.10/bin/../lib/gcc/arm-none-eabi/10.3.1/../../../../arm-none-eabi/lib/thumb/v7-m/nofp\libg.a(lib_a-sprintf.o)
                0x080033dc                sprintf
 .text._svfprintf_r
                0x08003420     0x1aa4 c:/arm-none-eabi-gcc/gcc-arm-none-eabi-10.3-2021.10/bin/../lib/gcc/arm-none-eabi/10.3.1/../../../../arm-none-eabi/lib/thumb/v7-m/nofp\libg.a(lib_a-svfprintf.o)
                0x08003420                _svfprintf_r
 .text.startup.register_fini
                0x08004ec4       0x14 c:/arm-none-eabi-gcc/gcc-arm-none-eabi-10.3-2021.10/bin/../lib/gcc/arm-none-eabi/10.3.1/../../../../arm-none-eabi/lib/thumb/v7-m/nofp\libg.a(lib_a-__call_atexit.o)
 .text.atexit   0x08004ed8        0xc c:/arm-none-eabi-gcc/gcc-arm-none-eabi-10.3-2021.10/bin/../lib/gcc/arm-none-eabi/10.3.1/../../../../arm-none-eabi/lib/thumb/v7-m/nofp\libg.a(lib_a-atexit.o)
                0x08004ed8                atexit
 .text.quorem   0x08004ee4      0x12c c:/arm-none-eabi-gcc/gcc-arm-none-eabi-10.3-2021.10/bin/../lib/gcc/arm-none-eabi/10.3.1/../../../../arm-none-eabi/lib/thumb/v7-m/nofp\libg.a(lib_a-dtoa.o)
 .text._dtoa_r  0x08005010      0xecc c:/arm-none-eabi-gcc/gcc-arm-none-eabi-10.3-2021.10/bin/../lib/gcc/arm-none-eabi/10.3.1/../../../../arm-none-eabi/lib/thumb/v7-m/nofp\libg.a(lib_a-dtoa.o)
                0x08005010                _dtoa_r
 .text.__libc_fini_array
                0x08005edc       0x2c c:/arm-none-eabi-gcc/gcc-arm-none-eabi-10.3-2021.10/bin/../lib/gcc/arm-none-eabi/10.3.1/../../../../arm-none-eabi/lib/thumb/v7-m/nofp\libg.a(lib_a-fini.o)
                0x08005edc                __libc_fini_array
 .text._malloc_trim_r
                0x08005f08       0xa0 c:/arm-none-eabi-gcc/gcc-arm-none-eabi-10.3-2021.10/bin/../lib/gcc/arm-none-eabi/10.3.1/../../../../arm-none-eabi/lib/thumb/v7-m/nofp\libg.a(lib_a-freer.o)
                0x08005f08                _malloc_trim_r
 .text._free_r  0x08005fa8      0x200 c:/arm-none-eabi-gcc/gcc-arm-none-eabi-10.3-2021.10/bin/../lib/gcc/arm-none-eabi/10.3.1/../../../../arm-none-eabi/lib/thumb/v7-m/nofp\libg.a(lib_a-freer.o)
                0x08005fa8                _free_r
 .text._localeconv_r
                0x080061a8        0x8 c:/arm-none-eabi-gcc/gcc-arm-none-eabi-10.3-2021.10/bin/../lib/gcc/arm-none-eabi/10.3.1/../../../../arm-none-eabi/lib/thumb/v7-m/nofp\libg.a(lib_a-localeconv.o)
                0x080061a8                _localeconv_r
 .text.__retarget_lock_init_recursive
                0x080061b0        0x4 c:/arm-none-eabi-gcc/gcc-arm-none-eabi-10.3-2021.10/bin/../lib/gcc/arm-none-eabi/10.3.1/../../../../arm-none-eabi/lib/thumb/v7-m/nofp\libg.a(lib_a-lock.o)
                0x080061b0                __retarget_lock_init_recursive
 .text.__retarget_lock_close_recursive
                0x080061b4        0x4 c:/arm-none-eabi-gcc/gcc-arm-none-eabi-10.3-2021.10/bin/../lib/gcc/arm-none-eabi/10.3.1/../../../../arm-none-eabi/lib/thumb/v7-m/nofp\libg.a(lib_a-lock.o)
                0x080061b4                __retarget_lock_close_recursive
 .text.__retarget_lock_acquire_recursive
                0x080061b8        0x4 c:/arm-none-eabi-gcc/gcc-arm-none-eabi-10.3-2021.10/bin/../lib/gcc/arm-none-eabi/10.3.1/../../../../arm-none-eabi/lib/thumb/v7-m/nofp\libg.a(lib_a-lock.o)
                0x080061b8                __retarget_lock_acquire_recursive
 .text.__retarget_lock_release_recursive
                0x080061bc        0x4 c:/arm-none-eabi-gcc/gcc-arm-none-eabi-10.3-2021.10/bin/../lib/gcc/arm-none-eabi/10.3.1/../../../../arm-none-eabi/lib/thumb/v7-m/nofp\libg.a(lib_a-lock.o)
                0x080061bc                __retarget_lock_release_recursive
 .text._malloc_r
                0x080061c0      0x558 c:/arm-none-eabi-gcc/gcc-arm-none-eabi-10.3-2021.10/bin/../lib/gcc/arm-none-eabi/10.3.1/../../../../arm-none-eabi/lib/thumb/v7-m/nofp\libg.a(lib_a-mallocr.o)
                0x080061c0                _malloc_r
 .text.memchr   0x08006718       0x90 c:/arm-none-eabi-gcc/gcc-arm-none-eabi-10.3-2021.10/bin/../lib/gcc/arm-none-eabi/10.3.1/../../../../arm-none-eabi/lib/thumb/v7-m/nofp\libg.a(lib_a-memchr-stub.o)
                0x08006718                memchr
 .text.__malloc_lock
                0x080067a8        0xc c:/arm-none-eabi-gcc/gcc-arm-none-eabi-10.3-2021.10/bin/../lib/gcc/arm-none-eabi/10.3.1/../../../../arm-none-eabi/lib/thumb/v7-m/nofp\libg.a(lib_a-mlock.o)
                0x080067a8                __malloc_lock
 .text.__malloc_unlock
                0x080067b4        0xc c:/arm-none-eabi-gcc/gcc-arm-none-eabi-10.3-2021.10/bin/../lib/gcc/arm-none-eabi/10.3.1/../../../../arm-none-eabi/lib/thumb/v7-m/nofp\libg.a(lib_a-mlock.o)
                0x080067b4                __malloc_unlock
 .text._Balloc  0x080067c0       0x4c c:/arm-none-eabi-gcc/gcc-arm-none-eabi-10.3-2021.10/bin/../lib/gcc/arm-none-eabi/10.3.1/../../../../arm-none-eabi/lib/thumb/v7-m/nofp\libg.a(lib_a-mprec.o)
                0x080067c0                _Balloc
 .text._Bfree   0x0800680c       0x14 c:/arm-none-eabi-gcc/gcc-arm-none-eabi-10.3-2021.10/bin/../lib/gcc/arm-none-eabi/10.3.1/../../../../arm-none-eabi/lib/thumb/v7-m/nofp\libg.a(lib_a-mprec.o)
                0x0800680c                _Bfree
 .text.__multadd
                0x08006820       0xa4 c:/arm-none-eabi-gcc/gcc-arm-none-eabi-10.3-2021.10/bin/../lib/gcc/arm-none-eabi/10.3.1/../../../../arm-none-eabi/lib/thumb/v7-m/nofp\libg.a(lib_a-mprec.o)
                0x08006820                __multadd
 .text.__hi0bits
                0x080068c4       0x40 c:/arm-none-eabi-gcc/gcc-arm-none-eabi-10.3-2021.10/bin/../lib/gcc/arm-none-eabi/10.3.1/../../../../arm-none-eabi/lib/thumb/v7-m/nofp\libg.a(lib_a-mprec.o)
                0x080068c4                __hi0bits
 .text.__lo0bits
                0x08006904       0x58 c:/arm-none-eabi-gcc/gcc-arm-none-eabi-10.3-2021.10/bin/../lib/gcc/arm-none-eabi/10.3.1/../../../../arm-none-eabi/lib/thumb/v7-m/nofp\libg.a(lib_a-mprec.o)
                0x08006904                __lo0bits
 .text.__i2b    0x0800695c       0x5c c:/arm-none-eabi-gcc/gcc-arm-none-eabi-10.3-2021.10/bin/../lib/gcc/arm-none-eabi/10.3.1/../../../../arm-none-eabi/lib/thumb/v7-m/nofp\libg.a(lib_a-mprec.o)
                0x0800695c                __i2b
 .text.__multiply
                0x080069b8      0x15c c:/arm-none-eabi-gcc/gcc-arm-none-eabi-10.3-2021.10/bin/../lib/gcc/arm-none-eabi/10.3.1/../../../../arm-none-eabi/lib/thumb/v7-m/nofp\libg.a(lib_a-mprec.o)
                0x080069b8                __multiply
 .text.__pow5mult
                0x08006b14       0xb8 c:/arm-none-eabi-gcc/gcc-arm-none-eabi-10.3-2021.10/bin/../lib/gcc/arm-none-eabi/10.3.1/../../../../arm-none-eabi/lib/thumb/v7-m/nofp\libg.a(lib_a-mprec.o)
                0x08006b14                __pow5mult
 .text.__lshift
                0x08006bcc       0xec c:/arm-none-eabi-gcc/gcc-arm-none-eabi-10.3-2021.10/bin/../lib/gcc/arm-none-eabi/10.3.1/../../../../arm-none-eabi/lib/thumb/v7-m/nofp\libg.a(lib_a-mprec.o)
                0x08006bcc                __lshift
 .text.__mcmp   0x08006cb8       0x40 c:/arm-none-eabi-gcc/gcc-arm-none-eabi-10.3-2021.10/bin/../lib/gcc/arm-none-eabi/10.3.1/../../../../arm-none-eabi/lib/thumb/v7-m/nofp\libg.a(lib_a-mprec.o)
                0x08006cb8                __mcmp
 .text.__mdiff  0x08006cf8      0x14c c:/arm-none-eabi-gcc/gcc-arm-none-eabi-10.3-2021.10/bin/../lib/gcc/arm-none-eabi/10.3.1/../../../../arm-none-eabi/lib/thumb/v7-m/nofp\libg.a(lib_a-mprec.o)
                0x08006cf8                __mdiff
 .text.__d2b    0x08006e44       0xc4 c:/arm-none-eabi-gcc/gcc-arm-none-eabi-10.3-2021.10/bin/../lib/gcc/arm-none-eabi/10.3.1/../../../../arm-none-eabi/lib/thumb/v7-m/nofp\libg.a(lib_a-mprec.o)
                0x08006e44                __d2b
 .text.frexp    0x08006f08       0x70 c:/arm-none-eabi-gcc/gcc-arm-none-eabi-10.3-2021.10/bin/../lib/gcc/arm-none-eabi/10.3.1/../../../../arm-none-eabi/lib/thumb/v7-m/nofp\libg.a(lib_a-s_frexp.o)
                0x08006f08                frexp
 .text._sbrk_r  0x08006f78       0x24 c:/arm-none-eabi-gcc/gcc-arm-none-eabi-10.3-2021.10/bin/../lib/gcc/arm-none-eabi/10.3.1/../../../../arm-none-eabi/lib/thumb/v7-m/nofp\libg.a(lib_a-sbrkr.o)
                0x08006f78                _sbrk_r
 .text.strlen   0x08006f9c       0x5c c:/arm-none-eabi-gcc/gcc-arm-none-eabi-10.3-2021.10/bin/../lib/gcc/arm-none-eabi/10.3.1/../../../../arm-none-eabi/lib/thumb/v7-m/nofp\libg.a(lib_a-strlen-stub.o)
                0x08006f9c                strlen
 .text.strncpy  0x08006ff8       0x68 c:/arm-none-eabi-gcc/gcc-arm-none-eabi-10.3-2021.10/bin/../lib/gcc/arm-none-eabi/10.3.1/../../../../arm-none-eabi/lib/thumb/v7-m/nofp\libg.a(lib_a-strncpy.o)
                0x08006ff8                strncpy
 .text.__ssprint_r
                0x08007060       0xfc c:/arm-none-eabi-gcc/gcc-arm-none-eabi-10.3-2021.10/bin/../lib/gcc/arm-none-eabi/10.3.1/../../../../arm-none-eabi/lib/thumb/v7-m/nofp\libg.a(lib_a-svfiprintf.o)
                0x08007060                __ssprint_r
 .text.__register_exitproc
                0x0800715c       0x8c c:/arm-none-eabi-gcc/gcc-arm-none-eabi-10.3-2021.10/bin/../lib/gcc/arm-none-eabi/10.3.1/../../../../arm-none-eabi/lib/thumb/v7-m/nofp\libg.a(lib_a-__atexit.o)
                0x0800715c                __register_exitproc
 .text.__assert_func
                0x080071e8       0x40 c:/arm-none-eabi-gcc/gcc-arm-none-eabi-10.3-2021.10/bin/../lib/gcc/arm-none-eabi/10.3.1/../../../../arm-none-eabi/lib/thumb/v7-m/nofp\libg.a(lib_a-assert.o)
                0x080071e8                __assert_func
 .text._calloc_r
                0x08007228       0x78 c:/arm-none-eabi-gcc/gcc-arm-none-eabi-10.3-2021.10/bin/../lib/gcc/arm-none-eabi/10.3.1/../../../../arm-none-eabi/lib/thumb/v7-m/nofp\libg.a(lib_a-callocr.o)
                0x08007228                _calloc_r
 .text.fiprintf
                0x080072a0       0x28 c:/arm-none-eabi-gcc/gcc-arm-none-eabi-10.3-2021.10/bin/../lib/gcc/arm-none-eabi/10.3.1/../../../../arm-none-eabi/lib/thumb/v7-m/nofp\libg.a(lib_a-fiprintf.o)
                0x080072a0                fiprintf
 .text.__locale_mb_cur_max
                0x080072c8        0xc c:/arm-none-eabi-gcc/gcc-arm-none-eabi-10.3-2021.10/bin/../lib/gcc/arm-none-eabi/10.3.1/../../../../arm-none-eabi/lib/thumb/v7-m/nofp\libg.a(lib_a-locale.o)
                0x080072c8                __locale_mb_cur_max
 .text.__ascii_mbtowc
                0x080072d4       0x2c c:/arm-none-eabi-gcc/gcc-arm-none-eabi-10.3-2021.10/bin/../lib/gcc/arm-none-eabi/10.3.1/../../../../arm-none-eabi/lib/thumb/v7-m/nofp\libg.a(lib_a-mbtowc_r.o)
                0x080072d4                __ascii_mbtowc
 .text.memmove  0x08007300       0xf8 c:/arm-none-eabi-gcc/gcc-arm-none-eabi-10.3-2021.10/bin/../lib/gcc/arm-none-eabi/10.3.1/../../../../arm-none-eabi/lib/thumb/v7-m/nofp\libg.a(lib_a-memmove.o)
                0x08007300                memmove
 .text._realloc_r
                0x080073f8      0x3dc c:/arm-none-eabi-gcc/gcc-arm-none-eabi-10.3-2021.10/bin/../lib/gcc/arm-none-eabi/10.3.1/../../../../arm-none-eabi/lib/thumb/v7-m/nofp\libg.a(lib_a-reallocr.o)
                0x080073f8                _realloc_r
 .text.__sprint_r.part.0
                0x080077d4       0x78 c:/arm-none-eabi-gcc/gcc-arm-none-eabi-10.3-2021.10/bin/../lib/gcc/arm-none-eabi/10.3.1/../../../../arm-none-eabi/lib/thumb/v7-m/nofp\libg.a(lib_a-vfiprintf.o)
 .text._vfiprintf_r
                0x0800784c      0xd98 c:/arm-none-eabi-gcc/gcc-arm-none-eabi-10.3-2021.10/bin/../lib/gcc/arm-none-eabi/10.3.1/../../../../arm-none-eabi/lib/thumb/v7-m/nofp\libg.a(lib_a-vfiprintf.o)
                0x0800784c                _vfiprintf_r
 .text.__sbprintf
                0x080085e4       0x84 c:/arm-none-eabi-gcc/gcc-arm-none-eabi-10.3-2021.10/bin/../lib/gcc/arm-none-eabi/10.3.1/../../../../arm-none-eabi/lib/thumb/v7-m/nofp\libg.a(lib_a-vfiprintf.o)
 .text.__ascii_wctomb
                0x08008668       0x1c c:/arm-none-eabi-gcc/gcc-arm-none-eabi-10.3-2021.10/bin/../lib/gcc/arm-none-eabi/10.3.1/../../../../arm-none-eabi/lib/thumb/v7-m/nofp\libg.a(lib_a-wctomb_r.o)
                0x08008668                __ascii_wctomb
 .text.__swsetup_r
                0x08008684       0xd4 c:/arm-none-eabi-gcc/gcc-arm-none-eabi-10.3-2021.10/bin/../lib/gcc/arm-none-eabi/10.3.1/../../../../arm-none-eabi/lib/thumb/v7-m/nofp\libg.a(lib_a-wsetup.o)
                0x08008684                __swsetup_r
 .text.abort    0x08008758       0x10 c:/arm-none-eabi-gcc/gcc-arm-none-eabi-10.3-2021.10/bin/../lib/gcc/arm-none-eabi/10.3.1/../../../../arm-none-eabi/lib/thumb/v7-m/nofp\libg.a(lib_a-abort.o)
                0x08008758                abort
 .text.__sflush_r
                0x08008768      0x124 c:/arm-none-eabi-gcc/gcc-arm-none-eabi-10.3-2021.10/bin/../lib/gcc/arm-none-eabi/10.3.1/../../../../arm-none-eabi/lib/thumb/v7-m/nofp\libg.a(lib_a-fflush.o)
                0x08008768                __sflush_r
 .text._fflush_r
                0x0800888c       0x5c c:/arm-none-eabi-gcc/gcc-arm-none-eabi-10.3-2021.10/bin/../lib/gcc/arm-none-eabi/10.3.1/../../../../arm-none-eabi/lib/thumb/v7-m/nofp\libg.a(lib_a-fflush.o)
                0x0800888c                _fflush_r
 .text._cleanup_r
                0x080088e8        0xc c:/arm-none-eabi-gcc/gcc-arm-none-eabi-10.3-2021.10/bin/../lib/gcc/arm-none-eabi/10.3.1/../../../../arm-none-eabi/lib/thumb/v7-m/nofp\libg.a(lib_a-findfp.o)
                0x080088e8                _cleanup_r
 .text.__sinit  0x080088f4      0x10c c:/arm-none-eabi-gcc/gcc-arm-none-eabi-10.3-2021.10/bin/../lib/gcc/arm-none-eabi/10.3.1/../../../../arm-none-eabi/lib/thumb/v7-m/nofp\libg.a(lib_a-findfp.o)
                0x080088f4                __sinit
 .text.__sfp_lock_acquire
                0x08008a00        0xc c:/arm-none-eabi-gcc/gcc-arm-none-eabi-10.3-2021.10/bin/../lib/gcc/arm-none-eabi/10.3.1/../../../../arm-none-eabi/lib/thumb/v7-m/nofp\libg.a(lib_a-findfp.o)
                0x08008a00                __sfp_lock_acquire
 .text.__sfp_lock_release
                0x08008a0c        0xc c:/arm-none-eabi-gcc/gcc-arm-none-eabi-10.3-2021.10/bin/../lib/gcc/arm-none-eabi/10.3.1/../../../../arm-none-eabi/lib/thumb/v7-m/nofp\libg.a(lib_a-findfp.o)
                0x08008a0c                __sfp_lock_release
 .text.__fputwc
                0x08008a18       0xa0 c:/arm-none-eabi-gcc/gcc-arm-none-eabi-10.3-2021.10/bin/../lib/gcc/arm-none-eabi/10.3.1/../../../../arm-none-eabi/lib/thumb/v7-m/nofp\libg.a(lib_a-fputwc.o)
                0x08008a18                __fputwc
 .text._fputwc_r
                0x08008ab8       0x68 c:/arm-none-eabi-gcc/gcc-arm-none-eabi-10.3-2021.10/bin/../lib/gcc/arm-none-eabi/10.3.1/../../../../arm-none-eabi/lib/thumb/v7-m/nofp\libg.a(lib_a-fputwc.o)
                0x08008ab8                _fputwc_r
 .text.__sfvwrite_r
                0x08008b20      0x2f0 c:/arm-none-eabi-gcc/gcc-arm-none-eabi-10.3-2021.10/bin/../lib/gcc/arm-none-eabi/10.3.1/../../../../arm-none-eabi/lib/thumb/v7-m/nofp\libg.a(lib_a-fvwrite.o)
                0x08008b20                __sfvwrite_r
 .text._fwalk_reent
                0x08008e10       0x48 c:/arm-none-eabi-gcc/gcc-arm-none-eabi-10.3-2021.10/bin/../lib/gcc/arm-none-eabi/10.3.1/../../../../arm-none-eabi/lib/thumb/v7-m/nofp\libg.a(lib_a-fwalk.o)
                0x08008e10                _fwalk_reent
 .text.__smakebuf_r
                0x08008e58       0xe0 c:/arm-none-eabi-gcc/gcc-arm-none-eabi-10.3-2021.10/bin/../lib/gcc/arm-none-eabi/10.3.1/../../../../arm-none-eabi/lib/thumb/v7-m/nofp\libg.a(lib_a-makebuf.o)
                0x08008e58                __smakebuf_r
 .text.raise    0x08008f38       0x5c c:/arm-none-eabi-gcc/gcc-arm-none-eabi-10.3-2021.10/bin/../lib/gcc/arm-none-eabi/10.3.1/../../../../arm-none-eabi/lib/thumb/v7-m/nofp\libg.a(lib_a-signal.o)
                0x08008f38                raise
 .text._kill_r  0x08008f94       0x28 c:/arm-none-eabi-gcc/gcc-arm-none-eabi-10.3-2021.10/bin/../lib/gcc/arm-none-eabi/10.3.1/../../../../arm-none-eabi/lib/thumb/v7-m/nofp\libg.a(lib_a-signalr.o)
                0x08008f94                _kill_r
 .text._getpid_r
                0x08008fbc        0x4 c:/arm-none-eabi-gcc/gcc-arm-none-eabi-10.3-2021.10/bin/../lib/gcc/arm-none-eabi/10.3.1/../../../../arm-none-eabi/lib/thumb/v7-m/nofp\libg.a(lib_a-signalr.o)
                0x08008fbc                _getpid_r
 .text.__sread  0x08008fc0       0x24 c:/arm-none-eabi-gcc/gcc-arm-none-eabi-10.3-2021.10/bin/../lib/gcc/arm-none-eabi/10.3.1/../../../../arm-none-eabi/lib/thumb/v7-m/nofp\libg.a(lib_a-stdio.o)
                0x08008fc0                __sread
 .text.__swrite
                0x08008fe4       0x40 c:/arm-none-eabi-gcc/gcc-arm-none-eabi-10.3-2021.10/bin/../lib/gcc/arm-none-eabi/10.3.1/../../../../arm-none-eabi/lib/thumb/v7-m/nofp\libg.a(lib_a-stdio.o)
                0x08008fe4                __swrite
 .text.__sseek  0x08009024       0x20 c:/arm-none-eabi-gcc/gcc-arm-none-eabi-10.3-2021.10/bin/../lib/gcc/arm-none-eabi/10.3.1/../../../../arm-none-eabi/lib/thumb/v7-m/nofp\libg.a(lib_a-stdio.o)
                0x08009024                __sseek
 .text.__sclose
                0x08009044        0x8 c:/arm-none-eabi-gcc/gcc-arm-none-eabi-10.3-2021.10/bin/../lib/gcc/arm-none-eabi/10.3.1/../../../../arm-none-eabi/lib/thumb/v7-m/nofp\libg.a(lib_a-stdio.o)
                0x08009044                __sclose
 .text.__swbuf_r
                0x0800904c       0xb0 c:/arm-none-eabi-gcc/gcc-arm-none-eabi-10.3-2021.10/bin/../lib/gcc/arm-none-eabi/10.3.1/../../../../arm-none-eabi/lib/thumb/v7-m/nofp\libg.a(lib_a-wbuf.o)
                0x0800904c                __swbuf_r
 .text._wcrtomb_r
                0x080090fc       0x3c c:/arm-none-eabi-gcc/gcc-arm-none-eabi-10.3-2021.10/bin/../lib/gcc/arm-none-eabi/10.3.1/../../../../arm-none-eabi/lib/thumb/v7-m/nofp\libg.a(lib_a-wcrtomb.o)
                0x080090fc                _wcrtomb_r
 .text._write_r
                0x08009138       0x2c c:/arm-none-eabi-gcc/gcc-arm-none-eabi-10.3-2021.10/bin/../lib/gcc/arm-none-eabi/10.3.1/../../../../arm-none-eabi/lib/thumb/v7-m/nofp\libg.a(lib_a-writer.o)
                0x08009138                _write_r
 .text._close_r
                0x08009164       0x24 c:/arm-none-eabi-gcc/gcc-arm-none-eabi-10.3-2021.10/bin/../lib/gcc/arm-none-eabi/10.3.1/../../../../arm-none-eabi/lib/thumb/v7-m/nofp\libg.a(lib_a-closer.o)
                0x08009164                _close_r
 .text._fclose_r
                0x08009188       0xcc c:/arm-none-eabi-gcc/gcc-arm-none-eabi-10.3-2021.10/bin/../lib/gcc/arm-none-eabi/10.3.1/../../../../arm-none-eabi/lib/thumb/v7-m/nofp\libg.a(lib_a-fclose.o)
                0x08009188                _fclose_r
 .text._fstat_r
                0x08009254       0x28 c:/arm-none-eabi-gcc/gcc-arm-none-eabi-10.3-2021.10/bin/../lib/gcc/arm-none-eabi/10.3.1/../../../../arm-none-eabi/lib/thumb/v7-m/nofp\libg.a(lib_a-fstatr.o)
                0x08009254                _fstat_r
 .text._isatty_r
                0x0800927c       0x24 c:/arm-none-eabi-gcc/gcc-arm-none-eabi-10.3-2021.10/bin/../lib/gcc/arm-none-eabi/10.3.1/../../../../arm-none-eabi/lib/thumb/v7-m/nofp\libg.a(lib_a-isattyr.o)
                0x0800927c                _isatty_r
 .text._lseek_r
                0x080092a0       0x2c c:/arm-none-eabi-gcc/gcc-arm-none-eabi-10.3-2021.10/bin/../lib/gcc/arm-none-eabi/10.3.1/../../../../arm-none-eabi/lib/thumb/v7-m/nofp\libg.a(lib_a-lseekr.o)
                0x080092a0                _lseek_r
 .text._read_r  0x080092cc       0x2c c:/arm-none-eabi-gcc/gcc-arm-none-eabi-10.3-2021.10/bin/../lib/gcc/arm-none-eabi/10.3.1/../../../../arm-none-eabi/lib/thumb/v7-m/nofp\libg.a(lib_a-readr.o)
                0x080092cc                _read_r
 *(.glue_7)
 .glue_7        0x080092f8        0x0 linker stubs
 *(.glue_7t)
 .glue_7t       0x080092f8        0x0 linker stubs
 *(.eh_frame)
 .eh_frame      0x080092f8        0x0 c:/arm-none-eabi-gcc/gcc-arm-none-eabi-10.3-2021.10/bin/../lib/gcc/arm-none-eabi/10.3.1/thumb/v7-m/nofp/crtbegin.o
 *(.init)
 .init          0x080092f8        0x4 c:/arm-none-eabi-gcc/gcc-arm-none-eabi-10.3-2021.10/bin/../lib/gcc/arm-none-eabi/10.3.1/thumb/v7-m/nofp/crti.o
                0x080092f8                _init
 .init          0x080092fc        0x8 c:/arm-none-eabi-gcc/gcc-arm-none-eabi-10.3-2021.10/bin/../lib/gcc/arm-none-eabi/10.3.1/thumb/v7-m/nofp/crtn.o
 *(.fini)
 .fini          0x08009304        0x4 c:/arm-none-eabi-gcc/gcc-arm-none-eabi-10.3-2021.10/bin/../lib/gcc/arm-none-eabi/10.3.1/thumb/v7-m/nofp/crti.o
                0x08009304                _fini
 .fini          0x08009308        0x8 c:/arm-none-eabi-gcc/gcc-arm-none-eabi-10.3-2021.10/bin/../lib/gcc/arm-none-eabi/10.3.1/thumb/v7-m/nofp/crtn.o
                0x08009310                . = ALIGN (0x4)
                0x08009310                _etext = .

.vfp11_veneer   0x08009310        0x0
 .vfp11_veneer  0x08009310        0x0 linker stubs

.v4_bx          0x08009310        0x0
 .v4_bx         0x08009310        0x0 linker stubs

.iplt           0x08009310        0x0
 .iplt          0x08009310        0x0 c:/arm-none-eabi-gcc/gcc-arm-none-eabi-10.3-2021.10/bin/../lib/gcc/arm-none-eabi/10.3.1/thumb/v7-m/nofp/crtbegin.o

.rodata         0x08009310      0xc18
                0x08009310                . = ALIGN (0x4)
 *(.rodata)
 *(.rodata*)
 .rodata.afont16x8
                0x08009310        0x8 CMakeFiles/Snake.elf.dir/Core/Src/font.c.obj
                0x08009310                afont16x8
 .rodata.ascii_16x8
                0x08009318      0x5f0 CMakeFiles/Snake.elf.dir/Core/Src/font.c.obj
                0x08009318                ascii_16x8
 .rodata.font16x16
                0x08009908       0x10 CMakeFiles/Snake.elf.dir/Core/Src/font.c.obj
                0x08009908                font16x16
 .rodata.zh16x16
                0x08009918      0x1d4 CMakeFiles/Snake.elf.dir/Core/Src/font.c.obj
                0x08009918                zh16x16
 .rodata.CreateMap.str1.4
                0x08009aec        0xa CMakeFiles/Snake.elf.dir/Core/Src/snake.c.obj
 *fill*         0x08009af6        0x2 
 .rodata.UpdateSnake.str1.4
                0x08009af8        0x3 CMakeFiles/Snake.elf.dir/Core/Src/snake.c.obj
 *fill*         0x08009afb        0x1 
 .rodata.AHBPrescTable
                0x08009afc       0x10 CMakeFiles/Snake.elf.dir/Core/Src/system_stm32f1xx.c.obj
                0x08009afc                AHBPrescTable
 .rodata.APBPrescTable
                0x08009b0c        0x8 CMakeFiles/Snake.elf.dir/Core/Src/system_stm32f1xx.c.obj
                0x08009b0c                APBPrescTable
 .rodata.aPLLMULFactorTable.1
                0x08009b14       0x10 CMakeFiles/Snake.elf.dir/Drivers/STM32F1xx_HAL_Driver/Src/stm32f1xx_hal_rcc.c.obj
 .rodata.aPredivFactorTable.0
                0x08009b24        0x2 CMakeFiles/Snake.elf.dir/Drivers/STM32F1xx_HAL_Driver/Src/stm32f1xx_hal_rcc.c.obj
 *fill*         0x08009b26        0x2 
 .rodata._global_impure_ptr
                0x08009b28        0x4 c:/arm-none-eabi-gcc/gcc-arm-none-eabi-10.3-2021.10/bin/../lib/gcc/arm-none-eabi/10.3.1/../../../../arm-none-eabi/lib/thumb/v7-m/nofp\libg.a(lib_a-impure.o)
                0x08009b28                _global_impure_ptr
 .rodata._svfprintf_r.str1.4
                0x08009b2c       0x42 c:/arm-none-eabi-gcc/gcc-arm-none-eabi-10.3-2021.10/bin/../lib/gcc/arm-none-eabi/10.3.1/../../../../arm-none-eabi/lib/thumb/v7-m/nofp\libg.a(lib_a-svfprintf.o)
 *fill*         0x08009b6e        0x2 
 .rodata.blanks.1
                0x08009b70       0x10 c:/arm-none-eabi-gcc/gcc-arm-none-eabi-10.3-2021.10/bin/../lib/gcc/arm-none-eabi/10.3.1/../../../../arm-none-eabi/lib/thumb/v7-m/nofp\libg.a(lib_a-svfprintf.o)
 .rodata.zeroes.0
                0x08009b80       0x10 c:/arm-none-eabi-gcc/gcc-arm-none-eabi-10.3-2021.10/bin/../lib/gcc/arm-none-eabi/10.3.1/../../../../arm-none-eabi/lib/thumb/v7-m/nofp\libg.a(lib_a-svfprintf.o)
 .rodata._dtoa_r.str1.4
                0x08009b90       0xa2 c:/arm-none-eabi-gcc/gcc-arm-none-eabi-10.3-2021.10/bin/../lib/gcc/arm-none-eabi/10.3.1/../../../../arm-none-eabi/lib/thumb/v7-m/nofp\libg.a(lib_a-dtoa.o)
                                 0xa6 (size before relaxing)
 *fill*         0x08009c32        0x2 
 .rodata.__multadd.str1.4
                0x08009c34       0x7f c:/arm-none-eabi-gcc/gcc-arm-none-eabi-10.3-2021.10/bin/../lib/gcc/arm-none-eabi/10.3.1/../../../../arm-none-eabi/lib/thumb/v7-m/nofp\libg.a(lib_a-mprec.o)
                                 0x93 (size before relaxing)
 *fill*         0x08009cb3        0x5 
 .rodata.__mprec_bigtens
                0x08009cb8       0x28 c:/arm-none-eabi-gcc/gcc-arm-none-eabi-10.3-2021.10/bin/../lib/gcc/arm-none-eabi/10.3.1/../../../../arm-none-eabi/lib/thumb/v7-m/nofp\libg.a(lib_a-mprec.o)
                0x08009cb8                __mprec_bigtens
 .rodata.__mprec_tens
                0x08009ce0       0xc8 c:/arm-none-eabi-gcc/gcc-arm-none-eabi-10.3-2021.10/bin/../lib/gcc/arm-none-eabi/10.3.1/../../../../arm-none-eabi/lib/thumb/v7-m/nofp\libg.a(lib_a-mprec.o)
                0x08009ce0                __mprec_tens
 .rodata.p05.0  0x08009da8        0xc c:/arm-none-eabi-gcc/gcc-arm-none-eabi-10.3-2021.10/bin/../lib/gcc/arm-none-eabi/10.3.1/../../../../arm-none-eabi/lib/thumb/v7-m/nofp\libg.a(lib_a-mprec.o)
 .rodata.__assert_func.str1.4
                0x08009db4       0x3f c:/arm-none-eabi-gcc/gcc-arm-none-eabi-10.3-2021.10/bin/../lib/gcc/arm-none-eabi/10.3.1/../../../../arm-none-eabi/lib/thumb/v7-m/nofp\libg.a(lib_a-assert.o)
                                 0x43 (size before relaxing)
 *fill*         0x08009df3        0x1 
 .rodata._setlocale_r.str1.4
                0x08009df4        0xa c:/arm-none-eabi-gcc/gcc-arm-none-eabi-10.3-2021.10/bin/../lib/gcc/arm-none-eabi/10.3.1/../../../../arm-none-eabi/lib/thumb/v7-m/nofp\libg.a(lib_a-locale.o)
                                  0xd (size before relaxing)
 *fill*         0x08009dfe        0x2 
 .rodata.str1.4
                0x08009e00        0x2 c:/arm-none-eabi-gcc/gcc-arm-none-eabi-10.3-2021.10/bin/../lib/gcc/arm-none-eabi/10.3.1/../../../../arm-none-eabi/lib/thumb/v7-m/nofp\libg.a(lib_a-locale.o)
 .rodata._vfiprintf_r.str1.4
                0x08009e02       0x2f c:/arm-none-eabi-gcc/gcc-arm-none-eabi-10.3-2021.10/bin/../lib/gcc/arm-none-eabi/10.3.1/../../../../arm-none-eabi/lib/thumb/v7-m/nofp\libg.a(lib_a-vfiprintf.o)
 *fill*         0x08009e02        0x2 
 .rodata.blanks.1
                0x08009e04       0x10 c:/arm-none-eabi-gcc/gcc-arm-none-eabi-10.3-2021.10/bin/../lib/gcc/arm-none-eabi/10.3.1/../../../../arm-none-eabi/lib/thumb/v7-m/nofp\libg.a(lib_a-vfiprintf.o)
 .rodata.zeroes.0
                0x08009e14       0x10 c:/arm-none-eabi-gcc/gcc-arm-none-eabi-10.3-2021.10/bin/../lib/gcc/arm-none-eabi/10.3.1/../../../../arm-none-eabi/lib/thumb/v7-m/nofp\libg.a(lib_a-vfiprintf.o)
 .rodata._ctype_
                0x08009e24      0x101 c:/arm-none-eabi-gcc/gcc-arm-none-eabi-10.3-2021.10/bin/../lib/gcc/arm-none-eabi/10.3.1/../../../../arm-none-eabi/lib/thumb/v7-m/nofp\libg.a(lib_a-ctype_.o)
                0x08009e24                _ctype_
                0x08009f28                . = ALIGN (0x4)
 *fill*         0x08009f25        0x3 

.ARM.extab      0x08009f28        0x0
                0x08009f28                . = ALIGN (0x4)
 *(.ARM.extab* .gnu.linkonce.armextab.*)
                0x08009f28                . = ALIGN (0x4)

.ARM            0x08009f28        0x8
                0x08009f28                . = ALIGN (0x4)
                0x08009f28                __exidx_start = .
 *(.ARM.exidx*)
 .ARM.exidx     0x08009f28        0x8 c:/arm-none-eabi-gcc/gcc-arm-none-eabi-10.3-2021.10/bin/../lib/gcc/arm-none-eabi/10.3.1/thumb/v7-m/nofp\libgcc.a(_udivmoddi4.o)
                0x08009f30                __exidx_end = .
                0x08009f30                . = ALIGN (0x4)

.rel.dyn        0x08009f30        0x0
 .rel.iplt      0x08009f30        0x0 c:/arm-none-eabi-gcc/gcc-arm-none-eabi-10.3-2021.10/bin/../lib/gcc/arm-none-eabi/10.3.1/thumb/v7-m/nofp/crtbegin.o

.preinit_array  0x08009f30        0x0
                0x08009f30                . = ALIGN (0x4)
                0x08009f30                PROVIDE (__preinit_array_start = .)
 *(.preinit_array*)
                0x08009f30                PROVIDE (__preinit_array_end = .)
                0x08009f30                . = ALIGN (0x4)

.init_array     0x08009f30        0x8
                0x08009f30                . = ALIGN (0x4)
                0x08009f30                PROVIDE (__init_array_start = .)
 *(SORT_BY_NAME(.init_array.*))
 .init_array.00000
                0x08009f30        0x4 c:/arm-none-eabi-gcc/gcc-arm-none-eabi-10.3-2021.10/bin/../lib/gcc/arm-none-eabi/10.3.1/../../../../arm-none-eabi/lib/thumb/v7-m/nofp\libg.a(lib_a-__call_atexit.o)
 *(.init_array*)
 .init_array    0x08009f34        0x4 c:/arm-none-eabi-gcc/gcc-arm-none-eabi-10.3-2021.10/bin/../lib/gcc/arm-none-eabi/10.3.1/thumb/v7-m/nofp/crtbegin.o
                0x08009f38                PROVIDE (__init_array_end = .)
                0x08009f38                . = ALIGN (0x4)

.fini_array     0x08009f38        0x4
                0x08009f38                . = ALIGN (0x4)
                0x08009f38                PROVIDE (__fini_array_start = .)
 *(SORT_BY_NAME(.fini_array.*))
 *(.fini_array*)
 .fini_array    0x08009f38        0x4 c:/arm-none-eabi-gcc/gcc-arm-none-eabi-10.3-2021.10/bin/../lib/gcc/arm-none-eabi/10.3.1/thumb/v7-m/nofp/crtbegin.o
                0x08009f3c                PROVIDE (__fini_array_end = .)
                0x08009f3c                . = ALIGN (0x4)
                0x08009f3c                _sidata = LOADADDR (.data)

.data           0x20000000      0x9b8 load address 0x08009f3c
                0x20000000                . = ALIGN (0x4)
                0x20000000                _sdata = .
 *(.data)
 *(.data*)
 .data.SystemCoreClock
                0x20000000        0x4 CMakeFiles/Snake.elf.dir/Core/Src/system_stm32f1xx.c.obj
                0x20000000                SystemCoreClock
 .data.uwTickFreq
                0x20000004        0x1 CMakeFiles/Snake.elf.dir/Drivers/STM32F1xx_HAL_Driver/Src/stm32f1xx_hal.c.obj
                0x20000004                uwTickFreq
 *fill*         0x20000005        0x3 
 .data.uwTickPrio
                0x20000008        0x4 CMakeFiles/Snake.elf.dir/Drivers/STM32F1xx_HAL_Driver/Src/stm32f1xx_hal.c.obj
                0x20000008                uwTickPrio
 .data._impure_ptr
                0x2000000c        0x4 c:/arm-none-eabi-gcc/gcc-arm-none-eabi-10.3-2021.10/bin/../lib/gcc/arm-none-eabi/10.3.1/../../../../arm-none-eabi/lib/thumb/v7-m/nofp\libg.a(lib_a-impure.o)
                0x2000000c                _impure_ptr
 .data.impure_data
                0x20000010      0x428 c:/arm-none-eabi-gcc/gcc-arm-none-eabi-10.3-2021.10/bin/../lib/gcc/arm-none-eabi/10.3.1/../../../../arm-none-eabi/lib/thumb/v7-m/nofp\libg.a(lib_a-impure.o)
 .data.__atexit_recursive_mutex
                0x20000438        0x4 c:/arm-none-eabi-gcc/gcc-arm-none-eabi-10.3-2021.10/bin/../lib/gcc/arm-none-eabi/10.3.1/../../../../arm-none-eabi/lib/thumb/v7-m/nofp\libg.a(lib_a-__call_atexit.o)
                0x20000438                __atexit_recursive_mutex
 .data.__malloc_av_
                0x2000043c      0x408 c:/arm-none-eabi-gcc/gcc-arm-none-eabi-10.3-2021.10/bin/../lib/gcc/arm-none-eabi/10.3.1/../../../../arm-none-eabi/lib/thumb/v7-m/nofp\libg.a(lib_a-mallocr.o)
                0x2000043c                __malloc_av_
 .data.__malloc_sbrk_base
                0x20000844        0x4 c:/arm-none-eabi-gcc/gcc-arm-none-eabi-10.3-2021.10/bin/../lib/gcc/arm-none-eabi/10.3.1/../../../../arm-none-eabi/lib/thumb/v7-m/nofp\libg.a(lib_a-mallocr.o)
                0x20000844                __malloc_sbrk_base
 .data.__malloc_trim_threshold
                0x20000848        0x4 c:/arm-none-eabi-gcc/gcc-arm-none-eabi-10.3-2021.10/bin/../lib/gcc/arm-none-eabi/10.3.1/../../../../arm-none-eabi/lib/thumb/v7-m/nofp\libg.a(lib_a-mallocr.o)
                0x20000848                __malloc_trim_threshold
 .data.__global_locale
                0x2000084c      0x16c c:/arm-none-eabi-gcc/gcc-arm-none-eabi-10.3-2021.10/bin/../lib/gcc/arm-none-eabi/10.3.1/../../../../arm-none-eabi/lib/thumb/v7-m/nofp\libg.a(lib_a-locale.o)
                0x2000084c                __global_locale
 *(.RamFunc)
 *(.RamFunc*)
                0x200009b8                . = ALIGN (0x4)
                0x200009b8                _edata = .

.igot.plt       0x200009b8        0x0 load address 0x0800a8f4
 .igot.plt      0x200009b8        0x0 c:/arm-none-eabi-gcc/gcc-arm-none-eabi-10.3-2021.10/bin/../lib/gcc/arm-none-eabi/10.3.1/thumb/v7-m/nofp/crtbegin.o
                0x200009b8                . = ALIGN (0x4)

.bss            0x200009b8      0xa64 load address 0x0800a8f4
                0x200009b8                _sbss = .
                0x200009b8                __bss_start__ = _sbss
 *(.bss)
 .bss           0x200009b8       0x1c c:/arm-none-eabi-gcc/gcc-arm-none-eabi-10.3-2021.10/bin/../lib/gcc/arm-none-eabi/10.3.1/thumb/v7-m/nofp/crtbegin.o
 *(.bss*)
 .bss.hi2c2     0x200009d4       0x54 CMakeFiles/Snake.elf.dir/Core/Src/i2c.c.obj
                0x200009d4                hi2c2
 .bss.OLED_GRAM
                0x20000a28      0x400 CMakeFiles/Snake.elf.dir/Core/Src/oled.c.obj
                0x20000a28                OLED_GRAM
 .bss.sendBuffer.2
                0x20000e28       0x81 CMakeFiles/Snake.elf.dir/Core/Src/oled.c.obj
 *fill*         0x20000ea9        0x3 
 .bss.sendBuffer.3
                0x20000eac        0x2 CMakeFiles/Snake.elf.dir/Core/Src/oled.c.obj
 .bss.temp.0    0x20000eae        0x1 CMakeFiles/Snake.elf.dir/Core/Src/oled.c.obj
 .bss.temp.1    0x20000eaf        0x1 CMakeFiles/Snake.elf.dir/Core/Src/oled.c.obj
 .bss.directionChanged
                0x20000eb0        0x1 CMakeFiles/Snake.elf.dir/Core/Src/snake.c.obj
                0x20000eb0                directionChanged
 *fill*         0x20000eb1        0x3 
 .bss.map       0x20000eb4      0x180 CMakeFiles/Snake.elf.dir/Core/Src/snake.c.obj
                0x20000eb4                map
 .bss.score     0x20001034        0x1 CMakeFiles/Snake.elf.dir/Core/Src/snake.c.obj
                0x20001034                score
 *fill*         0x20001035        0x3 
 .bss.snake     0x20001038      0x302 CMakeFiles/Snake.elf.dir/Core/Src/snake.c.obj
                0x20001038                snake
 *fill*         0x2000133a        0x2 
 .bss.__sbrk_heap_end
                0x2000133c        0x4 CMakeFiles/Snake.elf.dir/Core/Src/sysmem.c.obj
 .bss.htim3     0x20001340       0x48 CMakeFiles/Snake.elf.dir/Core/Src/tim.c.obj
                0x20001340                htim3
 .bss.htim4     0x20001388       0x48 CMakeFiles/Snake.elf.dir/Core/Src/tim.c.obj
                0x20001388                htim4
 .bss.uwTick    0x200013d0        0x4 CMakeFiles/Snake.elf.dir/Drivers/STM32F1xx_HAL_Driver/Src/stm32f1xx_hal.c.obj
                0x200013d0                uwTick
 .bss.__lock___atexit_recursive_mutex
                0x200013d4        0x1 c:/arm-none-eabi-gcc/gcc-arm-none-eabi-10.3-2021.10/bin/../lib/gcc/arm-none-eabi/10.3.1/../../../../arm-none-eabi/lib/thumb/v7-m/nofp\libg.a(lib_a-lock.o)
                0x200013d4                __lock___atexit_recursive_mutex
 *fill*         0x200013d5        0x3 
 .bss.__lock___malloc_recursive_mutex
                0x200013d8        0x1 c:/arm-none-eabi-gcc/gcc-arm-none-eabi-10.3-2021.10/bin/../lib/gcc/arm-none-eabi/10.3.1/../../../../arm-none-eabi/lib/thumb/v7-m/nofp\libg.a(lib_a-lock.o)
                0x200013d8                __lock___malloc_recursive_mutex
 *fill*         0x200013d9        0x3 
 .bss.__lock___sfp_recursive_mutex
                0x200013dc        0x1 c:/arm-none-eabi-gcc/gcc-arm-none-eabi-10.3-2021.10/bin/../lib/gcc/arm-none-eabi/10.3.1/../../../../arm-none-eabi/lib/thumb/v7-m/nofp\libg.a(lib_a-lock.o)
                0x200013dc                __lock___sfp_recursive_mutex
 *fill*         0x200013dd        0x3 
 .bss.__lock___sinit_recursive_mutex
                0x200013e0        0x1 c:/arm-none-eabi-gcc/gcc-arm-none-eabi-10.3-2021.10/bin/../lib/gcc/arm-none-eabi/10.3.1/../../../../arm-none-eabi/lib/thumb/v7-m/nofp\libg.a(lib_a-lock.o)
                0x200013e0                __lock___sinit_recursive_mutex
 *fill*         0x200013e1        0x3 
 .bss.__malloc_current_mallinfo
                0x200013e4       0x28 c:/arm-none-eabi-gcc/gcc-arm-none-eabi-10.3-2021.10/bin/../lib/gcc/arm-none-eabi/10.3.1/../../../../arm-none-eabi/lib/thumb/v7-m/nofp\libg.a(lib_a-mallocr.o)
                0x200013e4                __malloc_current_mallinfo
 .bss.__malloc_max_sbrked_mem
                0x2000140c        0x4 c:/arm-none-eabi-gcc/gcc-arm-none-eabi-10.3-2021.10/bin/../lib/gcc/arm-none-eabi/10.3.1/../../../../arm-none-eabi/lib/thumb/v7-m/nofp\libg.a(lib_a-mallocr.o)
                0x2000140c                __malloc_max_sbrked_mem
 .bss.__malloc_max_total_mem
                0x20001410        0x4 c:/arm-none-eabi-gcc/gcc-arm-none-eabi-10.3-2021.10/bin/../lib/gcc/arm-none-eabi/10.3.1/../../../../arm-none-eabi/lib/thumb/v7-m/nofp\libg.a(lib_a-mallocr.o)
                0x20001410                __malloc_max_total_mem
 .bss.__malloc_top_pad
                0x20001414        0x4 c:/arm-none-eabi-gcc/gcc-arm-none-eabi-10.3-2021.10/bin/../lib/gcc/arm-none-eabi/10.3.1/../../../../arm-none-eabi/lib/thumb/v7-m/nofp\libg.a(lib_a-mallocr.o)
                0x20001414                __malloc_top_pad
 .bss.errno     0x20001418        0x4 c:/arm-none-eabi-gcc/gcc-arm-none-eabi-10.3-2021.10/bin/../lib/gcc/arm-none-eabi/10.3.1/../../../../arm-none-eabi/lib/thumb/v7-m/nofp\libg.a(lib_a-reent.o)
                0x20001418                errno
 *(COMMON)
                0x2000141c                . = ALIGN (0x4)
                0x2000141c                _ebss = .
                0x2000141c                __bss_end__ = _ebss

._user_heap_stack
                0x2000141c      0x604 load address 0x0800a8f4
                0x20001420                . = ALIGN (0x8)
 *fill*         0x2000141c        0x4 
                [!provide]                PROVIDE (end = .)
                0x20001420                PROVIDE (_end = .)
                0x20001620                . = (. + _Min_Heap_Size)
 *fill*         0x20001420      0x200 
                0x20001a20                . = (. + _Min_Stack_Size)
 *fill*         0x20001620      0x400 
                0x20001a20                . = ALIGN (0x8)

/DISCARD/
 libc.a(*)
 libm.a(*)
 libgcc.a(*)

.ARM.attributes
                0x00000000       0x29
 *(.ARM.attributes)
 .ARM.attributes
                0x00000000       0x1d c:/arm-none-eabi-gcc/gcc-arm-none-eabi-10.3-2021.10/bin/../lib/gcc/arm-none-eabi/10.3.1/thumb/v7-m/nofp/crti.o
 .ARM.attributes
                0x0000001d       0x2d c:/arm-none-eabi-gcc/gcc-arm-none-eabi-10.3-2021.10/bin/../lib/gcc/arm-none-eabi/10.3.1/thumb/v7-m/nofp/crtbegin.o
 .ARM.attributes
                0x0000004a       0x2d CMakeFiles/Snake.elf.dir/Core/Src/font.c.obj
 .ARM.attributes
                0x00000077       0x2d CMakeFiles/Snake.elf.dir/Core/Src/gpio.c.obj
 .ARM.attributes
                0x000000a4       0x2d CMakeFiles/Snake.elf.dir/Core/Src/i2c.c.obj
 .ARM.attributes
                0x000000d1       0x2d CMakeFiles/Snake.elf.dir/Core/Src/main.c.obj
 .ARM.attributes
                0x000000fe       0x2d CMakeFiles/Snake.elf.dir/Core/Src/oled.c.obj
 .ARM.attributes
                0x0000012b       0x2d CMakeFiles/Snake.elf.dir/Core/Src/snake.c.obj
 .ARM.attributes
                0x00000158       0x2d CMakeFiles/Snake.elf.dir/Core/Src/stm32f1xx_hal_msp.c.obj
 .ARM.attributes
                0x00000185       0x2d CMakeFiles/Snake.elf.dir/Core/Src/stm32f1xx_it.c.obj
 .ARM.attributes
                0x000001b2       0x2d CMakeFiles/Snake.elf.dir/Core/Src/syscalls.c.obj
 .ARM.attributes
                0x000001df       0x2d CMakeFiles/Snake.elf.dir/Core/Src/sysmem.c.obj
 .ARM.attributes
                0x0000020c       0x2d CMakeFiles/Snake.elf.dir/Core/Src/system_stm32f1xx.c.obj
 .ARM.attributes
                0x00000239       0x2d CMakeFiles/Snake.elf.dir/Core/Src/tim.c.obj
 .ARM.attributes
                0x00000266       0x21 CMakeFiles/Snake.elf.dir/Core/Startup/startup_stm32f103c8tx.s.obj
 .ARM.attributes
                0x00000287       0x2d CMakeFiles/Snake.elf.dir/Drivers/STM32F1xx_HAL_Driver/Src/stm32f1xx_hal.c.obj
 .ARM.attributes
                0x000002b4       0x2d CMakeFiles/Snake.elf.dir/Drivers/STM32F1xx_HAL_Driver/Src/stm32f1xx_hal_cortex.c.obj
 .ARM.attributes
                0x000002e1       0x2d CMakeFiles/Snake.elf.dir/Drivers/STM32F1xx_HAL_Driver/Src/stm32f1xx_hal_gpio.c.obj
 .ARM.attributes
                0x0000030e       0x2d CMakeFiles/Snake.elf.dir/Drivers/STM32F1xx_HAL_Driver/Src/stm32f1xx_hal_i2c.c.obj
 .ARM.attributes
                0x0000033b       0x2d CMakeFiles/Snake.elf.dir/Drivers/STM32F1xx_HAL_Driver/Src/stm32f1xx_hal_rcc.c.obj
 .ARM.attributes
                0x00000368       0x2d CMakeFiles/Snake.elf.dir/Drivers/STM32F1xx_HAL_Driver/Src/stm32f1xx_hal_tim.c.obj
 .ARM.attributes
                0x00000395       0x2d CMakeFiles/Snake.elf.dir/Drivers/STM32F1xx_HAL_Driver/Src/stm32f1xx_hal_tim_ex.c.obj
 .ARM.attributes
                0x000003c2       0x1d c:/arm-none-eabi-gcc/gcc-arm-none-eabi-10.3-2021.10/bin/../lib/gcc/arm-none-eabi/10.3.1/thumb/v7-m/nofp\libgcc.a(_arm_addsubdf3.o)
 .ARM.attributes
                0x000003df       0x1d c:/arm-none-eabi-gcc/gcc-arm-none-eabi-10.3-2021.10/bin/../lib/gcc/arm-none-eabi/10.3.1/thumb/v7-m/nofp\libgcc.a(_arm_fixdfsi.o)
 .ARM.attributes
                0x000003fc       0x2d c:/arm-none-eabi-gcc/gcc-arm-none-eabi-10.3-2021.10/bin/../lib/gcc/arm-none-eabi/10.3.1/../../../../arm-none-eabi/lib/thumb/v7-m/nofp\libg.a(lib_a-errno.o)
 .ARM.attributes
                0x00000429       0x2d c:/arm-none-eabi-gcc/gcc-arm-none-eabi-10.3-2021.10/bin/../lib/gcc/arm-none-eabi/10.3.1/../../../../arm-none-eabi/lib/thumb/v7-m/nofp\libg.a(lib_a-impure.o)
 .ARM.attributes
                0x00000456       0x2d c:/arm-none-eabi-gcc/gcc-arm-none-eabi-10.3-2021.10/bin/../lib/gcc/arm-none-eabi/10.3.1/../../../../arm-none-eabi/lib/thumb/v7-m/nofp\libg.a(lib_a-init.o)
 .ARM.attributes
                0x00000483       0x2d c:/arm-none-eabi-gcc/gcc-arm-none-eabi-10.3-2021.10/bin/../lib/gcc/arm-none-eabi/10.3.1/../../../../arm-none-eabi/lib/thumb/v7-m/nofp\libg.a(lib_a-memcmp.o)
 .ARM.attributes
                0x000004b0       0x1b c:/arm-none-eabi-gcc/gcc-arm-none-eabi-10.3-2021.10/bin/../lib/gcc/arm-none-eabi/10.3.1/../../../../arm-none-eabi/lib/thumb/v7-m/nofp\libg.a(lib_a-memcpy.o)
 .ARM.attributes
                0x000004cb       0x2d c:/arm-none-eabi-gcc/gcc-arm-none-eabi-10.3-2021.10/bin/../lib/gcc/arm-none-eabi/10.3.1/../../../../arm-none-eabi/lib/thumb/v7-m/nofp\libg.a(lib_a-memset.o)
 .ARM.attributes
                0x000004f8       0x2d c:/arm-none-eabi-gcc/gcc-arm-none-eabi-10.3-2021.10/bin/../lib/gcc/arm-none-eabi/10.3.1/../../../../arm-none-eabi/lib/thumb/v7-m/nofp\libg.a(lib_a-rand.o)
 .ARM.attributes
                0x00000525       0x2d c:/arm-none-eabi-gcc/gcc-arm-none-eabi-10.3-2021.10/bin/../lib/gcc/arm-none-eabi/10.3.1/../../../../arm-none-eabi/lib/thumb/v7-m/nofp\libg.a(lib_a-sprintf.o)
 .ARM.attributes
                0x00000552       0x2d c:/arm-none-eabi-gcc/gcc-arm-none-eabi-10.3-2021.10/bin/../lib/gcc/arm-none-eabi/10.3.1/../../../../arm-none-eabi/lib/thumb/v7-m/nofp\libg.a(lib_a-svfprintf.o)
 .ARM.attributes
                0x0000057f       0x2d c:/arm-none-eabi-gcc/gcc-arm-none-eabi-10.3-2021.10/bin/../lib/gcc/arm-none-eabi/10.3.1/../../../../arm-none-eabi/lib/thumb/v7-m/nofp\libg.a(lib_a-__call_atexit.o)
 .ARM.attributes
                0x000005ac       0x2d c:/arm-none-eabi-gcc/gcc-arm-none-eabi-10.3-2021.10/bin/../lib/gcc/arm-none-eabi/10.3.1/../../../../arm-none-eabi/lib/thumb/v7-m/nofp\libg.a(lib_a-atexit.o)
 .ARM.attributes
                0x000005d9       0x2d c:/arm-none-eabi-gcc/gcc-arm-none-eabi-10.3-2021.10/bin/../lib/gcc/arm-none-eabi/10.3.1/../../../../arm-none-eabi/lib/thumb/v7-m/nofp\libg.a(lib_a-dtoa.o)
 .ARM.attributes
                0x00000606       0x2d c:/arm-none-eabi-gcc/gcc-arm-none-eabi-10.3-2021.10/bin/../lib/gcc/arm-none-eabi/10.3.1/../../../../arm-none-eabi/lib/thumb/v7-m/nofp\libg.a(lib_a-fini.o)
 .ARM.attributes
                0x00000633       0x2d c:/arm-none-eabi-gcc/gcc-arm-none-eabi-10.3-2021.10/bin/../lib/gcc/arm-none-eabi/10.3.1/../../../../arm-none-eabi/lib/thumb/v7-m/nofp\libg.a(lib_a-freer.o)
 .ARM.attributes
                0x00000660       0x2d c:/arm-none-eabi-gcc/gcc-arm-none-eabi-10.3-2021.10/bin/../lib/gcc/arm-none-eabi/10.3.1/../../../../arm-none-eabi/lib/thumb/v7-m/nofp\libg.a(lib_a-localeconv.o)
 .ARM.attributes
                0x0000068d       0x2d c:/arm-none-eabi-gcc/gcc-arm-none-eabi-10.3-2021.10/bin/../lib/gcc/arm-none-eabi/10.3.1/../../../../arm-none-eabi/lib/thumb/v7-m/nofp\libg.a(lib_a-lock.o)
 .ARM.attributes
                0x000006ba       0x2d c:/arm-none-eabi-gcc/gcc-arm-none-eabi-10.3-2021.10/bin/../lib/gcc/arm-none-eabi/10.3.1/../../../../arm-none-eabi/lib/thumb/v7-m/nofp\libg.a(lib_a-mallocr.o)
 .ARM.attributes
                0x000006e7       0x2d c:/arm-none-eabi-gcc/gcc-arm-none-eabi-10.3-2021.10/bin/../lib/gcc/arm-none-eabi/10.3.1/../../../../arm-none-eabi/lib/thumb/v7-m/nofp\libg.a(lib_a-memchr-stub.o)
 .ARM.attributes
                0x00000714       0x2d c:/arm-none-eabi-gcc/gcc-arm-none-eabi-10.3-2021.10/bin/../lib/gcc/arm-none-eabi/10.3.1/../../../../arm-none-eabi/lib/thumb/v7-m/nofp\libg.a(lib_a-mlock.o)
 .ARM.attributes
                0x00000741       0x2d c:/arm-none-eabi-gcc/gcc-arm-none-eabi-10.3-2021.10/bin/../lib/gcc/arm-none-eabi/10.3.1/../../../../arm-none-eabi/lib/thumb/v7-m/nofp\libg.a(lib_a-mprec.o)
 .ARM.attributes
                0x0000076e       0x2d c:/arm-none-eabi-gcc/gcc-arm-none-eabi-10.3-2021.10/bin/../lib/gcc/arm-none-eabi/10.3.1/../../../../arm-none-eabi/lib/thumb/v7-m/nofp\libg.a(lib_a-s_frexp.o)
 .ARM.attributes
                0x0000079b       0x2d c:/arm-none-eabi-gcc/gcc-arm-none-eabi-10.3-2021.10/bin/../lib/gcc/arm-none-eabi/10.3.1/../../../../arm-none-eabi/lib/thumb/v7-m/nofp\libg.a(lib_a-sbrkr.o)
 .ARM.attributes
                0x000007c8       0x2d c:/arm-none-eabi-gcc/gcc-arm-none-eabi-10.3-2021.10/bin/../lib/gcc/arm-none-eabi/10.3.1/../../../../arm-none-eabi/lib/thumb/v7-m/nofp\libg.a(lib_a-strlen-stub.o)
 .ARM.attributes
                0x000007f5       0x2d c:/arm-none-eabi-gcc/gcc-arm-none-eabi-10.3-2021.10/bin/../lib/gcc/arm-none-eabi/10.3.1/../../../../arm-none-eabi/lib/thumb/v7-m/nofp\libg.a(lib_a-strncpy.o)
 .ARM.attributes
                0x00000822       0x2d c:/arm-none-eabi-gcc/gcc-arm-none-eabi-10.3-2021.10/bin/../lib/gcc/arm-none-eabi/10.3.1/../../../../arm-none-eabi/lib/thumb/v7-m/nofp\libg.a(lib_a-svfiprintf.o)
 .ARM.attributes
                0x0000084f       0x2d c:/arm-none-eabi-gcc/gcc-arm-none-eabi-10.3-2021.10/bin/../lib/gcc/arm-none-eabi/10.3.1/../../../../arm-none-eabi/lib/thumb/v7-m/nofp\libg.a(lib_a-__atexit.o)
 .ARM.attributes
                0x0000087c       0x2d c:/arm-none-eabi-gcc/gcc-arm-none-eabi-10.3-2021.10/bin/../lib/gcc/arm-none-eabi/10.3.1/../../../../arm-none-eabi/lib/thumb/v7-m/nofp\libg.a(lib_a-assert.o)
 .ARM.attributes
                0x000008a9       0x2d c:/arm-none-eabi-gcc/gcc-arm-none-eabi-10.3-2021.10/bin/../lib/gcc/arm-none-eabi/10.3.1/../../../../arm-none-eabi/lib/thumb/v7-m/nofp\libg.a(lib_a-callocr.o)
 .ARM.attributes
                0x000008d6       0x2d c:/arm-none-eabi-gcc/gcc-arm-none-eabi-10.3-2021.10/bin/../lib/gcc/arm-none-eabi/10.3.1/../../../../arm-none-eabi/lib/thumb/v7-m/nofp\libg.a(lib_a-fiprintf.o)
 .ARM.attributes
                0x00000903       0x2d c:/arm-none-eabi-gcc/gcc-arm-none-eabi-10.3-2021.10/bin/../lib/gcc/arm-none-eabi/10.3.1/../../../../arm-none-eabi/lib/thumb/v7-m/nofp\libg.a(lib_a-locale.o)
 .ARM.attributes
                0x00000930       0x2d c:/arm-none-eabi-gcc/gcc-arm-none-eabi-10.3-2021.10/bin/../lib/gcc/arm-none-eabi/10.3.1/../../../../arm-none-eabi/lib/thumb/v7-m/nofp\libg.a(lib_a-mbtowc_r.o)
 .ARM.attributes
                0x0000095d       0x2d c:/arm-none-eabi-gcc/gcc-arm-none-eabi-10.3-2021.10/bin/../lib/gcc/arm-none-eabi/10.3.1/../../../../arm-none-eabi/lib/thumb/v7-m/nofp\libg.a(lib_a-memmove.o)
 .ARM.attributes
                0x0000098a       0x2d c:/arm-none-eabi-gcc/gcc-arm-none-eabi-10.3-2021.10/bin/../lib/gcc/arm-none-eabi/10.3.1/../../../../arm-none-eabi/lib/thumb/v7-m/nofp\libg.a(lib_a-reallocr.o)
 .ARM.attributes
                0x000009b7       0x2d c:/arm-none-eabi-gcc/gcc-arm-none-eabi-10.3-2021.10/bin/../lib/gcc/arm-none-eabi/10.3.1/../../../../arm-none-eabi/lib/thumb/v7-m/nofp\libg.a(lib_a-reent.o)
 .ARM.attributes
                0x000009e4       0x2d c:/arm-none-eabi-gcc/gcc-arm-none-eabi-10.3-2021.10/bin/../lib/gcc/arm-none-eabi/10.3.1/../../../../arm-none-eabi/lib/thumb/v7-m/nofp\libg.a(lib_a-vfiprintf.o)
 .ARM.attributes
                0x00000a11       0x2d c:/arm-none-eabi-gcc/gcc-arm-none-eabi-10.3-2021.10/bin/../lib/gcc/arm-none-eabi/10.3.1/../../../../arm-none-eabi/lib/thumb/v7-m/nofp\libg.a(lib_a-wctomb_r.o)
 .ARM.attributes
                0x00000a3e       0x2d c:/arm-none-eabi-gcc/gcc-arm-none-eabi-10.3-2021.10/bin/../lib/gcc/arm-none-eabi/10.3.1/../../../../arm-none-eabi/lib/thumb/v7-m/nofp\libg.a(lib_a-wsetup.o)
 .ARM.attributes
                0x00000a6b       0x2d c:/arm-none-eabi-gcc/gcc-arm-none-eabi-10.3-2021.10/bin/../lib/gcc/arm-none-eabi/10.3.1/../../../../arm-none-eabi/lib/thumb/v7-m/nofp\libg.a(lib_a-abort.o)
 .ARM.attributes
                0x00000a98       0x2d c:/arm-none-eabi-gcc/gcc-arm-none-eabi-10.3-2021.10/bin/../lib/gcc/arm-none-eabi/10.3.1/../../../../arm-none-eabi/lib/thumb/v7-m/nofp\libg.a(lib_a-ctype_.o)
 .ARM.attributes
                0x00000ac5       0x2d c:/arm-none-eabi-gcc/gcc-arm-none-eabi-10.3-2021.10/bin/../lib/gcc/arm-none-eabi/10.3.1/../../../../arm-none-eabi/lib/thumb/v7-m/nofp\libg.a(lib_a-fflush.o)
 .ARM.attributes
                0x00000af2       0x2d c:/arm-none-eabi-gcc/gcc-arm-none-eabi-10.3-2021.10/bin/../lib/gcc/arm-none-eabi/10.3.1/../../../../arm-none-eabi/lib/thumb/v7-m/nofp\libg.a(lib_a-findfp.o)
 .ARM.attributes
                0x00000b1f       0x2d c:/arm-none-eabi-gcc/gcc-arm-none-eabi-10.3-2021.10/bin/../lib/gcc/arm-none-eabi/10.3.1/../../../../arm-none-eabi/lib/thumb/v7-m/nofp\libg.a(lib_a-fputwc.o)
 .ARM.attributes
                0x00000b4c       0x2d c:/arm-none-eabi-gcc/gcc-arm-none-eabi-10.3-2021.10/bin/../lib/gcc/arm-none-eabi/10.3.1/../../../../arm-none-eabi/lib/thumb/v7-m/nofp\libg.a(lib_a-fvwrite.o)
 .ARM.attributes
                0x00000b79       0x2d c:/arm-none-eabi-gcc/gcc-arm-none-eabi-10.3-2021.10/bin/../lib/gcc/arm-none-eabi/10.3.1/../../../../arm-none-eabi/lib/thumb/v7-m/nofp\libg.a(lib_a-fwalk.o)
 .ARM.attributes
                0x00000ba6       0x2d c:/arm-none-eabi-gcc/gcc-arm-none-eabi-10.3-2021.10/bin/../lib/gcc/arm-none-eabi/10.3.1/../../../../arm-none-eabi/lib/thumb/v7-m/nofp\libg.a(lib_a-makebuf.o)
 .ARM.attributes
                0x00000bd3       0x2d c:/arm-none-eabi-gcc/gcc-arm-none-eabi-10.3-2021.10/bin/../lib/gcc/arm-none-eabi/10.3.1/../../../../arm-none-eabi/lib/thumb/v7-m/nofp\libg.a(lib_a-signal.o)
 .ARM.attributes
                0x00000c00       0x2d c:/arm-none-eabi-gcc/gcc-arm-none-eabi-10.3-2021.10/bin/../lib/gcc/arm-none-eabi/10.3.1/../../../../arm-none-eabi/lib/thumb/v7-m/nofp\libg.a(lib_a-signalr.o)
 .ARM.attributes
                0x00000c2d       0x2d c:/arm-none-eabi-gcc/gcc-arm-none-eabi-10.3-2021.10/bin/../lib/gcc/arm-none-eabi/10.3.1/../../../../arm-none-eabi/lib/thumb/v7-m/nofp\libg.a(lib_a-stdio.o)
 .ARM.attributes
                0x00000c5a       0x2d c:/arm-none-eabi-gcc/gcc-arm-none-eabi-10.3-2021.10/bin/../lib/gcc/arm-none-eabi/10.3.1/../../../../arm-none-eabi/lib/thumb/v7-m/nofp\libg.a(lib_a-wbuf.o)
 .ARM.attributes
                0x00000c87       0x2d c:/arm-none-eabi-gcc/gcc-arm-none-eabi-10.3-2021.10/bin/../lib/gcc/arm-none-eabi/10.3.1/../../../../arm-none-eabi/lib/thumb/v7-m/nofp\libg.a(lib_a-wcrtomb.o)
 .ARM.attributes
                0x00000cb4       0x2d c:/arm-none-eabi-gcc/gcc-arm-none-eabi-10.3-2021.10/bin/../lib/gcc/arm-none-eabi/10.3.1/../../../../arm-none-eabi/lib/thumb/v7-m/nofp\libg.a(lib_a-writer.o)
 .ARM.attributes
                0x00000ce1       0x2d c:/arm-none-eabi-gcc/gcc-arm-none-eabi-10.3-2021.10/bin/../lib/gcc/arm-none-eabi/10.3.1/../../../../arm-none-eabi/lib/thumb/v7-m/nofp\libg.a(lib_a-closer.o)
 .ARM.attributes
                0x00000d0e       0x2d c:/arm-none-eabi-gcc/gcc-arm-none-eabi-10.3-2021.10/bin/../lib/gcc/arm-none-eabi/10.3.1/../../../../arm-none-eabi/lib/thumb/v7-m/nofp\libg.a(lib_a-fclose.o)
 .ARM.attributes
                0x00000d3b       0x2d c:/arm-none-eabi-gcc/gcc-arm-none-eabi-10.3-2021.10/bin/../lib/gcc/arm-none-eabi/10.3.1/../../../../arm-none-eabi/lib/thumb/v7-m/nofp\libg.a(lib_a-fstatr.o)
 .ARM.attributes
                0x00000d68       0x2d c:/arm-none-eabi-gcc/gcc-arm-none-eabi-10.3-2021.10/bin/../lib/gcc/arm-none-eabi/10.3.1/../../../../arm-none-eabi/lib/thumb/v7-m/nofp\libg.a(lib_a-isattyr.o)
 .ARM.attributes
                0x00000d95       0x2d c:/arm-none-eabi-gcc/gcc-arm-none-eabi-10.3-2021.10/bin/../lib/gcc/arm-none-eabi/10.3.1/../../../../arm-none-eabi/lib/thumb/v7-m/nofp\libg.a(lib_a-lseekr.o)
 .ARM.attributes
                0x00000dc2       0x2d c:/arm-none-eabi-gcc/gcc-arm-none-eabi-10.3-2021.10/bin/../lib/gcc/arm-none-eabi/10.3.1/../../../../arm-none-eabi/lib/thumb/v7-m/nofp\libg.a(lib_a-readr.o)
 .ARM.attributes
                0x00000def       0x1d c:/arm-none-eabi-gcc/gcc-arm-none-eabi-10.3-2021.10/bin/../lib/gcc/arm-none-eabi/10.3.1/thumb/v7-m/nofp\libgcc.a(_arm_muldivdf3.o)
 .ARM.attributes
                0x00000e0c       0x1d c:/arm-none-eabi-gcc/gcc-arm-none-eabi-10.3-2021.10/bin/../lib/gcc/arm-none-eabi/10.3.1/thumb/v7-m/nofp\libgcc.a(_arm_cmpdf2.o)
 .ARM.attributes
                0x00000e29       0x1d c:/arm-none-eabi-gcc/gcc-arm-none-eabi-10.3-2021.10/bin/../lib/gcc/arm-none-eabi/10.3.1/thumb/v7-m/nofp\libgcc.a(_arm_unorddf2.o)
 .ARM.attributes
                0x00000e46       0x1d c:/arm-none-eabi-gcc/gcc-arm-none-eabi-10.3-2021.10/bin/../lib/gcc/arm-none-eabi/10.3.1/thumb/v7-m/nofp\libgcc.a(_aeabi_uldivmod.o)
 .ARM.attributes
                0x00000e63       0x2d c:/arm-none-eabi-gcc/gcc-arm-none-eabi-10.3-2021.10/bin/../lib/gcc/arm-none-eabi/10.3.1/thumb/v7-m/nofp\libgcc.a(_udivmoddi4.o)
 .ARM.attributes
                0x00000e90       0x1d c:/arm-none-eabi-gcc/gcc-arm-none-eabi-10.3-2021.10/bin/../lib/gcc/arm-none-eabi/10.3.1/thumb/v7-m/nofp\libgcc.a(_dvmd_tls.o)
 .ARM.attributes
                0x00000ead       0x1d c:/arm-none-eabi-gcc/gcc-arm-none-eabi-10.3-2021.10/bin/../lib/gcc/arm-none-eabi/10.3.1/thumb/v7-m/nofp/crtn.o
OUTPUT(Snake.elf elf32-littlearm)
LOAD linker stubs
LOAD c:/arm-none-eabi-gcc/gcc-arm-none-eabi-10.3-2021.10/bin/../lib/gcc/arm-none-eabi/10.3.1/../../../../arm-none-eabi/lib/thumb/v7-m/nofp\libc.a
LOAD c:/arm-none-eabi-gcc/gcc-arm-none-eabi-10.3-2021.10/bin/../lib/gcc/arm-none-eabi/10.3.1/../../../../arm-none-eabi/lib/thumb/v7-m/nofp\libm.a
LOAD c:/arm-none-eabi-gcc/gcc-arm-none-eabi-10.3-2021.10/bin/../lib/gcc/arm-none-eabi/10.3.1/thumb/v7-m/nofp\libgcc.a

.debug_info     0x00000000    0x12131
 .debug_info    0x00000000      0x332 CMakeFiles/Snake.elf.dir/Core/Src/font.c.obj
 .debug_info    0x00000332      0x4d6 CMakeFiles/Snake.elf.dir/Core/Src/gpio.c.obj
 .debug_info    0x00000808      0x8a6 CMakeFiles/Snake.elf.dir/Core/Src/i2c.c.obj
 .debug_info    0x000010ae      0xa71 CMakeFiles/Snake.elf.dir/Core/Src/main.c.obj
 .debug_info    0x00001b1f     0x216d CMakeFiles/Snake.elf.dir/Core/Src/oled.c.obj
 .debug_info    0x00003c8c      0xb78 CMakeFiles/Snake.elf.dir/Core/Src/snake.c.obj
 .debug_info    0x00004804      0x211 CMakeFiles/Snake.elf.dir/Core/Src/stm32f1xx_hal_msp.c.obj
 .debug_info    0x00004a15      0x7bc CMakeFiles/Snake.elf.dir/Core/Src/stm32f1xx_it.c.obj
 .debug_info    0x000051d1      0x7af CMakeFiles/Snake.elf.dir/Core/Src/syscalls.c.obj
 .debug_info    0x00005980      0x174 CMakeFiles/Snake.elf.dir/Core/Src/sysmem.c.obj
 .debug_info    0x00005af4      0x248 CMakeFiles/Snake.elf.dir/Core/Src/system_stm32f1xx.c.obj
 .debug_info    0x00005d3c      0xb34 CMakeFiles/Snake.elf.dir/Core/Src/tim.c.obj
 .debug_info    0x00006870       0x22 CMakeFiles/Snake.elf.dir/Core/Startup/startup_stm32f103c8tx.s.obj
 .debug_info    0x00006892      0x7a8 CMakeFiles/Snake.elf.dir/Drivers/STM32F1xx_HAL_Driver/Src/stm32f1xx_hal.c.obj
 .debug_info    0x0000703a      0xd8a CMakeFiles/Snake.elf.dir/Drivers/STM32F1xx_HAL_Driver/Src/stm32f1xx_hal_cortex.c.obj
 .debug_info    0x00007dc4      0x66f CMakeFiles/Snake.elf.dir/Drivers/STM32F1xx_HAL_Driver/Src/stm32f1xx_hal_gpio.c.obj
 .debug_info    0x00008433     0x3ab6 CMakeFiles/Snake.elf.dir/Drivers/STM32F1xx_HAL_Driver/Src/stm32f1xx_hal_i2c.c.obj
 .debug_info    0x0000bee9      0xa3b CMakeFiles/Snake.elf.dir/Drivers/STM32F1xx_HAL_Driver/Src/stm32f1xx_hal_rcc.c.obj
 .debug_info    0x0000c924     0x3d52 CMakeFiles/Snake.elf.dir/Drivers/STM32F1xx_HAL_Driver/Src/stm32f1xx_hal_tim.c.obj
 .debug_info    0x00010676     0x1abb CMakeFiles/Snake.elf.dir/Drivers/STM32F1xx_HAL_Driver/Src/stm32f1xx_hal_tim_ex.c.obj

.debug_abbrev   0x00000000     0x24c7
 .debug_abbrev  0x00000000       0xea CMakeFiles/Snake.elf.dir/Core/Src/font.c.obj
 .debug_abbrev  0x000000ea      0x158 CMakeFiles/Snake.elf.dir/Core/Src/gpio.c.obj
 .debug_abbrev  0x00000242      0x1c1 CMakeFiles/Snake.elf.dir/Core/Src/i2c.c.obj
 .debug_abbrev  0x00000403      0x22b CMakeFiles/Snake.elf.dir/Core/Src/main.c.obj
 .debug_abbrev  0x0000062e      0x336 CMakeFiles/Snake.elf.dir/Core/Src/oled.c.obj
 .debug_abbrev  0x00000964      0x252 CMakeFiles/Snake.elf.dir/Core/Src/snake.c.obj
 .debug_abbrev  0x00000bb6       0xe5 CMakeFiles/Snake.elf.dir/Core/Src/stm32f1xx_hal_msp.c.obj
 .debug_abbrev  0x00000c9b      0x1bf CMakeFiles/Snake.elf.dir/Core/Src/stm32f1xx_it.c.obj
 .debug_abbrev  0x00000e5a      0x1a3 CMakeFiles/Snake.elf.dir/Core/Src/syscalls.c.obj
 .debug_abbrev  0x00000ffd       0xe7 CMakeFiles/Snake.elf.dir/Core/Src/sysmem.c.obj
 .debug_abbrev  0x000010e4      0x13e CMakeFiles/Snake.elf.dir/Core/Src/system_stm32f1xx.c.obj
 .debug_abbrev  0x00001222      0x1de CMakeFiles/Snake.elf.dir/Core/Src/tim.c.obj
 .debug_abbrev  0x00001400       0x12 CMakeFiles/Snake.elf.dir/Core/Startup/startup_stm32f103c8tx.s.obj
 .debug_abbrev  0x00001412      0x1f4 CMakeFiles/Snake.elf.dir/Drivers/STM32F1xx_HAL_Driver/Src/stm32f1xx_hal.c.obj
 .debug_abbrev  0x00001606      0x341 CMakeFiles/Snake.elf.dir/Drivers/STM32F1xx_HAL_Driver/Src/stm32f1xx_hal_cortex.c.obj
 .debug_abbrev  0x00001947      0x1e6 CMakeFiles/Snake.elf.dir/Drivers/STM32F1xx_HAL_Driver/Src/stm32f1xx_hal_gpio.c.obj
 .debug_abbrev  0x00001b2d      0x293 CMakeFiles/Snake.elf.dir/Drivers/STM32F1xx_HAL_Driver/Src/stm32f1xx_hal_i2c.c.obj
 .debug_abbrev  0x00001dc0      0x27a CMakeFiles/Snake.elf.dir/Drivers/STM32F1xx_HAL_Driver/Src/stm32f1xx_hal_rcc.c.obj
 .debug_abbrev  0x0000203a      0x245 CMakeFiles/Snake.elf.dir/Drivers/STM32F1xx_HAL_Driver/Src/stm32f1xx_hal_tim.c.obj
 .debug_abbrev  0x0000227f      0x248 CMakeFiles/Snake.elf.dir/Drivers/STM32F1xx_HAL_Driver/Src/stm32f1xx_hal_tim_ex.c.obj

.debug_aranges  0x00000000      0xe18
 .debug_aranges
                0x00000000       0x18 CMakeFiles/Snake.elf.dir/Core/Src/font.c.obj
 .debug_aranges
                0x00000018       0x20 CMakeFiles/Snake.elf.dir/Core/Src/gpio.c.obj
 .debug_aranges
                0x00000038       0x30 CMakeFiles/Snake.elf.dir/Core/Src/i2c.c.obj
 .debug_aranges
                0x00000068       0x40 CMakeFiles/Snake.elf.dir/Core/Src/main.c.obj
 .debug_aranges
                0x000000a8       0xf8 CMakeFiles/Snake.elf.dir/Core/Src/oled.c.obj
 .debug_aranges
                0x000001a0       0x48 CMakeFiles/Snake.elf.dir/Core/Src/snake.c.obj
 .debug_aranges
                0x000001e8       0x20 CMakeFiles/Snake.elf.dir/Core/Src/stm32f1xx_hal_msp.c.obj
 .debug_aranges
                0x00000208       0x88 CMakeFiles/Snake.elf.dir/Core/Src/stm32f1xx_it.c.obj
 .debug_aranges
                0x00000290       0xa8 CMakeFiles/Snake.elf.dir/Core/Src/syscalls.c.obj
 .debug_aranges
                0x00000338       0x20 CMakeFiles/Snake.elf.dir/Core/Src/sysmem.c.obj
 .debug_aranges
                0x00000358       0x28 CMakeFiles/Snake.elf.dir/Core/Src/system_stm32f1xx.c.obj
 .debug_aranges
                0x00000380       0x38 CMakeFiles/Snake.elf.dir/Core/Src/tim.c.obj
 .debug_aranges
                0x000003b8       0x28 CMakeFiles/Snake.elf.dir/Core/Startup/startup_stm32f103c8tx.s.obj
 .debug_aranges
                0x000003e0       0xe0 CMakeFiles/Snake.elf.dir/Drivers/STM32F1xx_HAL_Driver/Src/stm32f1xx_hal.c.obj
 .debug_aranges
                0x000004c0       0x90 CMakeFiles/Snake.elf.dir/Drivers/STM32F1xx_HAL_Driver/Src/stm32f1xx_hal_cortex.c.obj
 .debug_aranges
                0x00000550       0x58 CMakeFiles/Snake.elf.dir/Drivers/STM32F1xx_HAL_Driver/Src/stm32f1xx_hal_gpio.c.obj
 .debug_aranges
                0x000005a8      0x2a8 CMakeFiles/Snake.elf.dir/Drivers/STM32F1xx_HAL_Driver/Src/stm32f1xx_hal_i2c.c.obj
 .debug_aranges
                0x00000850       0x90 CMakeFiles/Snake.elf.dir/Drivers/STM32F1xx_HAL_Driver/Src/stm32f1xx_hal_rcc.c.obj
 .debug_aranges
                0x000008e0      0x3d0 CMakeFiles/Snake.elf.dir/Drivers/STM32F1xx_HAL_Driver/Src/stm32f1xx_hal_tim.c.obj
 .debug_aranges
                0x00000cb0      0x168 CMakeFiles/Snake.elf.dir/Drivers/STM32F1xx_HAL_Driver/Src/stm32f1xx_hal_tim_ex.c.obj

.debug_line     0x00000000    0x10af0
 .debug_line    0x00000000      0x12c CMakeFiles/Snake.elf.dir/Core/Src/font.c.obj
 .debug_line    0x0000012c      0x20d CMakeFiles/Snake.elf.dir/Core/Src/gpio.c.obj
 .debug_line    0x00000339      0x30f CMakeFiles/Snake.elf.dir/Core/Src/i2c.c.obj
 .debug_line    0x00000648      0x3fd CMakeFiles/Snake.elf.dir/Core/Src/main.c.obj
 .debug_line    0x00000a45      0xef3 CMakeFiles/Snake.elf.dir/Core/Src/oled.c.obj
 .debug_line    0x00001938      0x60a CMakeFiles/Snake.elf.dir/Core/Src/snake.c.obj
 .debug_line    0x00001f42      0x18b CMakeFiles/Snake.elf.dir/Core/Src/stm32f1xx_hal_msp.c.obj
 .debug_line    0x000020cd      0x38b CMakeFiles/Snake.elf.dir/Core/Src/stm32f1xx_it.c.obj
 .debug_line    0x00002458      0x418 CMakeFiles/Snake.elf.dir/Core/Src/syscalls.c.obj
 .debug_line    0x00002870      0x1d9 CMakeFiles/Snake.elf.dir/Core/Src/sysmem.c.obj
 .debug_line    0x00002a49      0x254 CMakeFiles/Snake.elf.dir/Core/Src/system_stm32f1xx.c.obj
 .debug_line    0x00002c9d      0x3e9 CMakeFiles/Snake.elf.dir/Core/Src/tim.c.obj
 .debug_line    0x00003086       0x97 CMakeFiles/Snake.elf.dir/Core/Startup/startup_stm32f103c8tx.s.obj
 .debug_line    0x0000311d      0x564 CMakeFiles/Snake.elf.dir/Drivers/STM32F1xx_HAL_Driver/Src/stm32f1xx_hal.c.obj
 .debug_line    0x00003681      0x65b CMakeFiles/Snake.elf.dir/Drivers/STM32F1xx_HAL_Driver/Src/stm32f1xx_hal_cortex.c.obj
 .debug_line    0x00003cdc      0x603 CMakeFiles/Snake.elf.dir/Drivers/STM32F1xx_HAL_Driver/Src/stm32f1xx_hal_gpio.c.obj
 .debug_line    0x000042df     0x5626 CMakeFiles/Snake.elf.dir/Drivers/STM32F1xx_HAL_Driver/Src/stm32f1xx_hal_i2c.c.obj
 .debug_line    0x00009905      0xc40 CMakeFiles/Snake.elf.dir/Drivers/STM32F1xx_HAL_Driver/Src/stm32f1xx_hal_rcc.c.obj
 .debug_line    0x0000a545     0x499b CMakeFiles/Snake.elf.dir/Drivers/STM32F1xx_HAL_Driver/Src/stm32f1xx_hal_tim.c.obj
 .debug_line    0x0000eee0     0x1c10 CMakeFiles/Snake.elf.dir/Drivers/STM32F1xx_HAL_Driver/Src/stm32f1xx_hal_tim_ex.c.obj

.debug_str      0x00000000     0x401c
 .debug_str     0x00000000      0x21b CMakeFiles/Snake.elf.dir/Core/Src/font.c.obj
                                0x267 (size before relaxing)
 .debug_str     0x0000021b      0x3d5 CMakeFiles/Snake.elf.dir/Core/Src/gpio.c.obj
                                0x579 (size before relaxing)
 .debug_str     0x000005f0      0x4c8 CMakeFiles/Snake.elf.dir/Core/Src/i2c.c.obj
                                0x761 (size before relaxing)
 .debug_str     0x00000ab8      0x522 CMakeFiles/Snake.elf.dir/Core/Src/main.c.obj
                                0x93d (size before relaxing)
 .debug_str     0x00000fda      0x321 CMakeFiles/Snake.elf.dir/Core/Src/oled.c.obj
                                0x9a2 (size before relaxing)