Archive member included to satisfy reference by file (symbol)

c:/arm-none-eabi-gcc/gcc-arm-none-eabi-10.3-2021.10/bin/../lib/gcc/arm-none-eabi/10.3.1/thumb/v7-m/nofp\libgcc.a(_arm_muldf3.o)
                              CMakeFiles/Snake.elf.dir/Core/Src/oled.c.obj (__aeabi_dmul)
c:/arm-none-eabi-gcc/gcc-arm-none-eabi-10.3-2021.10/bin/../lib/gcc/arm-none-eabi/10.3.1/thumb/v7-m/nofp\libgcc.a(_arm_addsubdf3.o)
                              CMakeFiles/Snake.elf.dir/Core/Src/oled.c.obj (__aeabi_dsub)
c:/arm-none-eabi-gcc/gcc-arm-none-eabi-10.3-2021.10/bin/../lib/gcc/arm-none-eabi/10.3.1/thumb/v7-m/nofp\libgcc.a(_arm_fixdfsi.o)
                              CMakeFiles/Snake.elf.dir/Core/Src/oled.c.obj (__aeabi_d2iz)
c:/arm-none-eabi-gcc/gcc-arm-none-eabi-10.3-2021.10/bin/../lib/gcc/arm-none-eabi/10.3.1/../../../../arm-none-eabi/lib/thumb/v7-m/nofp\libg.a(lib_a-errno.o)
                              CMakeFiles/Snake.elf.dir/Core/Src/syscalls.c.obj (__errno)
c:/arm-none-eabi-gcc/gcc-arm-none-eabi-10.3-2021.10/bin/../lib/gcc/arm-none-eabi/10.3.1/../../../../arm-none-eabi/lib/thumb/v7-m/nofp\libg.a(lib_a-exit.o)
                              c:/arm-none-eabi-gcc/gcc-arm-none-eabi-10.3-2021.10/bin/../lib/gcc/arm-none-eabi/10.3.1/../../../../arm-none-eabi/lib/thumb/v7-m/nofp/crt0.o (exit)
c:/arm-none-eabi-gcc/gcc-arm-none-eabi-10.3-2021.10/bin/../lib/gcc/arm-none-eabi/10.3.1/../../../../arm-none-eabi/lib/thumb/v7-m/nofp\libg.a(lib_a-impure.o)
                              c:/arm-none-eabi-gcc/gcc-arm-none-eabi-10.3-2021.10/bin/../lib/gcc/arm-none-eabi/10.3.1/../../../../arm-none-eabi/lib/thumb/v7-m/nofp\libg.a(lib_a-exit.o) (_global_impure_ptr)
c:/arm-none-eabi-gcc/gcc-arm-none-eabi-10.3-2021.10/bin/../lib/gcc/arm-none-eabi/10.3.1/../../../../arm-none-eabi/lib/thumb/v7-m/nofp\libg.a(lib_a-init.o)
                              c:/arm-none-eabi-gcc/gcc-arm-none-eabi-10.3-2021.10/bin/../lib/gcc/arm-none-eabi/10.3.1/../../../../arm-none-eabi/lib/thumb/v7-m/nofp/crt0.o (__libc_init_array)
c:/arm-none-eabi-gcc/gcc-arm-none-eabi-10.3-2021.10/bin/../lib/gcc/arm-none-eabi/10.3.1/../../../../arm-none-eabi/lib/thumb/v7-m/nofp\libg.a(lib_a-memcmp.o)
                              CMakeFiles/Snake.elf.dir/Core/Src/oled.c.obj (memcmp)
c:/arm-none-eabi-gcc/gcc-arm-none-eabi-10.3-2021.10/bin/../lib/gcc/arm-none-eabi/10.3.1/../../../../arm-none-eabi/lib/thumb/v7-m/nofp\libg.a(lib_a-memcpy.o)
                              CMakeFiles/Snake.elf.dir/Core/Src/oled.c.obj (memcpy)
c:/arm-none-eabi-gcc/gcc-arm-none-eabi-10.3-2021.10/bin/../lib/gcc/arm-none-eabi/10.3.1/../../../../arm-none-eabi/lib/thumb/v7-m/nofp\libg.a(lib_a-memset.o)
                              c:/arm-none-eabi-gcc/gcc-arm-none-eabi-10.3-2021.10/bin/../lib/gcc/arm-none-eabi/10.3.1/../../../../arm-none-eabi/lib/thumb/v7-m/nofp/crt0.o (memset)
c:/arm-none-eabi-gcc/gcc-arm-none-eabi-10.3-2021.10/bin/../lib/gcc/arm-none-eabi/10.3.1/../../../../arm-none-eabi/lib/thumb/v7-m/nofp\libg.a(lib_a-rand.o)
                              CMakeFiles/Snake.elf.dir/Core/Src/snake.c.obj (rand)
c:/arm-none-eabi-gcc/gcc-arm-none-eabi-10.3-2021.10/bin/../lib/gcc/arm-none-eabi/10.3.1/../../../../arm-none-eabi/lib/thumb/v7-m/nofp\libg.a(lib_a-__call_atexit.o)
                              c:/arm-none-eabi-gcc/gcc-arm-none-eabi-10.3-2021.10/bin/../lib/gcc/arm-none-eabi/10.3.1/../../../../arm-none-eabi/lib/thumb/v7-m/nofp\libg.a(lib_a-exit.o) (__call_exitprocs)
c:/arm-none-eabi-gcc/gcc-arm-none-eabi-10.3-2021.10/bin/../lib/gcc/arm-none-eabi/10.3.1/../../../../arm-none-eabi/lib/thumb/v7-m/nofp\libg.a(lib_a-atexit.o)
                              c:/arm-none-eabi-gcc/gcc-arm-none-eabi-10.3-2021.10/bin/../lib/gcc/arm-none-eabi/10.3.1/../../../../arm-none-eabi/lib/thumb/v7-m/nofp\libg.a(lib_a-__call_atexit.o) (atexit)
c:/arm-none-eabi-gcc/gcc-arm-none-eabi-10.3-2021.10/bin/../lib/gcc/arm-none-eabi/10.3.1/../../../../arm-none-eabi/lib/thumb/v7-m/nofp\libg.a(lib_a-fini.o)
                              c:/arm-none-eabi-gcc/gcc-arm-none-eabi-10.3-2021.10/bin/../lib/gcc/arm-none-eabi/10.3.1/../../../../arm-none-eabi/lib/thumb/v7-m/nofp\libg.a(lib_a-__call_atexit.o) (__libc_fini_array)
c:/arm-none-eabi-gcc/gcc-arm-none-eabi-10.3-2021.10/bin/../lib/gcc/arm-none-eabi/10.3.1/../../../../arm-none-eabi/lib/thumb/v7-m/nofp\libg.a(lib_a-lock.o)
                              c:/arm-none-eabi-gcc/gcc-arm-none-eabi-10.3-2021.10/bin/../lib/gcc/arm-none-eabi/10.3.1/../../../../arm-none-eabi/lib/thumb/v7-m/nofp\libg.a(lib_a-__call_atexit.o) (__retarget_lock_acquire_recursive)
c:/arm-none-eabi-gcc/gcc-arm-none-eabi-10.3-2021.10/bin/../lib/gcc/arm-none-eabi/10.3.1/../../../../arm-none-eabi/lib/thumb/v7-m/nofp\libg.a(lib_a-__atexit.o)
                              c:/arm-none-eabi-gcc/gcc-arm-none-eabi-10.3-2021.10/bin/../lib/gcc/arm-none-eabi/10.3.1/../../../../arm-none-eabi/lib/thumb/v7-m/nofp\libg.a(lib_a-atexit.o) (__register_exitproc)

Discarded input sections

[...]
Memory Configuration

Name             Origin             Length             Attributes
RAM              0x20000000         0x00005000         xrw
FLASH            0x08000000         0x00010000         xr
*default*        0x00000000         0xffffffff

Linker script and memory map

LOAD c:/arm-none-eabi-gcc/gcc-arm-none-eabi-10.3-2021.10/bin/../lib/gcc/arm-none-eabi/10.3.1/thumb/v7-m/nofp/crti.o
LOAD c:/arm-none-eabi-gcc/gcc-arm-none-eabi-10.3-2021.10/bin/../lib/gcc/arm-none-eabi/10.3.1/thumb/v7-m/nofp/crtbegin.o
LOAD c:/arm-none-eabi-gcc/gcc-arm-none-eabi-10.3-2021.10/bin/../lib/gcc/arm-none-eabi/10.3.1/../../../../arm-none-eabi/lib/thumb/v7-m/nofp/crt0.o
LOAD CMakeFiles/Snake.elf.dir/Core/Src/font.c.obj
LOAD CMakeFiles/Snake.elf.dir/Core/Src/gpio.c.obj
LOAD CMakeFiles/Snake.elf.dir/Core/Src/i2c.c.obj
LOAD CMakeFiles/Snake.elf.dir/Core/Src/main.c.obj
LOAD CMakeFiles/Snake.elf.dir/Core/Src/oled.c.obj
LOAD CMakeFiles/Snake.elf.dir/Core/Src/snake.c.obj
LOAD CMakeFiles/Snake.elf.dir/Core/Src/stm32f1xx_hal_msp.c.obj
LOAD CMakeFiles/Snake.elf.dir/Core/Src/stm32f1xx_it.c.obj
LOAD CMakeFiles/Snake.elf.dir/Core/Src/syscalls.c.obj
LOAD CMakeFiles/Snake.elf.dir/Core/Src/sysmem.c.obj
LOAD CMakeFiles/Snake.elf.dir/Core/Src/system_stm32f1xx.c.obj
LOAD CMakeFiles/Snake.elf.dir/Core/Src/tim.c.obj
LOAD CMakeFiles/Snake.elf.dir/Core/Startup/startup_stm32f103c8tx.s.obj
LOAD CMakeFiles/Snake.elf.dir/Drivers/STM32F1xx_HAL_Driver/Src/stm32f1xx_hal.c.obj
LOAD CMakeFiles/Snake.elf.dir/Drivers/STM32F1xx_HAL_Driver/Src/stm32f1xx_hal_cortex.c.obj
LOAD CMakeFiles/Snake.elf.dir/Drivers/STM32F1xx_HAL_Driver/Src/stm32f1xx_hal_dma.c.obj
LOAD CMakeFiles/Snake.elf.dir/Drivers/STM32F1xx_HAL_Driver/Src/stm32f1xx_hal_exti.c.obj
LOAD CMakeFiles/Snake.elf.dir/Drivers/STM32F1xx_HAL_Driver/Src/stm32f1xx_hal_flash.c.obj
LOAD CMakeFiles/Snake.elf.dir/Drivers/STM32F1xx_HAL_Driver/Src/stm32f1xx_hal_flash_ex.c.obj
LOAD CMakeFiles/Snake.elf.dir/Drivers/STM32F1xx_HAL_Driver/Src/stm32f1xx_hal_gpio.c.obj
LOAD CMakeFiles/Snake.elf.dir/Drivers/STM32F1xx_HAL_Driver/Src/stm32f1xx_hal_gpio_ex.c.obj
LOAD CMakeFiles/Snake.elf.dir/Drivers/STM32F1xx_HAL_Driver/Src/stm32f1xx_hal_i2c.c.obj
LOAD CMakeFiles/Snake.elf.dir/Drivers/STM32F1xx_HAL_Driver/Src/stm32f1xx_hal_pwr.c.obj
LOAD CMakeFiles/Snake.elf.dir/Drivers/STM32F1xx_HAL_Driver/Src/stm32f1xx_hal_rcc.c.obj
LOAD CMakeFiles/Snake.elf.dir/Drivers/STM32F1xx_HAL_Driver/Src/stm32f1xx_hal_rcc_ex.c.obj
LOAD CMakeFiles/Snake.elf.dir/Drivers/STM32F1xx_HAL_Driver/Src/stm32f1xx_hal_tim.c.obj
LOAD CMakeFiles/Snake.elf.dir/Drivers/STM32F1xx_HAL_Driver/Src/stm32f1xx_hal_tim_ex.c.obj
START GROUP
LOAD c:/arm-none-eabi-gcc/gcc-arm-none-eabi-10.3-2021.10/bin/../lib/gcc/arm-none-eabi/10.3.1/thumb/v7-m/nofp\libgcc.a
LOAD c:/arm-none-eabi-gcc/gcc-arm-none-eabi-10.3-2021.10/bin/../lib/gcc/arm-none-eabi/10.3.1/../../../../arm-none-eabi/lib/thumb/v7-m/nofp\libg.a
LOAD c:/arm-none-eabi-gcc/gcc-arm-none-eabi-10.3-2021.10/bin/../lib/gcc/arm-none-eabi/10.3.1/../../../../arm-none-eabi/lib/thumb/v7-m/nofp\libc.a
END GROUP
LOAD c:/arm-none-eabi-gcc/gcc-arm-none-eabi-10.3-2021.10/bin/../lib/gcc/arm-none-eabi/10.3.1/thumb/v7-m/nofp/crtend.o
LOAD c:/arm-none-eabi-gcc/gcc-arm-none-eabi-10.3-2021.10/bin/../lib/gcc/arm-none-eabi/10.3.1/thumb/v7-m/nofp/crtn.o
                0x20005000                _estack = (ORIGIN (RAM) + LENGTH (RAM))
                0x00000200                _Min_Heap_Size = 0x200
                0x00000400                _Min_Stack_Size = 0x400

.isr_vector     0x08000000      0x10c
                0x08000000                . = ALIGN (0x4)
 *(.isr_vector)
 .isr_vector    0x08000000      0x10c CMakeFiles/Snake.elf.dir/Core/Startup/startup_stm32f103c8tx.s.obj
                0x08000000                g_pfnVectors
                0x0800010c                . = ALIGN (0x4)

.text           0x0800010c     0x214c
                0x0800010c                . = ALIGN (0x4)
 *(.text)
 .text          0x0800010c       0x40 c:/arm-none-eabi-gcc/gcc-arm-none-eabi-10.3-2021.10/bin/../lib/gcc/arm-none-eabi/10.3.1/thumb/v7-m/nofp/crtbegin.o
 .text          0x0800014c       0xec c:/arm-none-eabi-gcc/gcc-arm-none-eabi-10.3-2021.10/bin/../lib/gcc/arm-none-eabi/10.3.1/../../../../arm-none-eabi/lib/thumb/v7-m/nofp\libg.a(lib_a-memcpy.o)
                0x0800014c                memcpy
 *(.text*)
 .text.MX_GPIO_Init
                0x08000238       0xac CMakeFiles/Snake.elf.dir/Core/Src/gpio.c.obj
                0x08000238                MX_GPIO_Init
 .text.MX_I2C2_Init
                0x080002e4       0x3c CMakeFiles/Snake.elf.dir/Core/Src/i2c.c.obj
                0x080002e4                MX_I2C2_Init
 .text.HAL_I2C_MspInit
                0x08000320       0x64 CMakeFiles/Snake.elf.dir/Core/Src/i2c.c.obj
                0x08000320                HAL_I2C_MspInit
 .text.HAL_GPIO_EXTI_Callback
                0x08000384       0x34 CMakeFiles/Snake.elf.dir/Core/Src/main.c.obj
                0x08000384                HAL_GPIO_EXTI_Callback
 .text.HAL_TIM_PeriodElapsedCallback
                0x080003b8        0xc CMakeFiles/Snake.elf.dir/Core/Src/main.c.obj
                0x080003b8                HAL_TIM_PeriodElapsedCallback
 .text.Error_Handler
                0x080003c4        0x4 CMakeFiles/Snake.elf.dir/Core/Src/main.c.obj
                0x080003c4                Error_Handler
 .text.SystemClock_Config
                0x080003c8       0x64 CMakeFiles/Snake.elf.dir/Core/Src/main.c.obj
                0x080003c8                SystemClock_Config
 .text.main     0x0800042c       0x30 CMakeFiles/Snake.elf.dir/Core/Src/main.c.obj
                0x0800042c                main
 .text.OLED_Send
                0x0800045c       0x20 CMakeFiles/Snake.elf.dir/Core/Src/oled.c.obj
                0x0800045c                OLED_Send
 .text.OLED_SendCmd
                0x0800047c       0x14 CMakeFiles/Snake.elf.dir/Core/Src/oled.c.obj
                0x0800047c                OLED_SendCmd
 .text.OLED_NewFrame
                0x08000490       0x14 CMakeFiles/Snake.elf.dir/Core/Src/oled.c.obj
                0x08000490                OLED_NewFrame
 .text.OLED_ShowFrame
                0x080004a4       0x4c CMakeFiles/Snake.elf.dir/Core/Src/oled.c.obj
                0x080004a4                OLED_ShowFrame
 .text.OLED_Init
                0x080004f0       0xb4 CMakeFiles/Snake.elf.dir/Core/Src/oled.c.obj
                0x080004f0                OLED_Init
 .text.OLED_SetPixel
                0x080005a4       0x48 CMakeFiles/Snake.elf.dir/Core/Src/oled.c.obj
                0x080005a4                OLED_SetPixel
 .text.OLED_DrawLine
                0x080005ec      0x13c CMakeFiles/Snake.elf.dir/Core/Src/oled.c.obj
                0x080005ec                OLED_DrawLine
 .text.OLED_DrawFilledRectangle
                0x08000728       0x3a CMakeFiles/Snake.elf.dir/Core/Src/oled.c.obj
                0x08000728                OLED_DrawFilledRectangle
 *fill*         0x08000762        0x2 
 .text.CreateMap
                0x08000764       0x50 CMakeFiles/Snake.elf.dir/Core/Src/snake.c.obj
                0x08000764                CreateMap
 .text.GenerateFood
                0x080007b4       0x68 CMakeFiles/Snake.elf.dir/Core/Src/snake.c.obj
                0x080007b4                GenerateFood
 .text.InitSnake
                0x0800081c       0x40 CMakeFiles/Snake.elf.dir/Core/Src/snake.c.obj
                0x0800081c                InitSnake
 .text.UpdateSnake
                0x0800085c       0xe0 CMakeFiles/Snake.elf.dir/Core/Src/snake.c.obj
                0x0800085c                UpdateSnake
 .text.ChangeDirection
                0x0800093c       0x14 CMakeFiles/Snake.elf.dir/Core/Src/snake.c.obj
                0x0800093c                ChangeDirection
 .text.PrintData
                0x08000950       0x68 CMakeFiles/Snake.elf.dir/Core/Src/snake.c.obj
                0x08000950                PrintData
 .text.HAL_MspInit
                0x080009b8       0x44 CMakeFiles/Snake.elf.dir/Core/Src/stm32f1xx_hal_msp.c.obj
                0x080009b8                HAL_MspInit
 .text.NMI_Handler
                0x080009fc        0x2 CMakeFiles/Snake.elf.dir/Core/Src/stm32f1xx_it.c.obj
                0x080009fc                NMI_Handler
 .text.HardFault_Handler
                0x080009fe        0x2 CMakeFiles/Snake.elf.dir/Core/Src/stm32f1xx_it.c.obj
                0x080009fe                HardFault_Handler
 .text.MemManage_Handler
                0x08000a00        0x2 CMakeFiles/Snake.elf.dir/Core/Src/stm32f1xx_it.c.obj
                0x08000a00                MemManage_Handler
 .text.BusFault_Handler
                0x08000a02        0x2 CMakeFiles/Snake.elf.dir/Core/Src/stm32f1xx_it.c.obj
                0x08000a02                BusFault_Handler
 .text.UsageFault_Handler
                0x08000a04        0x2 CMakeFiles/Snake.elf.dir/Core/Src/stm32f1xx_it.c.obj
                0x08000a04                UsageFault_Handler
 .text.SVC_Handler
                0x08000a06        0x2 CMakeFiles/Snake.elf.dir/Core/Src/stm32f1xx_it.c.obj
                0x08000a06                SVC_Handler
 .text.DebugMon_Handler
                0x08000a08        0x2 CMakeFiles/Snake.elf.dir/Core/Src/stm32f1xx_it.c.obj
                0x08000a08                DebugMon_Handler
 .text.PendSV_Handler
                0x08000a0a        0x2 CMakeFiles/Snake.elf.dir/Core/Src/stm32f1xx_it.c.obj
                0x08000a0a                PendSV_Handler
 .text.SysTick_Handler
                0x08000a0c        0x8 CMakeFiles/Snake.elf.dir/Core/Src/stm32f1xx_it.c.obj
                0x08000a0c                SysTick_Handler
 .text.EXTI0_IRQHandler
                0x08000a14        0xa CMakeFiles/Snake.elf.dir/Core/Src/stm32f1xx_it.c.obj
                0x08000a14                EXTI0_IRQHandler
 .text.EXTI1_IRQHandler
                0x08000a1e        0xa CMakeFiles/Snake.elf.dir/Core/Src/stm32f1xx_it.c.obj
                0x08000a1e                EXTI1_IRQHandler
 .text.EXTI2_IRQHandler
                0x08000a28        0xa CMakeFiles/Snake.elf.dir/Core/Src/stm32f1xx_it.c.obj
                0x08000a28                EXTI2_IRQHandler
 .text.EXTI3_IRQHandler
                0x08000a32        0xa CMakeFiles/Snake.elf.dir/Core/Src/stm32f1xx_it.c.obj
                0x08000a32                EXTI3_IRQHandler
 .text.TIM4_IRQHandler
                0x08000a3c       0x10 CMakeFiles/Snake.elf.dir/Core/Src/stm32f1xx_it.c.obj
                0x08000a3c                TIM4_IRQHandler
 .text.SystemInit
                0x08000a4c        0x2 CMakeFiles/Snake.elf.dir/Core/Src/system_stm32f1xx.c.obj
                0x08000a4c                SystemInit
 *fill*         0x08000a4e        0x2 
 .text.MX_TIM4_Init
                0x08000a50       0x70 CMakeFiles/Snake.elf.dir/Core/Src/tim.c.obj
                0x08000a50                MX_TIM4_Init
 .text.HAL_TIM_Base_MspInit
                0x08000ac0       0x40 CMakeFiles/Snake.elf.dir/Core/Src/tim.c.obj
                0x08000ac0                HAL_TIM_Base_MspInit
 .text.Reset_Handler
                0x08000b00       0x48 CMakeFiles/Snake.elf.dir/Core/Startup/startup_stm32f103c8tx.s.obj
                0x08000b00                Reset_Handler
 .text.Default_Handler
                0x08000b48        0x2 CMakeFiles/Snake.elf.dir/Core/Startup/startup_stm32f103c8tx.s.obj
                0x08000b48                RTC_Alarm_IRQHandler
                0x08000b48                TIM1_CC_IRQHandler
                0x08000b48                PVD_IRQHandler
                0x08000b48                I2C2_EV_IRQHandler
                0x08000b48                ADC1_2_IRQHandler
                0x08000b48                SPI1_IRQHandler
                0x08000b48                TAMPER_IRQHandler
                0x08000b48                DMA1_Channel4_IRQHandler
                0x08000b48                USART3_IRQHandler
                0x08000b48                RTC_IRQHandler
                0x08000b48                DMA1_Channel7_IRQHandler
                0x08000b48                CAN1_RX1_IRQHandler
                0x08000b48                I2C1_EV_IRQHandler
                0x08000b48                DMA1_Channel6_IRQHandler
                0x08000b48                TIM3_IRQHandler
                0x08000b48                RCC_IRQHandler
                0x08000b48                TIM1_TRG_COM_IRQHandler
                0x08000b48                DMA1_Channel1_IRQHandler
                0x08000b48                Default_Handler
                0x08000b48                EXTI15_10_IRQHandler
                0x08000b48                EXTI9_5_IRQHandler
                0x08000b48                SPI2_IRQHandler
                0x08000b48                DMA1_Channel5_IRQHandler
                0x08000b48                EXTI4_IRQHandler
                0x08000b48                USB_LP_CAN1_RX0_IRQHandler
                0x08000b48                USB_HP_CAN1_TX_IRQHandler
                0x08000b48                DMA1_Channel3_IRQHandler
                0x08000b48                TIM1_UP_IRQHandler
                0x08000b48                WWDG_IRQHandler
                0x08000b48                TIM2_IRQHandler
                0x08000b48                TIM1_BRK_IRQHandler
                0x08000b48                USART2_IRQHandler
                0x08000b48                I2C2_ER_IRQHandler
                0x08000b48                DMA1_Channel2_IRQHandler
                0x08000b48                CAN1_SCE_IRQHandler
                0x08000b48                FLASH_IRQHandler
                0x08000b48                USART1_IRQHandler
                0x08000b48                I2C1_ER_IRQHandler
                0x08000b48                USBWakeUp_IRQHandler
 *fill*         0x08000b4a        0x2 
 .text.HAL_InitTick
                0x08000b4c       0x4c CMakeFiles/Snake.elf.dir/Drivers/STM32F1xx_HAL_Driver/Src/stm32f1xx_hal.c.obj
                0x08000b4c                HAL_InitTick
 .text.HAL_Init
                0x08000b98       0x24 CMakeFiles/Snake.elf.dir/Drivers/STM32F1xx_HAL_Driver/Src/stm32f1xx_hal.c.obj
                0x08000b98                HAL_Init
 .text.HAL_IncTick
                0x08000bbc       0x18 CMakeFiles/Snake.elf.dir/Drivers/STM32F1xx_HAL_Driver/Src/stm32f1xx_hal.c.obj
                0x08000bbc                HAL_IncTick
 .text.HAL_GetTick
                0x08000bd4        0xc CMakeFiles/Snake.elf.dir/Drivers/STM32F1xx_HAL_Driver/Src/stm32f1xx_hal.c.obj
                0x08000bd4                HAL_GetTick
 .text.HAL_Delay
                0x08000be0       0x28 CMakeFiles/Snake.elf.dir/Drivers/STM32F1xx_HAL_Driver/Src/stm32f1xx_hal.c.obj
                0x08000be0                HAL_Delay
 .text.HAL_NVIC_SetPriorityGrouping
                0x08000c08       0x24 CMakeFiles/Snake.elf.dir/Drivers/STM32F1xx_HAL_Driver/Src/stm32f1xx_hal_cortex.c.obj
                0x08000c08                HAL_NVIC_SetPriorityGrouping
 .text.HAL_NVIC_SetPriority
                0x08000c2c       0x70 CMakeFiles/Snake.elf.dir/Drivers/STM32F1xx_HAL_Driver/Src/stm32f1xx_hal_cortex.c.obj
                0x08000c2c                HAL_NVIC_SetPriority
 .text.HAL_NVIC_EnableIRQ
                0x08000c9c       0x1c CMakeFiles/Snake.elf.dir/Drivers/STM32F1xx_HAL_Driver/Src/stm32f1xx_hal_cortex.c.obj
                0x08000c9c                HAL_NVIC_EnableIRQ
 .text.HAL_SYSTICK_Config
                0x08000cb8       0x28 CMakeFiles/Snake.elf.dir/Drivers/STM32F1xx_HAL_Driver/Src/stm32f1xx_hal_cortex.c.obj
                0x08000cb8                HAL_SYSTICK_Config
 .text.HAL_GPIO_Init
                0x08000ce0      0x224 CMakeFiles/Snake.elf.dir/Drivers/STM32F1xx_HAL_Driver/Src/stm32f1xx_hal_gpio.c.obj
                0x08000ce0                HAL_GPIO_Init
 .text.HAL_GPIO_EXTI_IRQHandler
                0x08000f04       0x1c CMakeFiles/Snake.elf.dir/Drivers/STM32F1xx_HAL_Driver/Src/stm32f1xx_hal_gpio.c.obj
                0x08000f04                HAL_GPIO_EXTI_IRQHandler
 .text.I2C_IsAcknowledgeFailed
                0x08000f20       0x32 CMakeFiles/Snake.elf.dir/Drivers/STM32F1xx_HAL_Driver/Src/stm32f1xx_hal_i2c.c.obj
 .text.I2C_WaitOnFlagUntilTimeout
                0x08000f52       0xaa CMakeFiles/Snake.elf.dir/Drivers/STM32F1xx_HAL_Driver/Src/stm32f1xx_hal_i2c.c.obj
 .text.I2C_WaitOnMasterAddressFlagUntilTimeout
                0x08000ffc       0xd6 CMakeFiles/Snake.elf.dir/Drivers/STM32F1xx_HAL_Driver/Src/stm32f1xx_hal_i2c.c.obj
 *fill*         0x080010d2        0x2 
 .text.I2C_MasterRequestWrite
                0x080010d4       0xb4 CMakeFiles/Snake.elf.dir/Drivers/STM32F1xx_HAL_Driver/Src/stm32f1xx_hal_i2c.c.obj
 .text.I2C_WaitOnTXEFlagUntilTimeout
                0x08001188       0x5e CMakeFiles/Snake.elf.dir/Drivers/STM32F1xx_HAL_Driver/Src/stm32f1xx_hal_i2c.c.obj
 .text.I2C_WaitOnBTFFlagUntilTimeout
                0x080011e6       0x5e CMakeFiles/Snake.elf.dir/Drivers/STM32F1xx_HAL_Driver/Src/stm32f1xx_hal_i2c.c.obj
 .text.HAL_I2C_Init
                0x08001244      0x1bc CMakeFiles/Snake.elf.dir/Drivers/STM32F1xx_HAL_Driver/Src/stm32f1xx_hal_i2c.c.obj
                0x08001244                HAL_I2C_Init
 .text.HAL_I2C_Master_Transmit
                0x08001400      0x178 CMakeFiles/Snake.elf.dir/Drivers/STM32F1xx_HAL_Driver/Src/stm32f1xx_hal_i2c.c.obj
                0x08001400                HAL_I2C_Master_Transmit
 .text.RCC_Delay
                0x08001578       0x2c CMakeFiles/Snake.elf.dir/Drivers/STM32F1xx_HAL_Driver/Src/stm32f1xx_hal_rcc.c.obj
 .text.HAL_RCC_OscConfig
                0x080015a4      0x410 CMakeFiles/Snake.elf.dir/Drivers/STM32F1xx_HAL_Driver/Src/stm32f1xx_hal_rcc.c.obj
                0x080015a4                HAL_RCC_OscConfig
 .text.HAL_RCC_GetSysClockFreq
                0x080019b4       0x54 CMakeFiles/Snake.elf.dir/Drivers/STM32F1xx_HAL_Driver/Src/stm32f1xx_hal_rcc.c.obj
                0x080019b4                HAL_RCC_GetSysClockFreq
 .text.HAL_RCC_ClockConfig
                0x08001a08      0x16c CMakeFiles/Snake.elf.dir/Drivers/STM32F1xx_HAL_Driver/Src/stm32f1xx_hal_rcc.c.obj
                0x08001a08                HAL_RCC_ClockConfig
 .text.HAL_RCC_GetHCLKFreq
                0x08001b74        0xc CMakeFiles/Snake.elf.dir/Drivers/STM32F1xx_HAL_Driver/Src/stm32f1xx_hal_rcc.c.obj
                0x08001b74                HAL_RCC_GetHCLKFreq
 .text.HAL_RCC_GetPCLK1Freq
                0x08001b80       0x20 CMakeFiles/Snake.elf.dir/Drivers/STM32F1xx_HAL_Driver/Src/stm32f1xx_hal_rcc.c.obj
                0x08001b80                HAL_RCC_GetPCLK1Freq
 .text.TIM_TI1_ConfigInputStage
                0x08001ba0       0x24 CMakeFiles/Snake.elf.dir/Drivers/STM32F1xx_HAL_Driver/Src/stm32f1xx_hal_tim.c.obj
 .text.TIM_TI2_ConfigInputStage
                0x08001bc4       0x26 CMakeFiles/Snake.elf.dir/Drivers/STM32F1xx_HAL_Driver/Src/stm32f1xx_hal_tim.c.obj
 .text.TIM_ITRx_SetConfig
                0x08001bea       0x10 CMakeFiles/Snake.elf.dir/Drivers/STM32F1xx_HAL_Driver/Src/stm32f1xx_hal_tim.c.obj
 *fill*         0x08001bfa        0x2 
 .text.HAL_TIM_Base_Start_IT
                0x08001bfc       0x68 CMakeFiles/Snake.elf.dir/Drivers/STM32F1xx_HAL_Driver/Src/stm32f1xx_hal_tim.c.obj
                0x08001bfc                HAL_TIM_Base_Start_IT
 .text.HAL_TIM_OC_DelayElapsedCallback
                0x08001c64        0x2 CMakeFiles/Snake.elf.dir/Drivers/STM32F1xx_HAL_Driver/Src/stm32f1xx_hal_tim.c.obj
                0x08001c64                HAL_TIM_OC_DelayElapsedCallback
 .text.HAL_TIM_IC_CaptureCallback
                0x08001c66        0x2 CMakeFiles/Snake.elf.dir/Drivers/STM32F1xx_HAL_Driver/Src/stm32f1xx_hal_tim.c.obj
                0x08001c66                HAL_TIM_IC_CaptureCallback
 .text.HAL_TIM_PWM_PulseFinishedCallback
                0x08001c68        0x2 CMakeFiles/Snake.elf.dir/Drivers/STM32F1xx_HAL_Driver/Src/stm32f1xx_hal_tim.c.obj
                0x08001c68                HAL_TIM_PWM_PulseFinishedCallback
 .text.HAL_TIM_TriggerCallback
                0x08001c6a        0x2 CMakeFiles/Snake.elf.dir/Drivers/STM32F1xx_HAL_Driver/Src/stm32f1xx_hal_tim.c.obj
                0x08001c6a                HAL_TIM_TriggerCallback
 .text.HAL_TIM_IRQHandler
                0x08001c6c      0x17a CMakeFiles/Snake.elf.dir/Drivers/STM32F1xx_HAL_Driver/Src/stm32f1xx_hal_tim.c.obj
                0x08001c6c                HAL_TIM_IRQHandler
 *fill*         0x08001de6        0x2 
 .text.TIM_Base_SetConfig
                0x08001de8       0x74 CMakeFiles/Snake.elf.dir/Drivers/STM32F1xx_HAL_Driver/Src/stm32f1xx_hal_tim.c.obj
                0x08001de8                TIM_Base_SetConfig
 .text.HAL_TIM_Base_Init
                0x08001e5c       0x58 CMakeFiles/Snake.elf.dir/Drivers/STM32F1xx_HAL_Driver/Src/stm32f1xx_hal_tim.c.obj
                0x08001e5c                HAL_TIM_Base_Init
 .text.TIM_ETR_SetConfig
                0x08001eb4       0x18 CMakeFiles/Snake.elf.dir/Drivers/STM32F1xx_HAL_Driver/Src/stm32f1xx_hal_tim.c.obj
                0x08001eb4                TIM_ETR_SetConfig
 .text.HAL_TIM_ConfigClockSource
                0x08001ecc       0xfe CMakeFiles/Snake.elf.dir/Drivers/STM32F1xx_HAL_Driver/Src/stm32f1xx_hal_tim.c.obj
                0x08001ecc                HAL_TIM_ConfigClockSource
 *fill*         0x08001fca        0x2 
 .text.HAL_TIMEx_MasterConfigSynchronization
                0x08001fcc       0x6c CMakeFiles/Snake.elf.dir/Drivers/STM32F1xx_HAL_Driver/Src/stm32f1xx_hal_tim_ex.c.obj
                0x08001fcc                HAL_TIMEx_MasterConfigSynchronization
 .text.HAL_TIMEx_CommutCallback
                0x08002038        0x2 CMakeFiles/Snake.elf.dir/Drivers/STM32F1xx_HAL_Driver/Src/stm32f1xx_hal_tim_ex.c.obj
                0x08002038                HAL_TIMEx_CommutCallback
 .text.HAL_TIMEx_BreakCallback
                0x0800203a        0x2 CMakeFiles/Snake.elf.dir/Drivers/STM32F1xx_HAL_Driver/Src/stm32f1xx_hal_tim_ex.c.obj
                0x0800203a                HAL_TIMEx_BreakCallback
 .text.__libc_init_array
                0x0800203c       0x48 c:/arm-none-eabi-gcc/gcc-arm-none-eabi-10.3-2021.10/bin/../lib/gcc/arm-none-eabi/10.3.1/../../../../arm-none-eabi/lib/thumb/v7-m/nofp\libg.a(lib_a-init.o)
                0x0800203c                __libc_init_array
 .text.memset   0x08002084       0xa4 c:/arm-none-eabi-gcc/gcc-arm-none-eabi-10.3-2021.10/bin/../lib/gcc/arm-none-eabi/10.3.1/../../../../arm-none-eabi/lib/thumb/v7-m/nofp\libg.a(lib_a-memset.o)
                0x08002084                memset
 .text.rand     0x08002128       0x38 c:/arm-none-eabi-gcc/gcc-arm-none-eabi-10.3-2021.10/bin/../lib/gcc/arm-none-eabi/10.3.1/../../../../arm-none-eabi/lib/thumb/v7-m/nofp\libg.a(lib_a-rand.o)
                0x08002128                rand
 .text.startup.register_fini
                0x08002160       0x14 c:/arm-none-eabi-gcc/gcc-arm-none-eabi-10.3-2021.10/bin/../lib/gcc/arm-none-eabi/10.3.1/../../../../arm-none-eabi/lib/thumb/v7-m/nofp\libg.a(lib_a-__call_atexit.o)
 .text.atexit   0x08002174        0xc c:/arm-none-eabi-gcc/gcc-arm-none-eabi-10.3-2021.10/bin/../lib/gcc/arm-none-eabi/10.3.1/../../../../arm-none-eabi/lib/thumb/v7-m/nofp\libg.a(lib_a-atexit.o)
                0x08002174                atexit
 .text.__libc_fini_array
                0x08002180       0x2c c:/arm-none-eabi-gcc/gcc-arm-none-eabi-10.3-2021.10/bin/../lib/gcc/arm-none-eabi/10.3.1/../../../../arm-none-eabi/lib/thumb/v7-m/nofp\libg.a(lib_a-fini.o)
                0x08002180                __libc_fini_array
 .text.__retarget_lock_acquire_recursive
                0x080021ac        0x4 c:/arm-none-eabi-gcc/gcc-arm-none-eabi-10.3-2021.10/bin/../lib/gcc/arm-none-eabi/10.3.1/../../../../arm-none-eabi/lib/thumb/v7-m/nofp\libg.a(lib_a-lock.o)
                0x080021ac                __retarget_lock_acquire_recursive
 .text.__retarget_lock_release_recursive
                0x080021b0        0x4 c:/arm-none-eabi-gcc/gcc-arm-none-eabi-10.3-2021.10/bin/../lib/gcc/arm-none-eabi/10.3.1/../../../../arm-none-eabi/lib/thumb/v7-m/nofp\libg.a(lib_a-lock.o)
                0x080021b0                __retarget_lock_release_recursive
 .text.__register_exitproc
                0x080021b4       0x8c c:/arm-none-eabi-gcc/gcc-arm-none-eabi-10.3-2021.10/bin/../lib/gcc/arm-none-eabi/10.3.1/../../../../arm-none-eabi/lib/thumb/v7-m/nofp\libg.a(lib_a-__atexit.o)
                0x080021b4                __register_exitproc
 *(.glue_7)
 .glue_7        0x08002240        0x0 linker stubs
 *(.glue_7t)
 .glue_7t       0x08002240        0x0 linker stubs
 *(.eh_frame)
 .eh_frame      0x08002240        0x0 c:/arm-none-eabi-gcc/gcc-arm-none-eabi-10.3-2021.10/bin/../lib/gcc/arm-none-eabi/10.3.1/thumb/v7-m/nofp/crtbegin.o
 *(.init)
 .init          0x08002240        0x4 c:/arm-none-eabi-gcc/gcc-arm-none-eabi-10.3-2021.10/bin/../lib/gcc/arm-none-eabi/10.3.1/thumb/v7-m/nofp/crti.o
                0x08002240                _init
 .init          0x08002244        0x8 c:/arm-none-eabi-gcc/gcc-arm-none-eabi-10.3-2021.10/bin/../lib/gcc/arm-none-eabi/10.3.1/thumb/v7-m/nofp/crtn.o
 *(.fini)
 .fini          0x0800224c        0x4 c:/arm-none-eabi-gcc/gcc-arm-none-eabi-10.3-2021.10/bin/../lib/gcc/arm-none-eabi/10.3.1/thumb/v7-m/nofp/crti.o
                0x0800224c                _fini
 .fini          0x08002250        0x8 c:/arm-none-eabi-gcc/gcc-arm-none-eabi-10.3-2021.10/bin/../lib/gcc/arm-none-eabi/10.3.1/thumb/v7-m/nofp/crtn.o
                0x08002258                . = ALIGN (0x4)
                0x08002258                _etext = .

.vfp11_veneer   0x08002258        0x0
 .vfp11_veneer  0x08002258        0x0 linker stubs

.v4_bx          0x08002258        0x0
 .v4_bx         0x08002258        0x0 linker stubs

.iplt           0x08002258        0x0
 .iplt          0x08002258        0x0 c:/arm-none-eabi-gcc/gcc-arm-none-eabi-10.3-2021.10/bin/../lib/gcc/arm-none-eabi/10.3.1/thumb/v7-m/nofp/crtbegin.o

.rodata         0x08002258       0x30
                0x08002258                . = ALIGN (0x4)
 *(.rodata)
 *(.rodata*)
 .rodata.AHBPrescTable
                0x08002258       0x10 CMakeFiles/Snake.elf.dir/Core/Src/system_stm32f1xx.c.obj
                0x08002258                AHBPrescTable
 .rodata.APBPrescTable
                0x08002268        0x8 CMakeFiles/Snake.elf.dir/Core/Src/system_stm32f1xx.c.obj
                0x08002268                APBPrescTable
 .rodata.aPLLMULFactorTable.1
                0x08002270       0x10 CMakeFiles/Snake.elf.dir/Drivers/STM32F1xx_HAL_Driver/Src/stm32f1xx_hal_rcc.c.obj
 .rodata.aPredivFactorTable.0
                0x08002280        0x2 CMakeFiles/Snake.elf.dir/Drivers/STM32F1xx_HAL_Driver/Src/stm32f1xx_hal_rcc.c.obj
 *fill*         0x08002282        0x2 
 .rodata._global_impure_ptr
                0x08002284        0x4 c:/arm-none-eabi-gcc/gcc-arm-none-eabi-10.3-2021.10/bin/../lib/gcc/arm-none-eabi/10.3.1/../../../../arm-none-eabi/lib/thumb/v7-m/nofp\libg.a(lib_a-impure.o)
                0x08002284                _global_impure_ptr
                0x08002288                . = ALIGN (0x4)

.rel.dyn        0x08002288        0x0
 .rel.iplt      0x08002288        0x0 c:/arm-none-eabi-gcc/gcc-arm-none-eabi-10.3-2021.10/bin/../lib/gcc/arm-none-eabi/10.3.1/thumb/v7-m/nofp/crtbegin.o

.ARM.extab      0x08002288        0x0
                0x08002288                . = ALIGN (0x4)
 *(.ARM.extab* .gnu.linkonce.armextab.*)
                0x08002288                . = ALIGN (0x4)

.ARM            0x08002288        0x0
                0x08002288                . = ALIGN (0x4)
                0x08002288                __exidx_start = .
 *(.ARM.exidx*)
                0x08002288                __exidx_end = .
                0x08002288                . = ALIGN (0x4)

.preinit_array  0x08002288        0x0
                0x08002288                . = ALIGN (0x4)
                0x08002288                PROVIDE (__preinit_array_start = .)
 *(.preinit_array*)
                0x08002288                PROVIDE (__preinit_array_end = .)
                0x08002288                . = ALIGN (0x4)

.init_array     0x08002288        0x8
                0x08002288                . = ALIGN (0x4)
                0x08002288                PROVIDE (__init_array_start = .)
 *(SORT_BY_NAME(.init_array.*))
 .init_array.00000
                0x08002288        0x4 c:/arm-none-eabi-gcc/gcc-arm-none-eabi-10.3-2021.10/bin/../lib/gcc/arm-none-eabi/10.3.1/../../../../arm-none-eabi/lib/thumb/v7-m/nofp\libg.a(lib_a-__call_atexit.o)
 *(.init_array*)
 .init_array    0x0800228c        0x4 c:/arm-none-eabi-gcc/gcc-arm-none-eabi-10.3-2021.10/bin/../lib/gcc/arm-none-eabi/10.3.1/thumb/v7-m/nofp/crtbegin.o
                0x08002290                PROVIDE (__init_array_end = .)
                0x08002290                . = ALIGN (0x4)

.fini_array     0x08002290        0x4
                0x08002290                . = ALIGN (0x4)
                0x08002290                PROVIDE (__fini_array_start = .)
 *(SORT_BY_NAME(.fini_array.*))
 *(.fini_array*)
 .fini_array    0x08002290        0x4 c:/arm-none-eabi-gcc/gcc-arm-none-eabi-10.3-2021.10/bin/../lib/gcc/arm-none-eabi/10.3.1/thumb/v7-m/nofp/crtbegin.o
                0x08002294                PROVIDE (__fini_array_end = .)
                0x08002294                . = ALIGN (0x4)
                0x08002294                _sidata = LOADADDR (.data)

.data           0x20000000      0x43c load address 0x08002294
                0x20000000                . = ALIGN (0x4)
                0x20000000                _sdata = .
 *(.data)
 *(.data*)
 .data.SystemCoreClock
                0x20000000        0x4 CMakeFiles/Snake.elf.dir/Core/Src/system_stm32f1xx.c.obj
                0x20000000                SystemCoreClock
 .data.uwTickFreq
                0x20000004        0x1 CMakeFiles/Snake.elf.dir/Drivers/STM32F1xx_HAL_Driver/Src/stm32f1xx_hal.c.obj
                0x20000004                uwTickFreq
 *fill*         0x20000005        0x3 
 .data.uwTickPrio
                0x20000008        0x4 CMakeFiles/Snake.elf.dir/Drivers/STM32F1xx_HAL_Driver/Src/stm32f1xx_hal.c.obj
                0x20000008                uwTickPrio
 .data._impure_ptr
                0x2000000c        0x4 c:/arm-none-eabi-gcc/gcc-arm-none-eabi-10.3-2021.10/bin/../lib/gcc/arm-none-eabi/10.3.1/../../../../arm-none-eabi/lib/thumb/v7-m/nofp\libg.a(lib_a-impure.o)
                0x2000000c                _impure_ptr
 .data.impure_data
                0x20000010      0x428 c:/arm-none-eabi-gcc/gcc-arm-none-eabi-10.3-2021.10/bin/../lib/gcc/arm-none-eabi/10.3.1/../../../../arm-none-eabi/lib/thumb/v7-m/nofp\libg.a(lib_a-impure.o)
 .data.__atexit_recursive_mutex
                0x20000438        0x4 c:/arm-none-eabi-gcc/gcc-arm-none-eabi-10.3-2021.10/bin/../lib/gcc/arm-none-eabi/10.3.1/../../../../arm-none-eabi/lib/thumb/v7-m/nofp\libg.a(lib_a-__call_atexit.o)
                0x20000438                __atexit_recursive_mutex
 *(.RamFunc)
 *(.RamFunc*)
                0x2000043c                . = ALIGN (0x4)
                0x2000043c                _edata = .

.igot.plt       0x2000043c        0x0 load address 0x080026d0
 .igot.plt      0x2000043c        0x0 c:/arm-none-eabi-gcc/gcc-arm-none-eabi-10.3-2021.10/bin/../lib/gcc/arm-none-eabi/10.3.1/thumb/v7-m/nofp/crtbegin.o
                0x2000043c                . = ALIGN (0x4)

.bss            0x2000043c      0xb4c load address 0x080026d0
                0x2000043c                _sbss = .
                0x2000043c                __bss_start__ = _sbss
 *(.bss)
 .bss           0x2000043c       0x1c c:/arm-none-eabi-gcc/gcc-arm-none-eabi-10.3-2021.10/bin/../lib/gcc/arm-none-eabi/10.3.1/thumb/v7-m/nofp/crtbegin.o
 *(.bss*)
 .bss.hi2c2     0x20000458       0x54 CMakeFiles/Snake.elf.dir/Core/Src/i2c.c.obj
                0x20000458                hi2c2
 .bss.OLED_GRAM
                0x200004ac      0x400 CMakeFiles/Snake.elf.dir/Core/Src/oled.c.obj
                0x200004ac                OLED_GRAM
 .bss.sendBuffer.2
                0x200008ac       0x81 CMakeFiles/Snake.elf.dir/Core/Src/oled.c.obj
 *fill*         0x2000092d        0x3 
 .bss.sendBuffer.3
                0x20000930        0x2 CMakeFiles/Snake.elf.dir/Core/Src/oled.c.obj
 .bss.temp.0    0x20000932        0x1 CMakeFiles/Snake.elf.dir/Core/Src/oled.c.obj
 .bss.directionChanged
                0x20000933        0x1 CMakeFiles/Snake.elf.dir/Core/Src/snake.c.obj
                0x20000933                directionChanged
 .bss.map       0x20000934      0x200 CMakeFiles/Snake.elf.dir/Core/Src/snake.c.obj
                0x20000934                map
 .bss.snake     0x20000b34      0x402 CMakeFiles/Snake.elf.dir/Core/Src/snake.c.obj
                0x20000b34                snake
 *fill*         0x20000f36        0x2 
 .bss.htim4     0x20000f38       0x48 CMakeFiles/Snake.elf.dir/Core/Src/tim.c.obj
                0x20000f38                htim4
 .bss.uwTick    0x20000f80        0x4 CMakeFiles/Snake.elf.dir/Drivers/STM32F1xx_HAL_Driver/Src/stm32f1xx_hal.c.obj
                0x20000f80                uwTick
 .bss.__lock___atexit_recursive_mutex
                0x20000f84        0x1 c:/arm-none-eabi-gcc/gcc-arm-none-eabi-10.3-2021.10/bin/../lib/gcc/arm-none-eabi/10.3.1/../../../../arm-none-eabi/lib/thumb/v7-m/nofp\libg.a(lib_a-lock.o)
                0x20000f84                __lock___atexit_recursive_mutex
 *(COMMON)
                0x20000f88                . = ALIGN (0x4)
 *fill*         0x20000f85        0x3 
                0x20000f88                _ebss = .
                0x20000f88                __bss_end__ = _ebss

._user_heap_stack
                0x20000f88      0x600 load address 0x080026d0
                0x20000f88                . = ALIGN (0x8)
                [!provide]                PROVIDE (end = .)
                0x20000f88                PROVIDE (_end = .)
                0x20001188                . = (. + _Min_Heap_Size)
 *fill*         0x20000f88      0x200 
                0x20001588                . = (. + _Min_Stack_Size)
 *fill*         0x20001188      0x400 
                0x20001588                . = ALIGN (0x8)

/DISCARD/
 libc.a(*)
 libm.a(*)
 libgcc.a(*)

.ARM.attributes
                0x00000000       0x29
 *(.ARM.attributes)
 .ARM.attributes
                0x00000000       0x1d c:/arm-none-eabi-gcc/gcc-arm-none-eabi-10.3-2021.10/bin/../lib/gcc/arm-none-eabi/10.3.1/thumb/v7-m/nofp/crti.o
 .ARM.attributes
                0x0000001d       0x2d c:/arm-none-eabi-gcc/gcc-arm-none-eabi-10.3-2021.10/bin/../lib/gcc/arm-none-eabi/10.3.1/thumb/v7-m/nofp/crtbegin.o
 .ARM.attributes
                0x0000004a       0x2d CMakeFiles/Snake.elf.dir/Core/Src/gpio.c.obj
 .ARM.attributes
                0x00000077       0x2d CMakeFiles/Snake.elf.dir/Core/Src/i2c.c.obj
 .ARM.attributes
                0x000000a4       0x2d CMakeFiles/Snake.elf.dir/Core/Src/main.c.obj
 .ARM.attributes
                0x000000d1       0x2d CMakeFiles/Snake.elf.dir/Core/Src/oled.c.obj
 .ARM.attributes
                0x000000fe       0x2d CMakeFiles/Snake.elf.dir/Core/Src/snake.c.obj
 .ARM.attributes
                0x0000012b       0x2d CMakeFiles/Snake.elf.dir/Core/Src/stm32f1xx_hal_msp.c.obj
 .ARM.attributes
                0x00000158       0x2d CMakeFiles/Snake.elf.dir/Core/Src/stm32f1xx_it.c.obj
 .ARM.attributes
                0x00000185       0x2d CMakeFiles/Snake.elf.dir/Core/Src/system_stm32f1xx.c.obj
 .ARM.attributes
                0x000001b2       0x2d CMakeFiles/Snake.elf.dir/Core/Src/tim.c.obj
 .ARM.attributes
                0x000001df       0x21 CMakeFiles/Snake.elf.dir/Core/Startup/startup_stm32f103c8tx.s.obj
 .ARM.attributes
                0x00000200       0x2d CMakeFiles/Snake.elf.dir/Drivers/STM32F1xx_HAL_Driver/Src/stm32f1xx_hal.c.obj
 .ARM.attributes
                0x0000022d       0x2d CMakeFiles/Snake.elf.dir/Drivers/STM32F1xx_HAL_Driver/Src/stm32f1xx_hal_cortex.c.obj
 .ARM.attributes
                0x0000025a       0x2d CMakeFiles/Snake.elf.dir/Drivers/STM32F1xx_HAL_Driver/Src/stm32f1xx_hal_gpio.c.obj
 .ARM.attributes
                0x00000287       0x2d CMakeFiles/Snake.elf.dir/Drivers/STM32F1xx_HAL_Driver/Src/stm32f1xx_hal_i2c.c.obj
 .ARM.attributes
                0x000002b4       0x2d CMakeFiles/Snake.elf.dir/Drivers/STM32F1xx_HAL_Driver/Src/stm32f1xx_hal_rcc.c.obj
 .ARM.attributes
                0x000002e1       0x2d CMakeFiles/Snake.elf.dir/Drivers/STM32F1xx_HAL_Driver/Src/stm32f1xx_hal_tim.c.obj
 .ARM.attributes
                0x0000030e       0x2d CMakeFiles/Snake.elf.dir/Drivers/STM32F1xx_HAL_Driver/Src/stm32f1xx_hal_tim_ex.c.obj
 .ARM.attributes
                0x0000033b       0x2d c:/arm-none-eabi-gcc/gcc-arm-none-eabi-10.3-2021.10/bin/../lib/gcc/arm-none-eabi/10.3.1/../../../../arm-none-eabi/lib/thumb/v7-m/nofp\libg.a(lib_a-impure.o)
 .ARM.attributes
                0x00000368       0x2d c:/arm-none-eabi-gcc/gcc-arm-none-eabi-10.3-2021.10/bin/../lib/gcc/arm-none-eabi/10.3.1/../../../../arm-none-eabi/lib/thumb/v7-m/nofp\libg.a(lib_a-init.o)
 .ARM.attributes
                0x00000395       0x1b c:/arm-none-eabi-gcc/gcc-arm-none-eabi-10.3-2021.10/bin/../lib/gcc/arm-none-eabi/10.3.1/../../../../arm-none-eabi/lib/thumb/v7-m/nofp\libg.a(lib_a-memcpy.o)
 .ARM.attributes
                0x000003b0       0x2d c:/arm-none-eabi-gcc/gcc-arm-none-eabi-10.3-2021.10/bin/../lib/gcc/arm-none-eabi/10.3.1/../../../../arm-none-eabi/lib/thumb/v7-m/nofp\libg.a(lib_a-memset.o)
 .ARM.attributes
                0x000003dd       0x2d c:/arm-none-eabi-gcc/gcc-arm-none-eabi-10.3-2021.10/bin/../lib/gcc/arm-none-eabi/10.3.1/../../../../arm-none-eabi/lib/thumb/v7-m/nofp\libg.a(lib_a-rand.o)
 .ARM.attributes
                0x0000040a       0x2d c:/arm-none-eabi-gcc/gcc-arm-none-eabi-10.3-2021.10/bin/../lib/gcc/arm-none-eabi/10.3.1/../../../../arm-none-eabi/lib/thumb/v7-m/nofp\libg.a(lib_a-__call_atexit.o)
 .ARM.attributes
                0x00000437       0x2d c:/arm-none-eabi-gcc/gcc-arm-none-eabi-10.3-2021.10/bin/../lib/gcc/arm-none-eabi/10.3.1/../../../../arm-none-eabi/lib/thumb/v7-m/nofp\libg.a(lib_a-atexit.o)
 .ARM.attributes
                0x00000464       0x2d c:/arm-none-eabi-gcc/gcc-arm-none-eabi-10.3-2021.10/bin/../lib/gcc/arm-none-eabi/10.3.1/../../../../arm-none-eabi/lib/thumb/v7-m/nofp\libg.a(lib_a-fini.o)
 .ARM.attributes
                0x00000491       0x2d c:/arm-none-eabi-gcc/gcc-arm-none-eabi-10.3-2021.10/bin/../lib/gcc/arm-none-eabi/10.3.1/../../../../arm-none-eabi/lib/thumb/v7-m/nofp\libg.a(lib_a-lock.o)
 .ARM.attributes
                0x000004be       0x2d c:/arm-none-eabi-gcc/gcc-arm-none-eabi-10.3-2021.10/bin/../lib/gcc/arm-none-eabi/10.3.1/../../../../arm-none-eabi/lib/thumb/v7-m/nofp\libg.a(lib_a-__atexit.o)
 .ARM.attributes
                0x000004eb       0x1d c:/arm-none-eabi-gcc/gcc-arm-none-eabi-10.3-2021.10/bin/../lib/gcc/arm-none-eabi/10.3.1/thumb/v7-m/nofp/crtn.o
OUTPUT(Snake.elf elf32-littlearm)
LOAD linker stubs
LOAD c:/arm-none-eabi-gcc/gcc-arm-none-eabi-10.3-2021.10/bin/../lib/gcc/arm-none-eabi/10.3.1/../../../../arm-none-eabi/lib/thumb/v7-m/nofp\libc.a
LOAD c:/arm-none-eabi-gcc/gcc-arm-none-eabi-10.3-2021.10/bin/../lib/gcc/arm-none-eabi/10.3.1/../../../../arm-none-eabi/lib/thumb/v7-m/nofp\libm.a
LOAD c:/arm-none-eabi-gcc/gcc-arm-none-eabi-10.3-2021.10/bin/../lib/gcc/arm-none-eabi/10.3.1/thumb/v7-m/nofp\libgcc.a

.debug_info     0x00000000    0x10c75
 .debug_info    0x00000000      0x4d6 CMakeFiles/Snake.elf.dir/Core/Src/gpio.c.obj
 .debug_info    0x000004d6      0x8a6 CMakeFiles/Snake.elf.dir/Core/Src/i2c.c.obj
 .debug_info    0x00000d7c      0xa3a CMakeFiles/Snake.elf.dir/Core/Src/main.c.obj
 .debug_info    0x000017b6     0x216d CMakeFiles/Snake.elf.dir/Core/Src/oled.c.obj
 .debug_info    0x00003923      0x420 CMakeFiles/Snake.elf.dir/Core/Src/snake.c.obj
 .debug_info    0x00003d43      0x211 CMakeFiles/Snake.elf.dir/Core/Src/stm32f1xx_hal_msp.c.obj
 .debug_info    0x00003f54      0x7bc CMakeFiles/Snake.elf.dir/Core/Src/stm32f1xx_it.c.obj
 .debug_info    0x00004710      0x248 CMakeFiles/Snake.elf.dir/Core/Src/system_stm32f1xx.c.obj
 .debug_info    0x00004958      0xa5c CMakeFiles/Snake.elf.dir/Core/Src/tim.c.obj
 .debug_info    0x000053b4       0x22 CMakeFiles/Snake.elf.dir/Core/Startup/startup_stm32f103c8tx.s.obj
 .debug_info    0x000053d6      0x7a8 CMakeFiles/Snake.elf.dir/Drivers/STM32F1xx_HAL_Driver/Src/stm32f1xx_hal.c.obj
 .debug_info    0x00005b7e      0xd8a CMakeFiles/Snake.elf.dir/Drivers/STM32F1xx_HAL_Driver/Src/stm32f1xx_hal_cortex.c.obj
 .debug_info    0x00006908      0x66f CMakeFiles/Snake.elf.dir/Drivers/STM32F1xx_HAL_Driver/Src/stm32f1xx_hal_gpio.c.obj
 .debug_info    0x00006f77     0x3ab6 CMakeFiles/Snake.elf.dir/Drivers/STM32F1xx_HAL_Driver/Src/stm32f1xx_hal_i2c.c.obj
 .debug_info    0x0000aa2d      0xa3b CMakeFiles/Snake.elf.dir/Drivers/STM32F1xx_HAL_Driver/Src/stm32f1xx_hal_rcc.c.obj
 .debug_info    0x0000b468     0x3d52 CMakeFiles/Snake.elf.dir/Drivers/STM32F1xx_HAL_Driver/Src/stm32f1xx_hal_tim.c.obj
 .debug_info    0x0000f1ba     0x1abb CMakeFiles/Snake.elf.dir/Drivers/STM32F1xx_HAL_Driver/Src/stm32f1xx_hal_tim_ex.c.obj

.debug_abbrev   0x00000000     0x20a9
 .debug_abbrev  0x00000000      0x158 CMakeFiles/Snake.elf.dir/Core/Src/gpio.c.obj
 .debug_abbrev  0x00000158      0x1c1 CMakeFiles/Snake.elf.dir/Core/Src/i2c.c.obj
 .debug_abbrev  0x00000319      0x22b CMakeFiles/Snake.elf.dir/Core/Src/main.c.obj
 .debug_abbrev  0x00000544      0x336 CMakeFiles/Snake.elf.dir/Core/Src/oled.c.obj
 .debug_abbrev  0x0000087a      0x1a8 CMakeFiles/Snake.elf.dir/Core/Src/snake.c.obj
 .debug_abbrev  0x00000a22       0xe5 CMakeFiles/Snake.elf.dir/Core/Src/stm32f1xx_hal_msp.c.obj
 .debug_abbrev  0x00000b07      0x1bf CMakeFiles/Snake.elf.dir/Core/Src/stm32f1xx_it.c.obj
 .debug_abbrev  0x00000cc6      0x13e CMakeFiles/Snake.elf.dir/Core/Src/system_stm32f1xx.c.obj
 .debug_abbrev  0x00000e04      0x1de CMakeFiles/Snake.elf.dir/Core/Src/tim.c.obj
 .debug_abbrev  0x00000fe2       0x12 CMakeFiles/Snake.elf.dir/Core/Startup/startup_stm32f103c8tx.s.obj
 .debug_abbrev  0x00000ff4      0x1f4 CMakeFiles/Snake.elf.dir/Drivers/STM32F1xx_HAL_Driver/Src/stm32f1xx_hal.c.obj
 .debug_abbrev  0x000011e8      0x341 CMakeFiles/Snake.elf.dir/Drivers/STM32F1xx_HAL_Driver/Src/stm32f1xx_hal_cortex.c.obj
 .debug_abbrev  0x00001529      0x1e6 CMakeFiles/Snake.elf.dir/Drivers/STM32F1xx_HAL_Driver/Src/stm32f1xx_hal_gpio.c.obj
 .debug_abbrev  0x0000170f      0x293 CMakeFiles/Snake.elf.dir/Drivers/STM32F1xx_HAL_Driver/Src/stm32f1xx_hal_i2c.c.obj
 .debug_abbrev  0x000019a2      0x27a CMakeFiles/Snake.elf.dir/Drivers/STM32F1xx_HAL_Driver/Src/stm32f1xx_hal_rcc.c.obj
 .debug_abbrev  0x00001c1c      0x245 CMakeFiles/Snake.elf.dir/Drivers/STM32F1xx_HAL_Driver/Src/stm32f1xx_hal_tim.c.obj
 .debug_abbrev  0x00001e61      0x248 CMakeFiles/Snake.elf.dir/Drivers/STM32F1xx_HAL_Driver/Src/stm32f1xx_hal_tim_ex.c.obj

.debug_aranges  0x00000000      0xd30
 .debug_aranges
                0x00000000       0x20 CMakeFiles/Snake.elf.dir/Core/Src/gpio.c.obj
 .debug_aranges
                0x00000020       0x30 CMakeFiles/Snake.elf.dir/Core/Src/i2c.c.obj
 .debug_aranges
                0x00000050       0x40 CMakeFiles/Snake.elf.dir/Core/Src/main.c.obj
 .debug_aranges
                0x00000090       0xf8 CMakeFiles/Snake.elf.dir/Core/Src/oled.c.obj
 .debug_aranges
                0x00000188       0x48 CMakeFiles/Snake.elf.dir/Core/Src/snake.c.obj
 .debug_aranges
                0x000001d0       0x20 CMakeFiles/Snake.elf.dir/Core/Src/stm32f1xx_hal_msp.c.obj
 .debug_aranges
                0x000001f0       0x88 CMakeFiles/Snake.elf.dir/Core/Src/stm32f1xx_it.c.obj
 .debug_aranges
                0x00000278       0x28 CMakeFiles/Snake.elf.dir/Core/Src/system_stm32f1xx.c.obj
 .debug_aranges
                0x000002a0       0x30 CMakeFiles/Snake.elf.dir/Core/Src/tim.c.obj
 .debug_aranges
                0x000002d0       0x28 CMakeFiles/Snake.elf.dir/Core/Startup/startup_stm32f103c8tx.s.obj
 .debug_aranges
                0x000002f8       0xe0 CMakeFiles/Snake.elf.dir/Drivers/STM32F1xx_HAL_Driver/Src/stm32f1xx_hal.c.obj
 .debug_aranges
                0x000003d8       0x90 CMakeFiles/Snake.elf.dir/Drivers/STM32F1xx_HAL_Driver/Src/stm32f1xx_hal_cortex.c.obj
 .debug_aranges
                0x00000468       0x58 CMakeFiles/Snake.elf.dir/Drivers/STM32F1xx_HAL_Driver/Src/stm32f1xx_hal_gpio.c.obj
 .debug_aranges
                0x000004c0      0x2a8 CMakeFiles/Snake.elf.dir/Drivers/STM32F1xx_HAL_Driver/Src/stm32f1xx_hal_i2c.c.obj
 .debug_aranges
                0x00000768       0x90 CMakeFiles/Snake.elf.dir/Drivers/STM32F1xx_HAL_Driver/Src/stm32f1xx_hal_rcc.c.obj
 .debug_aranges
                0x000007f8      0x3d0 CMakeFiles/Snake.elf.dir/Drivers/STM32F1xx_HAL_Driver/Src/stm32f1xx_hal_tim.c.obj
 .debug_aranges
                0x00000bc8      0x168 CMakeFiles/Snake.elf.dir/Drivers/STM32F1xx_HAL_Driver/Src/stm32f1xx_hal_tim_ex.c.obj

.debug_ranges   0x00000000      0xd68
 .debug_ranges  0x00000000       0x10 CMakeFiles/Snake.elf.dir/Core/Src/gpio.c.obj
 .debug_ranges  0x00000010       0x20 CMakeFiles/Snake.elf.dir/Core/Src/i2c.c.obj
 .debug_ranges  0x00000030       0x30 CMakeFiles/Snake.elf.dir/Core/Src/main.c.obj
 .debug_ranges  0x00000060      0x148 CMakeFiles/Snake.elf.dir/Core/Src/oled.c.obj
 .debug_ranges  0x000001a8       0x80 CMakeFiles/Snake.elf.dir/Core/Src/snake.c.obj
 .debug_ranges  0x00000228       0x10 CMakeFiles/Snake.elf.dir/Core/Src/stm32f1xx_hal_msp.c.obj
 .debug_ranges  0x00000238       0x78 CMakeFiles/Snake.elf.dir/Core/Src/stm32f1xx_it.c.obj
 .debug_ranges  0x000002b0       0x18 CMakeFiles/Snake.elf.dir/Core/Src/system_stm32f1xx.c.obj
 .debug_ranges  0x000002c8       0x20 CMakeFiles/Snake.elf.dir/Core/Src/tim.c.obj
 .debug_ranges  0x000002e8       0x20 CMakeFiles/Snake.elf.dir/Core/Startup/startup_stm32f103c8tx.s.obj
 .debug_ranges  0x00000308       0xd0 CMakeFiles/Snake.elf.dir/Drivers/STM32F1xx_HAL_Driver/Src/stm32f1xx_hal.c.obj
 .debug_ranges  0x000003d8       0xe0 CMakeFiles/Snake.elf.dir/Drivers/STM32F1xx_HAL_Driver/Src/stm32f1xx_hal_cortex.c.obj
 .debug_ranges  0x000004b8       0x48 CMakeFiles/Snake.elf.dir/Drivers/STM32F1xx_HAL_Driver/Src/stm32f1xx_hal_gpio.c.obj
 .debug_ranges  0x00000500      0x2b0 CMakeFiles/Snake.elf.dir/Drivers/STM32F1xx_HAL_Driver/Src/stm32f1xx_hal_i2c.c.obj
 .debug_ranges  0x000007b0       0xa0 CMakeFiles/Snake.elf.dir/Drivers/STM32F1xx_HAL_Driver/Src/stm32f1xx_hal_rcc.c.obj
 .debug_ranges  0x00000850      0x3c0 CMakeFiles/Snake.elf.dir/Drivers/STM32F1xx_HAL_Driver/Src/stm32f1xx_hal_tim.c.obj
 .debug_ranges  0x00000c10      0x158 CMakeFiles/Snake.elf.dir/Drivers/STM32F1xx_HAL_Driver/Src/stm32f1xx_hal_tim_ex.c.obj

.debug_line     0x00000000    0x10204
 .debug_line    0x00000000      0x20d CMakeFiles/Snake.elf.dir/Core/Src/gpio.c.obj
 .debug_line    0x0000020d      0x30f CMakeFiles/Snake.elf.dir/Core/Src/i2c.c.obj
 .debug_line    0x0000051c      0x3f9 CMakeFiles/Snake.elf.dir/Core/Src/main.c.obj
 .debug_line    0x00000915      0xef3 CMakeFiles/Snake.elf.dir/Core/Src/oled.c.obj
 .debug_line    0x00001808      0x4fe CMakeFiles/Snake.elf.dir/Core/Src/snake.c.obj
 .debug_line    0x00001d06      0x18b CMakeFiles/Snake.elf.dir/Core/Src/stm32f1xx_hal_msp.c.obj
 .debug_line    0x00001e91      0x38b CMakeFiles/Snake.elf.dir/Core/Src/stm32f1xx_it.c.obj
 .debug_line    0x0000221c      0x254 CMakeFiles/Snake.elf.dir/Core/Src/system_stm32f1xx.c.obj
 .debug_line    0x00002470      0x32a CMakeFiles/Snake.elf.dir/Core/Src/tim.c.obj
 .debug_line    0x0000279a       0x97 CMakeFiles/Snake.elf.dir/Core/Startup/startup_stm32f103c8tx.s.obj
 .debug_line    0x00002831      0x564 CMakeFiles/Snake.elf.dir/Drivers/STM32F1xx_HAL_Driver/Src/stm32f1xx_hal.c.obj
 .debug_line    0x00002d95      0x65b CMakeFiles/Snake.elf.dir/Drivers/STM32F1xx_HAL_Driver/Src/stm32f1xx_hal_cortex.c.obj
 .debug_line    0x000033f0      0x603 CMakeFiles/Snake.elf.dir/Drivers/STM32F1xx_HAL_Driver/Src/stm32f1xx_hal_gpio.c.obj
 .debug_line    0x000039f3     0x5626 CMakeFiles/Snake.elf.dir/Drivers/STM32F1xx_HAL_Driver/Src/stm32f1xx_hal_i2c.c.obj
 .debug_line    0x00009019      0xc40 CMakeFiles/Snake.elf.dir/Drivers/STM32F1xx_HAL_Driver/Src/stm32f1xx_hal_rcc.c.obj
 .debug_line    0x00009c59     0x499b CMakeFiles/Snake.elf.dir/Drivers/STM32F1xx_HAL_Driver/Src/stm32f1xx_hal_tim.c.obj
 .debug_line    0x0000e5f4     0x1c10 CMakeFiles/Snake.elf.dir/Drivers/STM32F1xx_HAL_Driver/Src/stm32f1xx_hal_tim_ex.c.obj

.debug_str      0x00000000     0x3cb2
 .debug_str     0x00000000      0x528 CMakeFiles/Snake.elf.dir/Core/Src/gpio.c.obj
                                0x579 (size before relaxing)
 .debug_str     0x00000528      0x4d2 CMakeFiles/Snake.elf.dir/Core/Src/i2c.c.obj
                                0x761 (size before relaxing)
 .debug_str     0x000009fa      0x4fc CMakeFiles/Snake.elf.dir/Core/Src/main.c.obj
                                0x917 (size before relaxing)
 .debug_str     0x00000ef6      0x341 CMakeFiles/Snake.elf.dir/Core/Src/oled.c.obj
                                0x9a2 (size before relaxing)
 .debug_str     0x00001237       0x79 CMakeFiles/Snake.elf.dir/Core/Src/snake.c.obj
                                0x2e6 (size before relaxing)
 .debug_str     0x000012b0       0x6b CMakeFiles/Snake.elf.dir/Core/Src/stm32f1xx_hal_msp.c.obj
                                0x24c (size before relaxing)
 .debug_str     0x0000131b      0x148 CMakeFiles/Snake.elf.dir/Core/Src/stm32f1xx_it.c.obj
                                0x7b1 (size before relaxing)
 .debug_str     0x00001463       0x8f CMakeFiles/Snake.elf.dir/Core/Src/system_stm32f1xx.c.obj
                                0x281 (size before relaxing)
 .debug_str     0x000014f2      0x161 CMakeFiles/Snake.elf.dir/Core/Src/tim.c.obj
                                0xb46 (size before relaxing)
 .debug_str     0x00001653       0x47 CMakeFiles/Snake.elf.dir/Core/Startup/startup_stm32f103c8tx.s.obj
                                 0x7a (size before relaxing)
 .debug_str     0x0000169a      0x315 CMakeFiles/Snake.elf.dir/Drivers/STM32F1xx_HAL_Driver/Src/stm32f1xx_hal.c.obj
                                0x851 (size before relaxing)
 .debug_str     0x000019af      0x3af CMakeFiles/Snake.elf.dir/Drivers/STM32F1xx_HAL_Driver/Src/stm32f1xx_hal_cortex.c.obj
                                0x900 (size before relaxing)
 .debug_str     0x00001d5e      0x11b CMakeFiles/Snake.elf.dir/Drivers/STM32F1xx_HAL_Driver/Src/stm32f1xx_hal_gpio.c.obj
                                0x42d (size before relaxing)
 .debug_str     0x00001e79      0x8fb CMakeFiles/Snake.elf.dir/Drivers/STM32F1xx_HAL_Driver/Src/stm32f1xx_hal_i2c.c.obj
                                0xff2 (size before relaxing)
 .debug_str     0x00002774      0x1e5 CMakeFiles/Snake.elf.dir/Drivers/STM32F1xx_HAL_Driver/Src/stm32f1xx_hal_rcc.c.obj
                                0x658 (size before relaxing)
 .debug_str     0x00002959      0xe24 CMakeFiles/Snake.elf.dir/Drivers/STM32F1xx_HAL_Driver/Src/stm32f1xx_hal_tim.c.obj
                               0x166c (size before relaxing)
 .debug_str     0x0000377d      0x535 CMakeFiles/Snake.elf.dir/Drivers/STM32F1xx_HAL_Driver/Src/stm32f1xx_hal_tim_ex.c.obj
                                0xe6d (size before relaxing)

.comment        0x00000000       0x49
 .comment       0x00000000       0x49 CMakeFiles/Snake.elf.dir/Core/Src/gpio.c.obj
                                 0x4a (size before relaxing)
 .comment       0x00000049       0x4a CMakeFiles/Snake.elf.dir/Core/Src/i2c.c.obj
 .comment       0x00000049       0x4a CMakeFiles/Snake.elf.dir/Core/Src/main.c.obj
 .comment       0x00000049       0x4a CMakeFiles/Snake.elf.dir/Core/Src/oled.c.obj
 .comment       0x00000049       0x4a CMakeFiles/Snake.elf.dir/Core/Src/snake.c.obj
 .comment       0x00000049       0x4a CMakeFiles/Snake.elf.dir/Core/Src/stm32f1xx_hal_msp.c.obj
 .comment       0x00000049       0x4a CMakeFiles/Snake.elf.dir/Core/Src/stm32f1xx_it.c.obj
 .comment       0x00000049       0x4a CMakeFiles/Snake.elf.dir/Core/Src/system_stm32f1xx.c.obj
 .comment       0x00000049       0x4a CMakeFiles/Snake.elf.dir/Core/Src/tim.c.obj
 .comment       0x00000049       0x4a CMakeFiles/Snake.elf.dir/Drivers/STM32F1xx_HAL_Driver/Src/stm32f1xx_hal.c.obj
 .comment       0x00000049       0x4a CMakeFiles/Snake.elf.dir/Drivers/STM32F1xx_HAL_Driver/Src/stm32f1xx_hal_cortex.c.obj
 .comment       0x00000049       0x4a CMakeFiles/Snake.elf.dir/Drivers/STM32F1xx_HAL_Driver/Src/stm32f1xx_hal_gpio.c.obj
 .comment       0x00000049       0x4a CMakeFiles/Snake.elf.dir/Drivers/STM32F1xx_HAL_Driver/Src/stm32f1xx_hal_i2c.c.obj
 .comment       0x00000049       0x4a CMakeFiles/Snake.elf.dir/Drivers/STM32F1xx_HAL_Driver/Src/stm32f1xx_hal_rcc.c.obj
 .comment       0x00000049       0x4a CMakeFiles/Snake.elf.dir/Drivers/STM32F1xx_HAL_Driver/Src/stm32f1xx_hal_tim.c.obj
 .comment       0x00000049       0x4a CMakeFiles/Snake.elf.dir/Drivers/STM32F1xx_HAL_Driver/Src/stm32f1xx_hal_tim_ex.c.obj

.debug_frame    0x00000000     0x275c
 .debug_frame   0x00000000       0x30 CMakeFiles/Snake.elf.dir/Core/Src/gpio.c.obj
 .debug_frame   0x00000030       0x60 CMakeFiles/Snake.elf.dir/Core/Src/i2c.c.obj
 .debug_frame   0x00000090       0x88 CMakeFiles/Snake.elf.dir/Core/Src/main.c.obj
 .debug_frame   0x00000118      0x3a4 CMakeFiles/Snake.elf.dir/Core/Src/oled.c.obj
 .debug_frame   0x000004bc       0xa8 CMakeFiles/Snake.elf.dir/Core/Src/snake.c.obj
 .debug_frame   0x00000564       0x28 CMakeFiles/Snake.elf.dir/Core/Src/stm32f1xx_hal_msp.c.obj
 .debug_frame   0x0000058c      0x120 CMakeFiles/Snake.elf.dir/Core/Src/stm32f1xx_it.c.obj
 .debug_frame   0x000006ac       0x30 CMakeFiles/Snake.elf.dir/Core/Src/system_stm32f1xx.c.obj
 .debug_frame   0x000006dc       0x64 CMakeFiles/Snake.elf.dir/Core/Src/tim.c.obj
 .debug_frame   0x00000740      0x1cc CMakeFiles/Snake.elf.dir/Drivers/STM32F1xx_HAL_Driver/Src/stm32f1xx_hal.c.obj
 .debug_frame   0x0000090c      0x118 CMakeFiles/Snake.elf.dir/Drivers/STM32F1xx_HAL_Driver/Src/stm32f1xx_hal_cortex.c.obj
 .debug_frame   0x00000a24       0xe4 CMakeFiles/Snake.elf.dir/Drivers/STM32F1xx_HAL_Driver/Src/stm32f1xx_hal_gpio.c.obj
 .debug_frame   0x00000b08      0x984 CMakeFiles/Snake.elf.dir/Drivers/STM32F1xx_HAL_Driver/Src/stm32f1xx_hal_i2c.c.obj
 .debug_frame   0x0000148c      0x184 CMakeFiles/Snake.elf.dir/Drivers/STM32F1xx_HAL_Driver/Src/stm32f1xx_hal_rcc.c.obj
 .debug_frame   0x00001610      0xb18 CMakeFiles/Snake.elf.dir/Drivers/STM32F1xx_HAL_Driver/Src/stm32f1xx_hal_tim.c.obj
 .debug_frame   0x00002128      0x40c CMakeFiles/Snake.elf.dir/Drivers/STM32F1xx_HAL_Driver/Src/stm32f1xx_hal_tim_ex.c.obj
 .debug_frame   0x00002534       0x2c c:/arm-none-eabi-gcc/gcc-arm-none-eabi-10.3-2021.10/bin/../lib/gcc/arm-none-eabi/10.3.1/../../../../arm-none-eabi/lib/thumb/v7-m/nofp\libg.a(lib_a-init.o)
 .debug_frame   0x00002560       0x2c c:/arm-none-eabi-gcc/gcc-arm-none-eabi-10.3-2021.10/bin/../lib/gcc/arm-none-eabi/10.3.1/../../../../arm-none-eabi/lib/thumb/v7-m/nofp\libg.a(lib_a-memset.o)
 .debug_frame   0x0000258c       0x3c c:/arm-none-eabi-gcc/gcc-arm-none-eabi-10.3-2021.10/bin/../lib/gcc/arm-none-eabi/10.3.1/../../../../arm-none-eabi/lib/thumb/v7-m/nofp\libg.a(lib_a-rand.o)
 .debug_frame   0x000025c8       0x5c c:/arm-none-eabi-gcc/gcc-arm-none-eabi-10.3-2021.10/bin/../lib/gcc/arm-none-eabi/10.3.1/../../../../arm-none-eabi/lib/thumb/v7-m/nofp\libg.a(lib_a-__call_atexit.o)
 .debug_frame   0x00002624       0x20 c:/arm-none-eabi-gcc/gcc-arm-none-eabi-10.3-2021.10/bin/../lib/gcc/arm-none-eabi/10.3.1/../../../../arm-none-eabi/lib/thumb/v7-m/nofp\libg.a(lib_a-atexit.o)
 .debug_frame   0x00002644       0x34 c:/arm-none-eabi-gcc/gcc-arm-none-eabi-10.3-2021.10/bin/../lib/gcc/arm-none-eabi/10.3.1/../../../../arm-none-eabi/lib/thumb/v7-m/nofp\libg.a(lib_a-fini.o)
 .debug_frame   0x00002678       0xb0 c:/arm-none-eabi-gcc/gcc-arm-none-eabi-10.3-2021.10/bin/../lib/gcc/arm-none-eabi/10.3.1/../../../../arm-none-eabi/lib/thumb/v7-m/nofp\libg.a(lib_a-lock.o)
 .debug_frame   0x00002728       0x34 c:/arm-none-eabi-gcc/gcc-arm-none-eabi-10.3-2021.10/bin/../lib/gcc/arm-none-eabi/10.3.1/../../../../arm-none-eabi/lib/thumb/v7-m/nofp\libg.a(lib_a-__atexit.o)

.debug_loc      0x00000000     0xdc69
 .debug_loc     0x00000000       0x67 CMakeFiles/Snake.elf.dir/Core/Src/i2c.c.obj
 .debug_loc     0x00000067       0x4a CMakeFiles/Snake.elf.dir/Core/Src/main.c.obj
 .debug_loc     0x000000b1     0x16c4 CMakeFiles/Snake.elf.dir/Core/Src/oled.c.obj
 .debug_loc     0x00001775      0x12d CMakeFiles/Snake.elf.dir/Core/Src/snake.c.obj
 .debug_loc     0x000018a2       0x15 CMakeFiles/Snake.elf.dir/Core/Src/stm32f1xx_hal_msp.c.obj
 .debug_loc     0x000018b7       0xff CMakeFiles/Snake.elf.dir/Core/Src/system_stm32f1xx.c.obj
 .debug_loc     0x000019b6       0x67 CMakeFiles/Snake.elf.dir/Core/Src/tim.c.obj
 .debug_loc     0x00001a1d      0x141 CMakeFiles/Snake.elf.dir/Drivers/STM32F1xx_HAL_Driver/Src/stm32f1xx_hal.c.obj
 .debug_loc     0x00001b5e      0x71f CMakeFiles/Snake.elf.dir/Drivers/STM32F1xx_HAL_Driver/Src/stm32f1xx_hal_cortex.c.obj
 .debug_loc     0x0000227d      0x47d CMakeFiles/Snake.elf.dir/Drivers/STM32F1xx_HAL_Driver/Src/stm32f1xx_hal_gpio.c.obj
 .debug_loc     0x000026fa     0x41ca CMakeFiles/Snake.elf.dir/Drivers/STM32F1xx_HAL_Driver/Src/stm32f1xx_hal_i2c.c.obj
 .debug_loc     0x000068c4      0x618 CMakeFiles/Snake.elf.dir/Drivers/STM32F1xx_HAL_Driver/Src/stm32f1xx_hal_rcc.c.obj
 .debug_loc     0x00006edc     0x50fa CMakeFiles/Snake.elf.dir/Drivers/STM32F1xx_HAL_Driver/Src/stm32f1xx_hal_tim.c.obj
 .debug_loc     0x0000bfd6     0x1c93 CMakeFiles/Snake.elf.dir/Drivers/STM32F1xx_HAL_Driver/Src/stm32f1xx_hal_tim_ex.c.obj
