Archive member included to satisfy reference by file (symbol)

c:/arm-none-eabi-gcc/gcc-arm-none-eabi-10.3-2021.10/bin/../lib/gcc/arm-none-eabi/10.3.1/thumb/v7-m/nofp\libgcc.a(_arm_muldf3.o)
                              CMakeFiles/Snake.elf.dir/Core/Src/oled.c.obj (__aeabi_dmul)
c:/arm-none-eabi-gcc/gcc-arm-none-eabi-10.3-2021.10/bin/../lib/gcc/arm-none-eabi/10.3.1/thumb/v7-m/nofp\libgcc.a(_arm_addsubdf3.o)
                              CMakeFiles/Snake.elf.dir/Core/Src/oled.c.obj (__aeabi_dsub)
c:/arm-none-eabi-gcc/gcc-arm-none-eabi-10.3-2021.10/bin/../lib/gcc/arm-none-eabi/10.3.1/thumb/v7-m/nofp\libgcc.a(_arm_fixdfsi.o)
                              CMakeFiles/Snake.elf.dir/Core/Src/oled.c.obj (__aeabi_d2iz)
c:/arm-none-eabi-gcc/gcc-arm-none-eabi-10.3-2021.10/bin/../lib/gcc/arm-none-eabi/10.3.1/../../../../arm-none-eabi/lib/thumb/v7-m/nofp\libg.a(lib_a-errno.o)
                              CMakeFiles/Snake.elf.dir/Core/Src/syscalls.c.obj (__errno)
c:/arm-none-eabi-gcc/gcc-arm-none-eabi-10.3-2021.10/bin/../lib/gcc/arm-none-eabi/10.3.1/../../../../arm-none-eabi/lib/thumb/v7-m/nofp\libg.a(lib_a-exit.o)
                              c:/arm-none-eabi-gcc/gcc-arm-none-eabi-10.3-2021.10/bin/../lib/gcc/arm-none-eabi/10.3.1/../../../../arm-none-eabi/lib/thumb/v7-m/nofp/crt0.o (exit)
c:/arm-none-eabi-gcc/gcc-arm-none-eabi-10.3-2021.10/bin/../lib/gcc/arm-none-eabi/10.3.1/../../../../arm-none-eabi/lib/thumb/v7-m/nofp\libg.a(lib_a-impure.o)
                              c:/arm-none-eabi-gcc/gcc-arm-none-eabi-10.3-2021.10/bin/../lib/gcc/arm-none-eabi/10.3.1/../../../../arm-none-eabi/lib/thumb/v7-m/nofp\libg.a(lib_a-exit.o) (_global_impure_ptr)
c:/arm-none-eabi-gcc/gcc-arm-none-eabi-10.3-2021.10/bin/../lib/gcc/arm-none-eabi/10.3.1/../../../../arm-none-eabi/lib/thumb/v7-m/nofp\libg.a(lib_a-init.o)
                              c:/arm-none-eabi-gcc/gcc-arm-none-eabi-10.3-2021.10/bin/../lib/gcc/arm-none-eabi/10.3.1/../../../../arm-none-eabi/lib/thumb/v7-m/nofp/crt0.o (__libc_init_array)
c:/arm-none-eabi-gcc/gcc-arm-none-eabi-10.3-2021.10/bin/../lib/gcc/arm-none-eabi/10.3.1/../../../../arm-none-eabi/lib/thumb/v7-m/nofp\libg.a(lib_a-memcmp.o)
                              CMakeFiles/Snake.elf.dir/Core/Src/oled.c.obj (memcmp)
c:/arm-none-eabi-gcc/gcc-arm-none-eabi-10.3-2021.10/bin/../lib/gcc/arm-none-eabi/10.3.1/../../../../arm-none-eabi/lib/thumb/v7-m/nofp\libg.a(lib_a-memcpy.o)
                              CMakeFiles/Snake.elf.dir/Core/Src/oled.c.obj (memcpy)
c:/arm-none-eabi-gcc/gcc-arm-none-eabi-10.3-2021.10/bin/../lib/gcc/arm-none-eabi/10.3.1/../../../../arm-none-eabi/lib/thumb/v7-m/nofp\libg.a(lib_a-memset.o)
                              c:/arm-none-eabi-gcc/gcc-arm-none-eabi-10.3-2021.10/bin/../lib/gcc/arm-none-eabi/10.3.1/../../../../arm-none-eabi/lib/thumb/v7-m/nofp/crt0.o (memset)
c:/arm-none-eabi-gcc/gcc-arm-none-eabi-10.3-2021.10/bin/../lib/gcc/arm-none-eabi/10.3.1/../../../../arm-none-eabi/lib/thumb/v7-m/nofp\libg.a(lib_a-rand.o)
                              CMakeFiles/Snake.elf.dir/Core/Src/snake.c.obj (srand)
c:/arm-none-eabi-gcc/gcc-arm-none-eabi-10.3-2021.10/bin/../lib/gcc/arm-none-eabi/10.3.1/../../../../arm-none-eabi/lib/thumb/v7-m/nofp\libg.a(lib_a-__call_atexit.o)
                              c:/arm-none-eabi-gcc/gcc-arm-none-eabi-10.3-2021.10/bin/../lib/gcc/arm-none-eabi/10.3.1/../../../../arm-none-eabi/lib/thumb/v7-m/nofp\libg.a(lib_a-exit.o) (__call_exitprocs)
c:/arm-none-eabi-gcc/gcc-arm-none-eabi-10.3-2021.10/bin/../lib/gcc/arm-none-eabi/10.3.1/../../../../arm-none-eabi/lib/thumb/v7-m/nofp\libg.a(lib_a-atexit.o)
                              c:/arm-none-eabi-gcc/gcc-arm-none-eabi-10.3-2021.10/bin/../lib/gcc/arm-none-eabi/10.3.1/../../../../arm-none-eabi/lib/thumb/v7-m/nofp\libg.a(lib_a-__call_atexit.o) (atexit)
c:/arm-none-eabi-gcc/gcc-arm-none-eabi-10.3-2021.10/bin/../lib/gcc/arm-none-eabi/10.3.1/../../../../arm-none-eabi/lib/thumb/v7-m/nofp\libg.a(lib_a-fini.o)
                              c:/arm-none-eabi-gcc/gcc-arm-none-eabi-10.3-2021.10/bin/../lib/gcc/arm-none-eabi/10.3.1/../../../../arm-none-eabi/lib/thumb/v7-m/nofp\libg.a(lib_a-__call_atexit.o) (__libc_fini_array)
c:/arm-none-eabi-gcc/gcc-arm-none-eabi-10.3-2021.10/bin/../lib/gcc/arm-none-eabi/10.3.1/../../../../arm-none-eabi/lib/thumb/v7-m/nofp\libg.a(lib_a-lock.o)
                              c:/arm-none-eabi-gcc/gcc-arm-none-eabi-10.3-2021.10/bin/../lib/gcc/arm-none-eabi/10.3.1/../../../../arm-none-eabi/lib/thumb/v7-m/nofp\libg.a(lib_a-__call_atexit.o) (__retarget_lock_acquire_recursive)
c:/arm-none-eabi-gcc/gcc-arm-none-eabi-10.3-2021.10/bin/../lib/gcc/arm-none-eabi/10.3.1/../../../../arm-none-eabi/lib/thumb/v7-m/nofp\libg.a(lib_a-__atexit.o)
                              c:/arm-none-eabi-gcc/gcc-arm-none-eabi-10.3-2021.10/bin/../lib/gcc/arm-none-eabi/10.3.1/../../../../arm-none-eabi/lib/thumb/v7-m/nofp\libg.a(lib_a-atexit.o) (__register_exitproc)

Discarded input sections

[...]
Memory Configuration

Name             Origin             Length             Attributes
RAM              0x20000000         0x00005000         xrw
FLASH            0x08000000         0x00010000         xr
*default*        0x00000000         0xffffffff

Linker script and memory map

LOAD c:/arm-none-eabi-gcc/gcc-arm-none-eabi-10.3-2021.10/bin/../lib/gcc/arm-none-eabi/10.3.1/thumb/v7-m/nofp/crti.o
LOAD c:/arm-none-eabi-gcc/gcc-arm-none-eabi-10.3-2021.10/bin/../lib/gcc/arm-none-eabi/10.3.1/thumb/v7-m/nofp/crtbegin.o
LOAD c:/arm-none-eabi-gcc/gcc-arm-none-eabi-10.3-2021.10/bin/../lib/gcc/arm-none-eabi/10.3.1/../../../../arm-none-eabi/lib/thumb/v7-m/nofp/crt0.o
LOAD CMakeFiles/Snake.elf.dir/Core/Src/font.c.obj
LOAD CMakeFiles/Snake.elf.dir/Core/Src/gpio.c.obj
LOAD CMakeFiles/Snake.elf.dir/Core/Src/i2c.c.obj
LOAD CMakeFiles/Snake.elf.dir/Core/Src/main.c.obj
LOAD CMakeFiles/Snake.elf.dir/Core/Src/oled.c.obj
LOAD CMakeFiles/Snake.elf.dir/Core/Src/snake.c.obj
LOAD CMakeFiles/Snake.elf.dir/Core/Src/stm32f1xx_hal_msp.c.obj
LOAD CMakeFiles/Snake.elf.dir/Core/Src/stm32f1xx_it.c.obj
LOAD CMakeFiles/Snake.elf.dir/Core/Src/syscalls.c.obj
LOAD CMakeFiles/Snake.elf.dir/Core/Src/sysmem.c.obj
LOAD CMakeFiles/Snake.elf.dir/Core/Src/system_stm32f1xx.c.obj
LOAD CMakeFiles/Snake.elf.dir/Core/Src/tim.c.obj
LOAD CMakeFiles/Snake.elf.dir/Core/Startup/startup_stm32f103c8tx.s.obj
LOAD CMakeFiles/Snake.elf.dir/Drivers/STM32F1xx_HAL_Driver/Src/stm32f1xx_hal.c.obj
LOAD CMakeFiles/Snake.elf.dir/Drivers/STM32F1xx_HAL_Driver/Src/stm32f1xx_hal_cortex.c.obj
LOAD CMakeFiles/Snake.elf.dir/Drivers/STM32F1xx_HAL_Driver/Src/stm32f1xx_hal_dma.c.obj
LOAD CMakeFiles/Snake.elf.dir/Drivers/STM32F1xx_HAL_Driver/Src/stm32f1xx_hal_exti.c.obj
LOAD CMakeFiles/Snake.elf.dir/Drivers/STM32F1xx_HAL_Driver/Src/stm32f1xx_hal_flash.c.obj
LOAD CMakeFiles/Snake.elf.dir/Drivers/STM32F1xx_HAL_Driver/Src/stm32f1xx_hal_flash_ex.c.obj
LOAD CMakeFiles/Snake.elf.dir/Drivers/STM32F1xx_HAL_Driver/Src/stm32f1xx_hal_gpio.c.obj
LOAD CMakeFiles/Snake.elf.dir/Drivers/STM32F1xx_HAL_Driver/Src/stm32f1xx_hal_gpio_ex.c.obj
LOAD CMakeFiles/Snake.elf.dir/Drivers/STM32F1xx_HAL_Driver/Src/stm32f1xx_hal_i2c.c.obj
LOAD CMakeFiles/Snake.elf.dir/Drivers/STM32F1xx_HAL_Driver/Src/stm32f1xx_hal_pwr.c.obj
LOAD CMakeFiles/Snake.elf.dir/Drivers/STM32F1xx_HAL_Driver/Src/stm32f1xx_hal_rcc.c.obj
LOAD CMakeFiles/Snake.elf.dir/Drivers/STM32F1xx_HAL_Driver/Src/stm32f1xx_hal_rcc_ex.c.obj
LOAD CMakeFiles/Snake.elf.dir/Drivers/STM32F1xx_HAL_Driver/Src/stm32f1xx_hal_tim.c.obj
LOAD CMakeFiles/Snake.elf.dir/Drivers/STM32F1xx_HAL_Driver/Src/stm32f1xx_hal_tim_ex.c.obj
START GROUP
LOAD c:/arm-none-eabi-gcc/gcc-arm-none-eabi-10.3-2021.10/bin/../lib/gcc/arm-none-eabi/10.3.1/thumb/v7-m/nofp\libgcc.a
LOAD c:/arm-none-eabi-gcc/gcc-arm-none-eabi-10.3-2021.10/bin/../lib/gcc/arm-none-eabi/10.3.1/../../../../arm-none-eabi/lib/thumb/v7-m/nofp\libg.a
LOAD c:/arm-none-eabi-gcc/gcc-arm-none-eabi-10.3-2021.10/bin/../lib/gcc/arm-none-eabi/10.3.1/../../../../arm-none-eabi/lib/thumb/v7-m/nofp\libc.a
END GROUP
LOAD c:/arm-none-eabi-gcc/gcc-arm-none-eabi-10.3-2021.10/bin/../lib/gcc/arm-none-eabi/10.3.1/thumb/v7-m/nofp/crtend.o
LOAD c:/arm-none-eabi-gcc/gcc-arm-none-eabi-10.3-2021.10/bin/../lib/gcc/arm-none-eabi/10.3.1/thumb/v7-m/nofp/crtn.o
                0x20005000                _estack = (ORIGIN (RAM) + LENGTH (RAM))
                0x00000200                _Min_Heap_Size = 0x200
                0x00000400                _Min_Stack_Size = 0x400

.isr_vector     0x08000000      0x10c
                0x08000000                . = ALIGN (0x4)
 *(.isr_vector)
 .isr_vector    0x08000000      0x10c CMakeFiles/Snake.elf.dir/Core/Startup/startup_stm32f103c8tx.s.obj
                0x08000000                g_pfnVectors
                0x0800010c                . = ALIGN (0x4)

.text           0x0800010c     0x22c0
                0x0800010c                . = ALIGN (0x4)
 *(.text)
 .text          0x0800010c       0x40 c:/arm-none-eabi-gcc/gcc-arm-none-eabi-10.3-2021.10/bin/../lib/gcc/arm-none-eabi/10.3.1/thumb/v7-m/nofp/crtbegin.o
 .text          0x0800014c       0xec c:/arm-none-eabi-gcc/gcc-arm-none-eabi-10.3-2021.10/bin/../lib/gcc/arm-none-eabi/10.3.1/../../../../arm-none-eabi/lib/thumb/v7-m/nofp\libg.a(lib_a-memcpy.o)
                0x0800014c                memcpy
 *(.text*)
 .text.MX_GPIO_Init
                0x08000238       0xac CMakeFiles/Snake.elf.dir/Core/Src/gpio.c.obj
                0x08000238                MX_GPIO_Init
 .text.MX_I2C2_Init
                0x080002e4       0x3c CMakeFiles/Snake.elf.dir/Core/Src/i2c.c.obj
                0x080002e4                MX_I2C2_Init
 .text.HAL_I2C_MspInit
                0x08000320       0x64 CMakeFiles/Snake.elf.dir/Core/Src/i2c.c.obj
                0x08000320                HAL_I2C_MspInit
 .text.HAL_GPIO_EXTI_Callback
                0x08000384       0x34 CMakeFiles/Snake.elf.dir/Core/Src/main.c.obj
                0x08000384                HAL_GPIO_EXTI_Callback
 .text.HAL_TIM_PeriodElapsedCallback
                0x080003b8        0xc CMakeFiles/Snake.elf.dir/Core/Src/main.c.obj
                0x080003b8                HAL_TIM_PeriodElapsedCallback
 .text.Error_Handler
                0x080003c4        0x4 CMakeFiles/Snake.elf.dir/Core/Src/main.c.obj
                0x080003c4                Error_Handler
 .text.SystemClock_Config
                0x080003c8       0x64 CMakeFiles/Snake.elf.dir/Core/Src/main.c.obj
                0x080003c8                SystemClock_Config
 .text.main     0x0800042c       0x40 CMakeFiles/Snake.elf.dir/Core/Src/main.c.obj
                0x0800042c                main
 .text.OLED_Send
                0x0800046c       0x20 CMakeFiles/Snake.elf.dir/Core/Src/oled.c.obj
                0x0800046c                OLED_Send
 .text.OLED_SendCmd
                0x0800048c       0x14 CMakeFiles/Snake.elf.dir/Core/Src/oled.c.obj
                0x0800048c                OLED_SendCmd
 .text.OLED_NewFrame
                0x080004a0       0x14 CMakeFiles/Snake.elf.dir/Core/Src/oled.c.obj
                0x080004a0                OLED_NewFrame
 .text.OLED_ShowFrame
                0x080004b4       0x4c CMakeFiles/Snake.elf.dir/Core/Src/oled.c.obj
                0x080004b4                OLED_ShowFrame
 .text.OLED_Init
                0x08000500       0xb4 CMakeFiles/Snake.elf.dir/Core/Src/oled.c.obj
                0x08000500                OLED_Init
 .text.OLED_SetPixel
                0x080005b4       0x48 CMakeFiles/Snake.elf.dir/Core/Src/oled.c.obj
                0x080005b4                OLED_SetPixel
 .text.OLED_DrawLine
                0x080005fc      0x13c CMakeFiles/Snake.elf.dir/Core/Src/oled.c.obj
                0x080005fc                OLED_DrawLine
 .text.OLED_DrawRectangle
                0x08000738       0x5a CMakeFiles/Snake.elf.dir/Core/Src/oled.c.obj
                0x08000738                OLED_DrawRectangle
 .text.OLED_DrawFilledRectangle
                0x08000792       0x3a CMakeFiles/Snake.elf.dir/Core/Src/oled.c.obj
                0x08000792                OLED_DrawFilledRectangle
 .text.CreateMap
                0x080007cc       0x50 CMakeFiles/Snake.elf.dir/Core/Src/snake.c.obj
                0x080007cc                CreateMap
 .text.GenerateFood
                0x0800081c       0x74 CMakeFiles/Snake.elf.dir/Core/Src/snake.c.obj
                0x0800081c                GenerateFood
 .text.InitSnake
                0x08000890       0x40 CMakeFiles/Snake.elf.dir/Core/Src/snake.c.obj
                0x08000890                InitSnake
 .text.UpdateSnake
                0x080008d0       0xe0 CMakeFiles/Snake.elf.dir/Core/Src/snake.c.obj
                0x080008d0                UpdateSnake
 .text.ChangeDirection
                0x080009b0       0x14 CMakeFiles/Snake.elf.dir/Core/Src/snake.c.obj
                0x080009b0                ChangeDirection
 .text.PrintData
                0x080009c4       0x68 CMakeFiles/Snake.elf.dir/Core/Src/snake.c.obj
                0x080009c4                PrintData
 .text.HAL_MspInit
                0x08000a2c       0x44 CMakeFiles/Snake.elf.dir/Core/Src/stm32f1xx_hal_msp.c.obj
                0x08000a2c                HAL_MspInit
 .text.NMI_Handler
                0x08000a70        0x2 CMakeFiles/Snake.elf.dir/Core/Src/stm32f1xx_it.c.obj
                0x08000a70                NMI_Handler
 .text.HardFault_Handler
                0x08000a72        0x2 CMakeFiles/Snake.elf.dir/Core/Src/stm32f1xx_it.c.obj
                0x08000a72                HardFault_Handler
 .text.MemManage_Handler
                0x08000a74        0x2 CMakeFiles/Snake.elf.dir/Core/Src/stm32f1xx_it.c.obj
                0x08000a74                MemManage_Handler
 .text.BusFault_Handler
                0x08000a76        0x2 CMakeFiles/Snake.elf.dir/Core/Src/stm32f1xx_it.c.obj
                0x08000a76                BusFault_Handler
 .text.UsageFault_Handler
                0x08000a78        0x2 CMakeFiles/Snake.elf.dir/Core/Src/stm32f1xx_it.c.obj
                0x08000a78                UsageFault_Handler
 .text.SVC_Handler
                0x08000a7a        0x2 CMakeFiles/Snake.elf.dir/Core/Src/stm32f1xx_it.c.obj
                0x08000a7a                SVC_Handler
 .text.DebugMon_Handler
                0x08000a7c        0x2 CMakeFiles/Snake.elf.dir/Core/Src/stm32f1xx_it.c.obj
                0x08000a7c                DebugMon_Handler
 .text.PendSV_Handler
                0x08000a7e        0x2 CMakeFiles/Snake.elf.dir/Core/Src/stm32f1xx_it.c.obj
                0x08000a7e                PendSV_Handler
 .text.SysTick_Handler
                0x08000a80        0x8 CMakeFiles/Snake.elf.dir/Core/Src/stm32f1xx_it.c.obj
                0x08000a80                SysTick_Handler
 .text.EXTI0_IRQHandler
                0x08000a88        0xa CMakeFiles/Snake.elf.dir/Core/Src/stm32f1xx_it.c.obj
                0x08000a88                EXTI0_IRQHandler
 .text.EXTI1_IRQHandler
                0x08000a92        0xa CMakeFiles/Snake.elf.dir/Core/Src/stm32f1xx_it.c.obj
                0x08000a92                EXTI1_IRQHandler
 .text.EXTI2_IRQHandler
                0x08000a9c        0xa CMakeFiles/Snake.elf.dir/Core/Src/stm32f1xx_it.c.obj
                0x08000a9c                EXTI2_IRQHandler
 .text.EXTI3_IRQHandler
                0x08000aa6        0xa CMakeFiles/Snake.elf.dir/Core/Src/stm32f1xx_it.c.obj
                0x08000aa6                EXTI3_IRQHandler
 .text.TIM4_IRQHandler
                0x08000ab0       0x10 CMakeFiles/Snake.elf.dir/Core/Src/stm32f1xx_it.c.obj
                0x08000ab0                TIM4_IRQHandler
 .text.SystemInit
                0x08000ac0        0x2 CMakeFiles/Snake.elf.dir/Core/Src/system_stm32f1xx.c.obj
                0x08000ac0                SystemInit
 *fill*         0x08000ac2        0x2 
 .text.MX_TIM3_Init
                0x08000ac4       0x74 CMakeFiles/Snake.elf.dir/Core/Src/tim.c.obj
                0x08000ac4                MX_TIM3_Init
 .text.MX_TIM4_Init
                0x08000b38       0x70 CMakeFiles/Snake.elf.dir/Core/Src/tim.c.obj
                0x08000b38                MX_TIM4_Init
 .text.HAL_TIM_Base_MspInit
                0x08000ba8       0x60 CMakeFiles/Snake.elf.dir/Core/Src/tim.c.obj
                0x08000ba8                HAL_TIM_Base_MspInit
 .text.Reset_Handler
                0x08000c08       0x48 CMakeFiles/Snake.elf.dir/Core/Startup/startup_stm32f103c8tx.s.obj
                0x08000c08                Reset_Handler
 .text.Default_Handler
                0x08000c50        0x2 CMakeFiles/Snake.elf.dir/Core/Startup/startup_stm32f103c8tx.s.obj
                0x08000c50                RTC_Alarm_IRQHandler
                0x08000c50                TIM1_CC_IRQHandler
                0x08000c50                PVD_IRQHandler
                0x08000c50                I2C2_EV_IRQHandler
                0x08000c50                ADC1_2_IRQHandler
                0x08000c50                SPI1_IRQHandler
                0x08000c50                TAMPER_IRQHandler
                0x08000c50                DMA1_Channel4_IRQHandler
                0x08000c50                USART3_IRQHandler
                0x08000c50                RTC_IRQHandler
                0x08000c50                DMA1_Channel7_IRQHandler
                0x08000c50                CAN1_RX1_IRQHandler
                0x08000c50                I2C1_EV_IRQHandler
                0x08000c50                DMA1_Channel6_IRQHandler
                0x08000c50                TIM3_IRQHandler
                0x08000c50                RCC_IRQHandler
                0x08000c50                TIM1_TRG_COM_IRQHandler
                0x08000c50                DMA1_Channel1_IRQHandler
                0x08000c50                Default_Handler
                0x08000c50                EXTI15_10_IRQHandler
                0x08000c50                EXTI9_5_IRQHandler
                0x08000c50                SPI2_IRQHandler
                0x08000c50                DMA1_Channel5_IRQHandler
                0x08000c50                EXTI4_IRQHandler
                0x08000c50                USB_LP_CAN1_RX0_IRQHandler
                0x08000c50                USB_HP_CAN1_TX_IRQHandler
                0x08000c50                DMA1_Channel3_IRQHandler
                0x08000c50                TIM1_UP_IRQHandler
                0x08000c50                WWDG_IRQHandler
                0x08000c50                TIM2_IRQHandler
                0x08000c50                TIM1_BRK_IRQHandler
                0x08000c50                USART2_IRQHandler
                0x08000c50                I2C2_ER_IRQHandler
                0x08000c50                DMA1_Channel2_IRQHandler
                0x08000c50                CAN1_SCE_IRQHandler
                0x08000c50                FLASH_IRQHandler
                0x08000c50                USART1_IRQHandler
                0x08000c50                I2C1_ER_IRQHandler
                0x08000c50                USBWakeUp_IRQHandler
 *fill*         0x08000c52        0x2 
 .text.HAL_InitTick
                0x08000c54       0x4c CMakeFiles/Snake.elf.dir/Drivers/STM32F1xx_HAL_Driver/Src/stm32f1xx_hal.c.obj
                0x08000c54                HAL_InitTick
 .text.HAL_Init
                0x08000ca0       0x24 CMakeFiles/Snake.elf.dir/Drivers/STM32F1xx_HAL_Driver/Src/stm32f1xx_hal.c.obj
                0x08000ca0                HAL_Init
 .text.HAL_IncTick
                0x08000cc4       0x18 CMakeFiles/Snake.elf.dir/Drivers/STM32F1xx_HAL_Driver/Src/stm32f1xx_hal.c.obj
                0x08000cc4                HAL_IncTick
 .text.HAL_GetTick
                0x08000cdc        0xc CMakeFiles/Snake.elf.dir/Drivers/STM32F1xx_HAL_Driver/Src/stm32f1xx_hal.c.obj
                0x08000cdc                HAL_GetTick
 .text.HAL_Delay
                0x08000ce8       0x28 CMakeFiles/Snake.elf.dir/Drivers/STM32F1xx_HAL_Driver/Src/stm32f1xx_hal.c.obj
                0x08000ce8                HAL_Delay
 .text.HAL_NVIC_SetPriorityGrouping
                0x08000d10       0x24 CMakeFiles/Snake.elf.dir/Drivers/STM32F1xx_HAL_Driver/Src/stm32f1xx_hal_cortex.c.obj
                0x08000d10                HAL_NVIC_SetPriorityGrouping
 .text.HAL_NVIC_SetPriority
                0x08000d34       0x70 CMakeFiles/Snake.elf.dir/Drivers/STM32F1xx_HAL_Driver/Src/stm32f1xx_hal_cortex.c.obj
                0x08000d34                HAL_NVIC_SetPriority
 .text.HAL_NVIC_EnableIRQ
                0x08000da4       0x1c CMakeFiles/Snake.elf.dir/Drivers/STM32F1xx_HAL_Driver/Src/stm32f1xx_hal_cortex.c.obj
                0x08000da4                HAL_NVIC_EnableIRQ
 .text.HAL_SYSTICK_Config
                0x08000dc0       0x28 CMakeFiles/Snake.elf.dir/Drivers/STM32F1xx_HAL_Driver/Src/stm32f1xx_hal_cortex.c.obj
                0x08000dc0                HAL_SYSTICK_Config
 .text.HAL_GPIO_Init
                0x08000de8      0x224 CMakeFiles/Snake.elf.dir/Drivers/STM32F1xx_HAL_Driver/Src/stm32f1xx_hal_gpio.c.obj
                0x08000de8                HAL_GPIO_Init
 .text.HAL_GPIO_EXTI_IRQHandler
                0x0800100c       0x1c CMakeFiles/Snake.elf.dir/Drivers/STM32F1xx_HAL_Driver/Src/stm32f1xx_hal_gpio.c.obj
                0x0800100c                HAL_GPIO_EXTI_IRQHandler
 .text.I2C_IsAcknowledgeFailed
                0x08001028       0x32 CMakeFiles/Snake.elf.dir/Drivers/STM32F1xx_HAL_Driver/Src/stm32f1xx_hal_i2c.c.obj
 .text.I2C_WaitOnFlagUntilTimeout
                0x0800105a       0xaa CMakeFiles/Snake.elf.dir/Drivers/STM32F1xx_HAL_Driver/Src/stm32f1xx_hal_i2c.c.obj
 .text.I2C_WaitOnMasterAddressFlagUntilTimeout
                0x08001104       0xd6 CMakeFiles/Snake.elf.dir/Drivers/STM32F1xx_HAL_Driver/Src/stm32f1xx_hal_i2c.c.obj
 *fill*         0x080011da        0x2 
 .text.I2C_MasterRequestWrite
                0x080011dc       0xb4 CMakeFiles/Snake.elf.dir/Drivers/STM32F1xx_HAL_Driver/Src/stm32f1xx_hal_i2c.c.obj
 .text.I2C_WaitOnTXEFlagUntilTimeout
                0x08001290       0x5e CMakeFiles/Snake.elf.dir/Drivers/STM32F1xx_HAL_Driver/Src/stm32f1xx_hal_i2c.c.obj
 .text.I2C_WaitOnBTFFlagUntilTimeout
                0x080012ee       0x5e CMakeFiles/Snake.elf.dir/Drivers/STM32F1xx_HAL_Driver/Src/stm32f1xx_hal_i2c.c.obj
 .text.HAL_I2C_Init
                0x0800134c      0x1bc CMakeFiles/Snake.elf.dir/Drivers/STM32F1xx_HAL_Driver/Src/stm32f1xx_hal_i2c.c.obj
                0x0800134c                HAL_I2C_Init
 .text.HAL_I2C_Master_Transmit
                0x08001508      0x178 CMakeFiles/Snake.elf.dir/Drivers/STM32F1xx_HAL_Driver/Src/stm32f1xx_hal_i2c.c.obj
                0x08001508                HAL_I2C_Master_Transmit
 .text.RCC_Delay
                0x08001680       0x2c CMakeFiles/Snake.elf.dir/Drivers/STM32F1xx_HAL_Driver/Src/stm32f1xx_hal_rcc.c.obj
 .text.HAL_RCC_OscConfig
                0x080016ac      0x410 CMakeFiles/Snake.elf.dir/Drivers/STM32F1xx_HAL_Driver/Src/stm32f1xx_hal_rcc.c.obj
                0x080016ac                HAL_RCC_OscConfig
 .text.HAL_RCC_GetSysClockFreq
                0x08001abc       0x54 CMakeFiles/Snake.elf.dir/Drivers/STM32F1xx_HAL_Driver/Src/stm32f1xx_hal_rcc.c.obj
                0x08001abc                HAL_RCC_GetSysClockFreq
 .text.HAL_RCC_ClockConfig
                0x08001b10      0x16c CMakeFiles/Snake.elf.dir/Drivers/STM32F1xx_HAL_Driver/Src/stm32f1xx_hal_rcc.c.obj
                0x08001b10                HAL_RCC_ClockConfig
 .text.HAL_RCC_GetHCLKFreq
                0x08001c7c        0xc CMakeFiles/Snake.elf.dir/Drivers/STM32F1xx_HAL_Driver/Src/stm32f1xx_hal_rcc.c.obj
                0x08001c7c                HAL_RCC_GetHCLKFreq
 .text.HAL_RCC_GetPCLK1Freq
                0x08001c88       0x20 CMakeFiles/Snake.elf.dir/Drivers/STM32F1xx_HAL_Driver/Src/stm32f1xx_hal_rcc.c.obj
                0x08001c88                HAL_RCC_GetPCLK1Freq
 .text.TIM_TI1_ConfigInputStage
                0x08001ca8       0x24 CMakeFiles/Snake.elf.dir/Drivers/STM32F1xx_HAL_Driver/Src/stm32f1xx_hal_tim.c.obj
 .text.TIM_TI2_ConfigInputStage
                0x08001ccc       0x26 CMakeFiles/Snake.elf.dir/Drivers/STM32F1xx_HAL_Driver/Src/stm32f1xx_hal_tim.c.obj
 .text.TIM_ITRx_SetConfig
                0x08001cf2       0x10 CMakeFiles/Snake.elf.dir/Drivers/STM32F1xx_HAL_Driver/Src/stm32f1xx_hal_tim.c.obj
 *fill*         0x08001d02        0x2 
 .text.HAL_TIM_Base_Start
                0x08001d04       0x5c CMakeFiles/Snake.elf.dir/Drivers/STM32F1xx_HAL_Driver/Src/stm32f1xx_hal_tim.c.obj
                0x08001d04                HAL_TIM_Base_Start
 .text.HAL_TIM_Base_Start_IT
                0x08001d60       0x68 CMakeFiles/Snake.elf.dir/Drivers/STM32F1xx_HAL_Driver/Src/stm32f1xx_hal_tim.c.obj
                0x08001d60                HAL_TIM_Base_Start_IT
 .text.HAL_TIM_OC_DelayElapsedCallback
                0x08001dc8        0x2 CMakeFiles/Snake.elf.dir/Drivers/STM32F1xx_HAL_Driver/Src/stm32f1xx_hal_tim.c.obj
                0x08001dc8                HAL_TIM_OC_DelayElapsedCallback
 .text.HAL_TIM_IC_CaptureCallback
                0x08001dca        0x2 CMakeFiles/Snake.elf.dir/Drivers/STM32F1xx_HAL_Driver/Src/stm32f1xx_hal_tim.c.obj
                0x08001dca                HAL_TIM_IC_CaptureCallback
 .text.HAL_TIM_PWM_PulseFinishedCallback
                0x08001dcc        0x2 CMakeFiles/Snake.elf.dir/Drivers/STM32F1xx_HAL_Driver/Src/stm32f1xx_hal_tim.c.obj
                0x08001dcc                HAL_TIM_PWM_PulseFinishedCallback
 .text.HAL_TIM_TriggerCallback
                0x08001dce        0x2 CMakeFiles/Snake.elf.dir/Drivers/STM32F1xx_HAL_Driver/Src/stm32f1xx_hal_tim.c.obj
                0x08001dce                HAL_TIM_TriggerCallback
 .text.HAL_TIM_IRQHandler
                0x08001dd0      0x17a CMakeFiles/Snake.elf.dir/Drivers/STM32F1xx_HAL_Driver/Src/stm32f1xx_hal_tim.c.obj
                0x08001dd0                HAL_TIM_IRQHandler
 *fill*         0x08001f4a        0x2 
 .text.TIM_Base_SetConfig
                0x08001f4c       0x74 CMakeFiles/Snake.elf.dir/Drivers/STM32F1xx_HAL_Driver/Src/stm32f1xx_hal_tim.c.obj
                0x08001f4c                TIM_Base_SetConfig
 .text.HAL_TIM_Base_Init
                0x08001fc0       0x58 CMakeFiles/Snake.elf.dir/Drivers/STM32F1xx_HAL_Driver/Src/stm32f1xx_hal_tim.c.obj
                0x08001fc0                HAL_TIM_Base_Init
 .text.TIM_ETR_SetConfig
                0x08002018       0x18 CMakeFiles/Snake.elf.dir/Drivers/STM32F1xx_HAL_Driver/Src/stm32f1xx_hal_tim.c.obj
                0x08002018                TIM_ETR_SetConfig
 .text.HAL_TIM_ConfigClockSource
                0x08002030       0xfe CMakeFiles/Snake.elf.dir/Drivers/STM32F1xx_HAL_Driver/Src/stm32f1xx_hal_tim.c.obj
                0x08002030                HAL_TIM_ConfigClockSource
 *fill*         0x0800212e        0x2 
 .text.HAL_TIMEx_MasterConfigSynchronization
                0x08002130       0x6c CMakeFiles/Snake.elf.dir/Drivers/STM32F1xx_HAL_Driver/Src/stm32f1xx_hal_tim_ex.c.obj
                0x08002130                HAL_TIMEx_MasterConfigSynchronization
 .text.HAL_TIMEx_CommutCallback
                0x0800219c        0x2 CMakeFiles/Snake.elf.dir/Drivers/STM32F1xx_HAL_Driver/Src/stm32f1xx_hal_tim_ex.c.obj
                0x0800219c                HAL_TIMEx_CommutCallback
 .text.HAL_TIMEx_BreakCallback
                0x0800219e        0x2 CMakeFiles/Snake.elf.dir/Drivers/STM32F1xx_HAL_Driver/Src/stm32f1xx_hal_tim_ex.c.obj
                0x0800219e                HAL_TIMEx_BreakCallback
 .text.__libc_init_array
                0x080021a0       0x48 c:/arm-none-eabi-gcc/gcc-arm-none-eabi-10.3-2021.10/bin/../lib/gcc/arm-none-eabi/10.3.1/../../../../arm-none-eabi/lib/thumb/v7-m/nofp\libg.a(lib_a-init.o)
                0x080021a0                __libc_init_array
 .text.memset   0x080021e8       0xa4 c:/arm-none-eabi-gcc/gcc-arm-none-eabi-10.3-2021.10/bin/../lib/gcc/arm-none-eabi/10.3.1/../../../../arm-none-eabi/lib/thumb/v7-m/nofp\libg.a(lib_a-memset.o)
                0x080021e8                memset
 .text.srand    0x0800228c       0x10 c:/arm-none-eabi-gcc/gcc-arm-none-eabi-10.3-2021.10/bin/../lib/gcc/arm-none-eabi/10.3.1/../../../../arm-none-eabi/lib/thumb/v7-m/nofp\libg.a(lib_a-rand.o)
                0x0800228c                srand
 .text.rand     0x0800229c       0x38 c:/arm-none-eabi-gcc/gcc-arm-none-eabi-10.3-2021.10/bin/../lib/gcc/arm-none-eabi/10.3.1/../../../../arm-none-eabi/lib/thumb/v7-m/nofp\libg.a(lib_a-rand.o)
                0x0800229c                rand
 .text.startup.register_fini
                0x080022d4       0x14 c:/arm-none-eabi-gcc/gcc-arm-none-eabi-10.3-2021.10/bin/../lib/gcc/arm-none-eabi/10.3.1/../../../../arm-none-eabi/lib/thumb/v7-m/nofp\libg.a(lib_a-__call_atexit.o)
 .text.atexit   0x080022e8        0xc c:/arm-none-eabi-gcc/gcc-arm-none-eabi-10.3-2021.10/bin/../lib/gcc/arm-none-eabi/10.3.1/../../../../arm-none-eabi/lib/thumb/v7-m/nofp\libg.a(lib_a-atexit.o)
                0x080022e8                atexit
 .text.__libc_fini_array
                0x080022f4       0x2c c:/arm-none-eabi-gcc/gcc-arm-none-eabi-10.3-2021.10/bin/../lib/gcc/arm-none-eabi/10.3.1/../../../../arm-none-eabi/lib/thumb/v7-m/nofp\libg.a(lib_a-fini.o)
                0x080022f4                __libc_fini_array
 .text.__retarget_lock_acquire_recursive
                0x08002320        0x4 c:/arm-none-eabi-gcc/gcc-arm-none-eabi-10.3-2021.10/bin/../lib/gcc/arm-none-eabi/10.3.1/../../../../arm-none-eabi/lib/thumb/v7-m/nofp\libg.a(lib_a-lock.o)
                0x08002320                __retarget_lock_acquire_recursive
 .text.__retarget_lock_release_recursive
                0x08002324        0x4 c:/arm-none-eabi-gcc/gcc-arm-none-eabi-10.3-2021.10/bin/../lib/gcc/arm-none-eabi/10.3.1/../../../../arm-none-eabi/lib/thumb/v7-m/nofp\libg.a(lib_a-lock.o)
                0x08002324                __retarget_lock_release_recursive
 .text.__register_exitproc
                0x08002328       0x8c c:/arm-none-eabi-gcc/gcc-arm-none-eabi-10.3-2021.10/bin/../lib/gcc/arm-none-eabi/10.3.1/../../../../arm-none-eabi/lib/thumb/v7-m/nofp\libg.a(lib_a-__atexit.o)
                0x08002328                __register_exitproc
 *(.glue_7)
 .glue_7        0x080023b4        0x0 linker stubs
 *(.glue_7t)
 .glue_7t       0x080023b4        0x0 linker stubs
 *(.eh_frame)
 .eh_frame      0x080023b4        0x0 c:/arm-none-eabi-gcc/gcc-arm-none-eabi-10.3-2021.10/bin/../lib/gcc/arm-none-eabi/10.3.1/thumb/v7-m/nofp/crtbegin.o
 *(.init)
 .init          0x080023b4        0x4 c:/arm-none-eabi-gcc/gcc-arm-none-eabi-10.3-2021.10/bin/../lib/gcc/arm-none-eabi/10.3.1/thumb/v7-m/nofp/crti.o
                0x080023b4                _init
 .init          0x080023b8        0x8 c:/arm-none-eabi-gcc/gcc-arm-none-eabi-10.3-2021.10/bin/../lib/gcc/arm-none-eabi/10.3.1/thumb/v7-m/nofp/crtn.o
 *(.fini)
 .fini          0x080023c0        0x4 c:/arm-none-eabi-gcc/gcc-arm-none-eabi-10.3-2021.10/bin/../lib/gcc/arm-none-eabi/10.3.1/thumb/v7-m/nofp/crti.o
                0x080023c0                _fini
 .fini          0x080023c4        0x8 c:/arm-none-eabi-gcc/gcc-arm-none-eabi-10.3-2021.10/bin/../lib/gcc/arm-none-eabi/10.3.1/thumb/v7-m/nofp/crtn.o
                0x080023cc                . = ALIGN (0x4)
                0x080023cc                _etext = .

.vfp11_veneer   0x080023cc        0x0
 .vfp11_veneer  0x080023cc        0x0 linker stubs

.v4_bx          0x080023cc        0x0
 .v4_bx         0x080023cc        0x0 linker stubs

.iplt           0x080023cc        0x0
 .iplt          0x080023cc        0x0 c:/arm-none-eabi-gcc/gcc-arm-none-eabi-10.3-2021.10/bin/../lib/gcc/arm-none-eabi/10.3.1/thumb/v7-m/nofp/crtbegin.o

.rodata         0x080023cc       0x30
                0x080023cc                . = ALIGN (0x4)
 *(.rodata)
 *(.rodata*)
 .rodata.AHBPrescTable
                0x080023cc       0x10 CMakeFiles/Snake.elf.dir/Core/Src/system_stm32f1xx.c.obj
                0x080023cc                AHBPrescTable
 .rodata.APBPrescTable
                0x080023dc        0x8 CMakeFiles/Snake.elf.dir/Core/Src/system_stm32f1xx.c.obj
                0x080023dc                APBPrescTable
 .rodata.aPLLMULFactorTable.1
                0x080023e4       0x10 CMakeFiles/Snake.elf.dir/Drivers/STM32F1xx_HAL_Driver/Src/stm32f1xx_hal_rcc.c.obj
 .rodata.aPredivFactorTable.0
                0x080023f4        0x2 CMakeFiles/Snake.elf.dir/Drivers/STM32F1xx_HAL_Driver/Src/stm32f1xx_hal_rcc.c.obj
 *fill*         0x080023f6        0x2 
 .rodata._global_impure_ptr
                0x080023f8        0x4 c:/arm-none-eabi-gcc/gcc-arm-none-eabi-10.3-2021.10/bin/../lib/gcc/arm-none-eabi/10.3.1/../../../../arm-none-eabi/lib/thumb/v7-m/nofp\libg.a(lib_a-impure.o)
                0x080023f8                _global_impure_ptr
                0x080023fc                . = ALIGN (0x4)

.rel.dyn        0x080023fc        0x0
 .rel.iplt      0x080023fc        0x0 c:/arm-none-eabi-gcc/gcc-arm-none-eabi-10.3-2021.10/bin/../lib/gcc/arm-none-eabi/10.3.1/thumb/v7-m/nofp/crtbegin.o

.ARM.extab      0x080023fc        0x0
                0x080023fc                . = ALIGN (0x4)
 *(.ARM.extab* .gnu.linkonce.armextab.*)
                0x080023fc                . = ALIGN (0x4)

.ARM            0x080023fc        0x0
                0x080023fc                . = ALIGN (0x4)
                0x080023fc                __exidx_start = .
 *(.ARM.exidx*)
                0x080023fc                __exidx_end = .
                0x080023fc                . = ALIGN (0x4)

.preinit_array  0x080023fc        0x0
                0x080023fc                . = ALIGN (0x4)
                0x080023fc                PROVIDE (__preinit_array_start = .)
 *(.preinit_array*)
                0x080023fc                PROVIDE (__preinit_array_end = .)
                0x080023fc                . = ALIGN (0x4)

.init_array     0x080023fc        0x8
                0x080023fc                . = ALIGN (0x4)
                0x080023fc                PROVIDE (__init_array_start = .)
 *(SORT_BY_NAME(.init_array.*))
 .init_array.00000
                0x080023fc        0x4 c:/arm-none-eabi-gcc/gcc-arm-none-eabi-10.3-2021.10/bin/../lib/gcc/arm-none-eabi/10.3.1/../../../../arm-none-eabi/lib/thumb/v7-m/nofp\libg.a(lib_a-__call_atexit.o)
 *(.init_array*)
 .init_array    0x08002400        0x4 c:/arm-none-eabi-gcc/gcc-arm-none-eabi-10.3-2021.10/bin/../lib/gcc/arm-none-eabi/10.3.1/thumb/v7-m/nofp/crtbegin.o
                0x08002404                PROVIDE (__init_array_end = .)
                0x08002404                . = ALIGN (0x4)

.fini_array     0x08002404        0x4
                0x08002404                . = ALIGN (0x4)
                0x08002404                PROVIDE (__fini_array_start = .)
 *(SORT_BY_NAME(.fini_array.*))
 *(.fini_array*)
 .fini_array    0x08002404        0x4 c:/arm-none-eabi-gcc/gcc-arm-none-eabi-10.3-2021.10/bin/../lib/gcc/arm-none-eabi/10.3.1/thumb/v7-m/nofp/crtbegin.o
                0x08002408                PROVIDE (__fini_array_end = .)
                0x08002408                . = ALIGN (0x4)
                0x08002408                _sidata = LOADADDR (.data)

.data           0x20000000      0x43c load address 0x08002408
                0x20000000                . = ALIGN (0x4)
                0x20000000                _sdata = .
 *(.data)
 *(.data*)
 .data.SystemCoreClock
                0x20000000        0x4 CMakeFiles/Snake.elf.dir/Core/Src/system_stm32f1xx.c.obj
                0x20000000                SystemCoreClock
 .data.uwTickFreq
                0x20000004        0x1 CMakeFiles/Snake.elf.dir/Drivers/STM32F1xx_HAL_Driver/Src/stm32f1xx_hal.c.obj
                0x20000004                uwTickFreq
 *fill*         0x20000005        0x3 
 .data.uwTickPrio
                0x20000008        0x4 CMakeFiles/Snake.elf.dir/Drivers/STM32F1xx_HAL_Driver/Src/stm32f1xx_hal.c.obj
                0x20000008                uwTickPrio
 .data._impure_ptr
                0x2000000c        0x4 c:/arm-none-eabi-gcc/gcc-arm-none-eabi-10.3-2021.10/bin/../lib/gcc/arm-none-eabi/10.3.1/../../../../arm-none-eabi/lib/thumb/v7-m/nofp\libg.a(lib_a-impure.o)
                0x2000000c                _impure_ptr
 .data.impure_data
                0x20000010      0x428 c:/arm-none-eabi-gcc/gcc-arm-none-eabi-10.3-2021.10/bin/../lib/gcc/arm-none-eabi/10.3.1/../../../../arm-none-eabi/lib/thumb/v7-m/nofp\libg.a(lib_a-impure.o)
 .data.__atexit_recursive_mutex
                0x20000438        0x4 c:/arm-none-eabi-gcc/gcc-arm-none-eabi-10.3-2021.10/bin/../lib/gcc/arm-none-eabi/10.3.1/../../../../arm-none-eabi/lib/thumb/v7-m/nofp\libg.a(lib_a-__call_atexit.o)
                0x20000438                __atexit_recursive_mutex
 *(.RamFunc)
 *(.RamFunc*)
                0x2000043c                . = ALIGN (0x4)
                0x2000043c                _edata = .

.igot.plt       0x2000043c        0x0 load address 0x08002844
 .igot.plt      0x2000043c        0x0 c:/arm-none-eabi-gcc/gcc-arm-none-eabi-10.3-2021.10/bin/../lib/gcc/arm-none-eabi/10.3.1/thumb/v7-m/nofp/crtbegin.o
                0x2000043c                . = ALIGN (0x4)

.bss            0x2000043c      0xb94 load address 0x08002844
                0x2000043c                _sbss = .
                0x2000043c                __bss_start__ = _sbss
 *(.bss)
 .bss           0x2000043c       0x1c c:/arm-none-eabi-gcc/gcc-arm-none-eabi-10.3-2021.10/bin/../lib/gcc/arm-none-eabi/10.3.1/thumb/v7-m/nofp/crtbegin.o
 *(.bss*)
 .bss.hi2c2     0x20000458       0x54 CMakeFiles/Snake.elf.dir/Core/Src/i2c.c.obj
                0x20000458                hi2c2
 .bss.OLED_GRAM
                0x200004ac      0x400 CMakeFiles/Snake.elf.dir/Core/Src/oled.c.obj
                0x200004ac                OLED_GRAM
 .bss.sendBuffer.2
                0x200008ac       0x81 CMakeFiles/Snake.elf.dir/Core/Src/oled.c.obj
 *fill*         0x2000092d        0x3 
 .bss.sendBuffer.3
                0x20000930        0x2 CMakeFiles/Snake.elf.dir/Core/Src/oled.c.obj
 .bss.temp.0    0x20000932        0x1 CMakeFiles/Snake.elf.dir/Core/Src/oled.c.obj
 .bss.directionChanged
                0x20000933        0x1 CMakeFiles/Snake.elf.dir/Core/Src/snake.c.obj
                0x20000933                directionChanged
 .bss.map       0x20000934      0x200 CMakeFiles/Snake.elf.dir/Core/Src/snake.c.obj
                0x20000934                map
 .bss.snake     0x20000b34      0x402 CMakeFiles/Snake.elf.dir/Core/Src/snake.c.obj
                0x20000b34                snake
 *fill*         0x20000f36        0x2 
 .bss.htim3     0x20000f38       0x48 CMakeFiles/Snake.elf.dir/Core/Src/tim.c.obj
                0x20000f38                htim3
 .bss.htim4     0x20000f80       0x48 CMakeFiles/Snake.elf.dir/Core/Src/tim.c.obj
                0x20000f80                htim4
 .bss.uwTick    0x20000fc8        0x4 CMakeFiles/Snake.elf.dir/Drivers/STM32F1xx_HAL_Driver/Src/stm32f1xx_hal.c.obj
                0x20000fc8                uwTick
 .bss.__lock___atexit_recursive_mutex
                0x20000fcc        0x1 c:/arm-none-eabi-gcc/gcc-arm-none-eabi-10.3-2021.10/bin/../lib/gcc/arm-none-eabi/10.3.1/../../../../arm-none-eabi/lib/thumb/v7-m/nofp\libg.a(lib_a-lock.o)
                0x20000fcc                __lock___atexit_recursive_mutex
 *(COMMON)
                0x20000fd0                . = ALIGN (0x4)
 *fill*         0x20000fcd        0x3 
                0x20000fd0                _ebss = .
                0x20000fd0                __bss_end__ = _ebss

._user_heap_stack
                0x20000fd0      0x600 load address 0x08002844
                0x20000fd0                . = ALIGN (0x8)
                [!provide]                PROVIDE (end = .)
                0x20000fd0                PROVIDE (_end = .)
                0x200011d0                . = (. + _Min_Heap_Size)
 *fill*         0x20000fd0      0x200 
                0x200015d0                . = (. + _Min_Stack_Size)
 *fill*         0x200011d0      0x400 
                0x200015d0                . = ALIGN (0x8)

/DISCARD/
 libc.a(*)
 libm.a(*)
 libgcc.a(*)

.ARM.attributes
                0x00000000       0x29
 *(.ARM.attributes)
 .ARM.attributes
                0x00000000       0x1d c:/arm-none-eabi-gcc/gcc-arm-none-eabi-10.3-2021.10/bin/../lib/gcc/arm-none-eabi/10.3.1/thumb/v7-m/nofp/crti.o
 .ARM.attributes
                0x0000001d       0x2d c:/arm-none-eabi-gcc/gcc-arm-none-eabi-10.3-2021.10/bin/../lib/gcc/arm-none-eabi/10.3.1/thumb/v7-m/nofp/crtbegin.o
 .ARM.attributes
                0x0000004a       0x2d CMakeFiles/Snake.elf.dir/Core/Src/gpio.c.obj
 .ARM.attributes
                0x00000077       0x2d CMakeFiles/Snake.elf.dir/Core/Src/i2c.c.obj
 .ARM.attributes
                0x000000a4       0x2d CMakeFiles/Snake.elf.dir/Core/Src/main.c.obj
 .ARM.attributes
                0x000000d1       0x2d CMakeFiles/Snake.elf.dir/Core/Src/oled.c.obj
 .ARM.attributes
                0x000000fe       0x2d CMakeFiles/Snake.elf.dir/Core/Src/snake.c.obj
 .ARM.attributes
                0x0000012b       0x2d CMakeFiles/Snake.elf.dir/Core/Src/stm32f1xx_hal_msp.c.obj
 .ARM.attributes
                0x00000158       0x2d CMakeFiles/Snake.elf.dir/Core/Src/stm32f1xx_it.c.obj
 .ARM.attributes
                0x00000185       0x2d CMakeFiles/Snake.elf.dir/Core/Src/system_stm32f1xx.c.obj
 .ARM.attributes
                0x000001b2       0x2d CMakeFiles/Snake.elf.dir/Core/Src/tim.c.obj
 .ARM.attributes
                0x000001df       0x21 CMakeFiles/Snake.elf.dir/Core/Startup/startup_stm32f103c8tx.s.obj
 .ARM.attributes
                0x00000200       0x2d CMakeFiles/Snake.elf.dir/Drivers/STM32F1xx_HAL_Driver/Src/stm32f1xx_hal.c.obj
 .ARM.attributes
                0x0000022d       0x2d CMakeFiles/Snake.elf.dir/Drivers/STM32F1xx_HAL_Driver/Src/stm32f1xx_hal_cortex.c.obj
 .ARM.attributes
                0x0000025a       0x2d CMakeFiles/Snake.elf.dir/Drivers/STM32F1xx_HAL_Driver/Src/stm32f1xx_hal_gpio.c.obj
 .ARM.attributes
                0x00000287       0x2d CMakeFiles/Snake.elf.dir/Drivers/STM32F1xx_HAL_Driver/Src/stm32f1xx_hal_i2c.c.obj
 .ARM.attributes
                0x000002b4       0x2d CMakeFiles/Snake.elf.dir/Drivers/STM32F1xx_HAL_Driver/Src/stm32f1xx_hal_rcc.c.obj
 .ARM.attributes
                0x000002e1       0x2d CMakeFiles/Snake.elf.dir/Drivers/STM32F1xx_HAL_Driver/Src/stm32f1xx_hal_tim.c.obj
 .ARM.attributes
                0x0000030e       0x2d CMakeFiles/Snake.elf.dir/Drivers/STM32F1xx_HAL_Driver/Src/stm32f1xx_hal_tim_ex.c.obj
 .ARM.attributes
                0x0000033b       0x2d c:/arm-none-eabi-gcc/gcc-arm-none-eabi-10.3-2021.10/bin/../lib/gcc/arm-none-eabi/10.3.1/../../../../arm-none-eabi/lib/thumb/v7-m/nofp\libg.a(lib_a-impure.o)
 .ARM.attributes
                0x00000368       0x2d c:/arm-none-eabi-gcc/gcc-arm-none-eabi-10.3-2021.10/bin/../lib/gcc/arm-none-eabi/10.3.1/../../../../arm-none-eabi/lib/thumb/v7-m/nofp\libg.a(lib_a-init.o)
 .ARM.attributes
                0x00000395       0x1b c:/arm-none-eabi-gcc/gcc-arm-none-eabi-10.3-2021.10/bin/../lib/gcc/arm-none-eabi/10.3.1/../../../../arm-none-eabi/lib/thumb/v7-m/nofp\libg.a(lib_a-memcpy.o)
 .ARM.attributes
                0x000003b0       0x2d c:/arm-none-eabi-gcc/gcc-arm-none-eabi-10.3-2021.10/bin/../lib/gcc/arm-none-eabi/10.3.1/../../../../arm-none-eabi/lib/thumb/v7-m/nofp\libg.a(lib_a-memset.o)
 .ARM.attributes
                0x000003dd       0x2d c:/arm-none-eabi-gcc/gcc-arm-none-eabi-10.3-2021.10/bin/../lib/gcc/arm-none-eabi/10.3.1/../../../../arm-none-eabi/lib/thumb/v7-m/nofp\libg.a(lib_a-rand.o)
 .ARM.attributes
                0x0000040a       0x2d c:/arm-none-eabi-gcc/gcc-arm-none-eabi-10.3-2021.10/bin/../lib/gcc/arm-none-eabi/10.3.1/../../../../arm-none-eabi/lib/thumb/v7-m/nofp\libg.a(lib_a-__call_atexit.o)
 .ARM.attributes
                0x00000437       0x2d c:/arm-none-eabi-gcc/gcc-arm-none-eabi-10.3-2021.10/bin/../lib/gcc/arm-none-eabi/10.3.1/../../../../arm-none-eabi/lib/thumb/v7-m/nofp\libg.a(lib_a-atexit.o)
 .ARM.attributes
                0x00000464       0x2d c:/arm-none-eabi-gcc/gcc-arm-none-eabi-10.3-2021.10/bin/../lib/gcc/arm-none-eabi/10.3.1/../../../../arm-none-eabi/lib/thumb/v7-m/nofp\libg.a(lib_a-fini.o)
 .ARM.attributes
                0x00000491       0x2d c:/arm-none-eabi-gcc/gcc-arm-none-eabi-10.3-2021.10/bin/../lib/gcc/arm-none-eabi/10.3.1/../../../../arm-none-eabi/lib/thumb/v7-m/nofp\libg.a(lib_a-lock.o)
 .ARM.attributes
                0x000004be       0x2d c:/arm-none-eabi-gcc/gcc-arm-none-eabi-10.3-2021.10/bin/../lib/gcc/arm-none-eabi/10.3.1/../../../../arm-none-eabi/lib/thumb/v7-m/nofp\libg.a(lib_a-__atexit.o)
 .ARM.attributes
                0x000004eb       0x1d c:/arm-none-eabi-gcc/gcc-arm-none-eabi-10.3-2021.10/bin/../lib/gcc/arm-none-eabi/10.3.1/thumb/v7-m/nofp/crtn.o
OUTPUT(Snake.elf elf32-littlearm)
LOAD linker stubs
LOAD c:/arm-none-eabi-gcc/gcc-arm-none-eabi-10.3-2021.10/bin/../lib/gcc/arm-none-eabi/10.3.1/../../../../arm-none-eabi/lib/thumb/v7-m/nofp\libc.a
LOAD c:/arm-none-eabi-gcc/gcc-arm-none-eabi-10.3-2021.10/bin/../lib/gcc/arm-none-eabi/10.3.1/../../../../arm-none-eabi/lib/thumb/v7-m/nofp\libm.a
LOAD c:/arm-none-eabi-gcc/gcc-arm-none-eabi-10.3-2021.10/bin/../lib/gcc/arm-none-eabi/10.3.1/thumb/v7-m/nofp\libgcc.a

.debug_info     0x00000000    0x11347
 .debug_info    0x00000000      0x4d6 CMakeFiles/Snake.elf.dir/Core/Src/gpio.c.obj
 .debug_info    0x000004d6      0x8a6 CMakeFiles/Snake.elf.dir/Core/Src/i2c.c.obj
 .debug_info    0x00000d7c      0xa71 CMakeFiles/Snake.elf.dir/Core/Src/main.c.obj
 .debug_info    0x000017ed     0x216d CMakeFiles/Snake.elf.dir/Core/Src/oled.c.obj
 .debug_info    0x0000395a      0x9e3 CMakeFiles/Snake.elf.dir/Core/Src/snake.c.obj
 .debug_info    0x0000433d      0x211 CMakeFiles/Snake.elf.dir/Core/Src/stm32f1xx_hal_msp.c.obj
 .debug_info    0x0000454e      0x7bc CMakeFiles/Snake.elf.dir/Core/Src/stm32f1xx_it.c.obj
 .debug_info    0x00004d0a      0x248 CMakeFiles/Snake.elf.dir/Core/Src/system_stm32f1xx.c.obj
 .debug_info    0x00004f52      0xb34 CMakeFiles/Snake.elf.dir/Core/Src/tim.c.obj
 .debug_info    0x00005a86       0x22 CMakeFiles/Snake.elf.dir/Core/Startup/startup_stm32f103c8tx.s.obj
 .debug_info    0x00005aa8      0x7a8 CMakeFiles/Snake.elf.dir/Drivers/STM32F1xx_HAL_Driver/Src/stm32f1xx_hal.c.obj
 .debug_info    0x00006250      0xd8a CMakeFiles/Snake.elf.dir/Drivers/STM32F1xx_HAL_Driver/Src/stm32f1xx_hal_cortex.c.obj
 .debug_info    0x00006fda      0x66f CMakeFiles/Snake.elf.dir/Drivers/STM32F1xx_HAL_Driver/Src/stm32f1xx_hal_gpio.c.obj
 .debug_info    0x00007649     0x3ab6 CMakeFiles/Snake.elf.dir/Drivers/STM32F1xx_HAL_Driver/Src/stm32f1xx_hal_i2c.c.obj
 .debug_info    0x0000b0ff      0xa3b CMakeFiles/Snake.elf.dir/Drivers/STM32F1xx_HAL_Driver/Src/stm32f1xx_hal_rcc.c.obj
 .debug_info    0x0000bb3a     0x3d52 CMakeFiles/Snake.elf.dir/Drivers/STM32F1xx_HAL_Driver/Src/stm32f1xx_hal_tim.c.obj
 .debug_info    0x0000f88c     0x1abb CMakeFiles/Snake.elf.dir/Drivers/STM32F1xx_HAL_Driver/Src/stm32f1xx_hal_tim_ex.c.obj

.debug_abbrev   0x00000000     0x2147
 .debug_abbrev  0x00000000      0x158 CMakeFiles/Snake.elf.dir/Core/Src/gpio.c.obj
 .debug_abbrev  0x00000158      0x1c1 CMakeFiles/Snake.elf.dir/Core/Src/i2c.c.obj
 .debug_abbrev  0x00000319      0x22b CMakeFiles/Snake.elf.dir/Core/Src/main.c.obj
 .debug_abbrev  0x00000544      0x336 CMakeFiles/Snake.elf.dir/Core/Src/oled.c.obj
 .debug_abbrev  0x0000087a      0x246 CMakeFiles/Snake.elf.dir/Core/Src/snake.c.obj
 .debug_abbrev  0x00000ac0       0xe5 CMakeFiles/Snake.elf.dir/Core/Src/stm32f1xx_hal_msp.c.obj
 .debug_abbrev  0x00000ba5      0x1bf CMakeFiles/Snake.elf.dir/Core/Src/stm32f1xx_it.c.obj
 .debug_abbrev  0x00000d64      0x13e CMakeFiles/Snake.elf.dir/Core/Src/system_stm32f1xx.c.obj
 .debug_abbrev  0x00000ea2      0x1de CMakeFiles/Snake.elf.dir/Core/Src/tim.c.obj
 .debug_abbrev  0x00001080       0x12 CMakeFiles/Snake.elf.dir/Core/Startup/startup_stm32f103c8tx.s.obj
 .debug_abbrev  0x00001092      0x1f4 CMakeFiles/Snake.elf.dir/Drivers/STM32F1xx_HAL_Driver/Src/stm32f1xx_hal.c.obj
 .debug_abbrev  0x00001286      0x341 CMakeFiles/Snake.elf.dir/Drivers/STM32F1xx_HAL_Driver/Src/stm32f1xx_hal_cortex.c.obj
 .debug_abbrev  0x000015c7      0x1e6 CMakeFiles/Snake.elf.dir/Drivers/STM32F1xx_HAL_Driver/Src/stm32f1xx_hal_gpio.c.obj
 .debug_abbrev  0x000017ad      0x293 CMakeFiles/Snake.elf.dir/Drivers/STM32F1xx_HAL_Driver/Src/stm32f1xx_hal_i2c.c.obj
 .debug_abbrev  0x00001a40      0x27a CMakeFiles/Snake.elf.dir/Drivers/STM32F1xx_HAL_Driver/Src/stm32f1xx_hal_rcc.c.obj
 .debug_abbrev  0x00001cba      0x245 CMakeFiles/Snake.elf.dir/Drivers/STM32F1xx_HAL_Driver/Src/stm32f1xx_hal_tim.c.obj
 .debug_abbrev  0x00001eff      0x248 CMakeFiles/Snake.elf.dir/Drivers/STM32F1xx_HAL_Driver/Src/stm32f1xx_hal_tim_ex.c.obj

.debug_aranges  0x00000000      0xd38
 .debug_aranges
                0x00000000       0x20 CMakeFiles/Snake.elf.dir/Core/Src/gpio.c.obj
 .debug_aranges
                0x00000020       0x30 CMakeFiles/Snake.elf.dir/Core/Src/i2c.c.obj
 .debug_aranges
                0x00000050       0x40 CMakeFiles/Snake.elf.dir/Core/Src/main.c.obj
 .debug_aranges
                0x00000090       0xf8 CMakeFiles/Snake.elf.dir/Core/Src/oled.c.obj
 .debug_aranges
                0x00000188       0x48 CMakeFiles/Snake.elf.dir/Core/Src/snake.c.obj
 .debug_aranges
                0x000001d0       0x20 CMakeFiles/Snake.elf.dir/Core/Src/stm32f1xx_hal_msp.c.obj
 .debug_aranges
                0x000001f0       0x88 CMakeFiles/Snake.elf.dir/Core/Src/stm32f1xx_it.c.obj
 .debug_aranges
                0x00000278       0x28 CMakeFiles/Snake.elf.dir/Core/Src/system_stm32f1xx.c.obj
 .debug_aranges
                0x000002a0       0x38 CMakeFiles/Snake.elf.dir/Core/Src/tim.c.obj
 .debug_aranges
                0x000002d8       0x28 CMakeFiles/Snake.elf.dir/Core/Startup/startup_stm32f103c8tx.s.obj
 .debug_aranges
                0x00000300       0xe0 CMakeFiles/Snake.elf.dir/Drivers/STM32F1xx_HAL_Driver/Src/stm32f1xx_hal.c.obj
 .debug_aranges
                0x000003e0       0x90 CMakeFiles/Snake.elf.dir/Drivers/STM32F1xx_HAL_Driver/Src/stm32f1xx_hal_cortex.c.obj
 .debug_aranges
                0x00000470       0x58 CMakeFiles/Snake.elf.dir/Drivers/STM32F1xx_HAL_Driver/Src/stm32f1xx_hal_gpio.c.obj
 .debug_aranges
                0x000004c8      0x2a8 CMakeFiles/Snake.elf.dir/Drivers/STM32F1xx_HAL_Driver/Src/stm32f1xx_hal_i2c.c.obj
 .debug_aranges
                0x00000770       0x90 CMakeFiles/Snake.elf.dir/Drivers/STM32F1xx_HAL_Driver/Src/stm32f1xx_hal_rcc.c.obj
 .debug_aranges
                0x00000800      0x3d0 CMakeFiles/Snake.elf.dir/Drivers/STM32F1xx_HAL_Driver/Src/stm32f1xx_hal_tim.c.obj
 .debug_aranges
                0x00000bd0      0x168 CMakeFiles/Snake.elf.dir/Drivers/STM32F1xx_HAL_Driver/Src/stm32f1xx_hal_tim_ex.c.obj

.debug_ranges   0x00000000      0xd70
 .debug_ranges  0x00000000       0x10 CMakeFiles/Snake.elf.dir/Core/Src/gpio.c.obj
 .debug_ranges  0x00000010       0x20 CMakeFiles/Snake.elf.dir/Core/Src/i2c.c.obj
 .debug_ranges  0x00000030       0x30 CMakeFiles/Snake.elf.dir/Core/Src/main.c.obj
 .debug_ranges  0x00000060      0x148 CMakeFiles/Snake.elf.dir/Core/Src/oled.c.obj
 .debug_ranges  0x000001a8       0x80 CMakeFiles/Snake.elf.dir/Core/Src/snake.c.obj
 .debug_ranges  0x00000228       0x10 CMakeFiles/Snake.elf.dir/Core/Src/stm32f1xx_hal_msp.c.obj
 .debug_ranges  0x00000238       0x78 CMakeFiles/Snake.elf.dir/Core/Src/stm32f1xx_it.c.obj
 .debug_ranges  0x000002b0       0x18 CMakeFiles/Snake.elf.dir/Core/Src/system_stm32f1xx.c.obj
 .debug_ranges  0x000002c8       0x28 CMakeFiles/Snake.elf.dir/Core/Src/tim.c.obj
 .debug_ranges  0x000002f0       0x20 CMakeFiles/Snake.elf.dir/Core/Startup/startup_stm32f103c8tx.s.obj
 .debug_ranges  0x00000310       0xd0 CMakeFiles/Snake.elf.dir/Drivers/STM32F1xx_HAL_Driver/Src/stm32f1xx_hal.c.obj
 .debug_ranges  0x000003e0       0xe0 CMakeFiles/Snake.elf.dir/Drivers/STM32F1xx_HAL_Driver/Src/stm32f1xx_hal_cortex.c.obj
 .debug_ranges  0x000004c0       0x48 CMakeFiles/Snake.elf.dir/Drivers/STM32F1xx_HAL_Driver/Src/stm32f1xx_hal_gpio.c.obj
 .debug_ranges  0x00000508      0x2b0 CMakeFiles/Snake.elf.dir/Drivers/STM32F1xx_HAL_Driver/Src/stm32f1xx_hal_i2c.c.obj
 .debug_ranges  0x000007b8       0xa0 CMakeFiles/Snake.elf.dir/Drivers/STM32F1xx_HAL_Driver/Src/stm32f1xx_hal_rcc.c.obj
 .debug_ranges  0x00000858      0x3c0 CMakeFiles/Snake.elf.dir/Drivers/STM32F1xx_HAL_Driver/Src/stm32f1xx_hal_tim.c.obj
 .debug_ranges  0x00000c18      0x158 CMakeFiles/Snake.elf.dir/Drivers/STM32F1xx_HAL_Driver/Src/stm32f1xx_hal_tim_ex.c.obj

.debug_line     0x00000000    0x1039c
 .debug_line    0x00000000      0x20d CMakeFiles/Snake.elf.dir/Core/Src/gpio.c.obj
 .debug_line    0x0000020d      0x30f CMakeFiles/Snake.elf.dir/Core/Src/i2c.c.obj
 .debug_line    0x0000051c      0x3fb CMakeFiles/Snake.elf.dir/Core/Src/main.c.obj
 .debug_line    0x00000917      0xef3 CMakeFiles/Snake.elf.dir/Core/Src/oled.c.obj
 .debug_line    0x0000180a      0x5d5 CMakeFiles/Snake.elf.dir/Core/Src/snake.c.obj
 .debug_line    0x00001ddf      0x18b CMakeFiles/Snake.elf.dir/Core/Src/stm32f1xx_hal_msp.c.obj
 .debug_line    0x00001f6a      0x38b CMakeFiles/Snake.elf.dir/Core/Src/stm32f1xx_it.c.obj
 .debug_line    0x000022f5      0x254 CMakeFiles/Snake.elf.dir/Core/Src/system_stm32f1xx.c.obj
 .debug_line    0x00002549      0x3e9 CMakeFiles/Snake.elf.dir/Core/Src/tim.c.obj
 .debug_line    0x00002932       0x97 CMakeFiles/Snake.elf.dir/Core/Startup/startup_stm32f103c8tx.s.obj
 .debug_line    0x000029c9      0x564 CMakeFiles/Snake.elf.dir/Drivers/STM32F1xx_HAL_Driver/Src/stm32f1xx_hal.c.obj
 .debug_line    0x00002f2d      0x65b CMakeFiles/Snake.elf.dir/Drivers/STM32F1xx_HAL_Driver/Src/stm32f1xx_hal_cortex.c.obj
 .debug_line    0x00003588      0x603 CMakeFiles/Snake.elf.dir/Drivers/STM32F1xx_HAL_Driver/Src/stm32f1xx_hal_gpio.c.obj
 .debug_line    0x00003b8b     0x5626 CMakeFiles/Snake.elf.dir/Drivers/STM32F1xx_HAL_Driver/Src/stm32f1xx_hal_i2c.c.obj
 .debug_line    0x000091b1      0xc40 CMakeFiles/Snake.elf.dir/Drivers/STM32F1xx_HAL_Driver/Src/stm32f1xx_hal_rcc.c.obj
 .debug_line    0x00009df1     0x499b CMakeFiles/Snake.elf.dir/Drivers/STM32F1xx_HAL_Driver/Src/stm32f1xx_hal_tim.c.obj
 .debug_line    0x0000e78c     0x1c10 CMakeFiles/Snake.elf.dir/Drivers/STM32F1xx_HAL_Driver/Src/stm32f1xx_hal_tim_ex.c.obj

.debug_str      0x00000000     0x3cc6
 .debug_str     0x00000000      0x528 CMakeFiles/Snake.elf.dir/Core/Src/gpio.c.obj
                                0x579 (size before relaxing)
 .debug_str     0x00000528      0x4d2 CMakeFiles/Snake.elf.dir/Core/Src/i2c.c.obj
                                0x761 (size before relaxing)
 .debug_str     0x000009fa      0x522 CMakeFiles/Snake.elf.dir/Core/Src/main.c.obj
                                0x93d (size before relaxing)
 .debug_str     0x00000f1c      0x341 CMakeFiles/Snake.elf.dir/Core/Src/oled.c.obj
                                0x9a2 (size before relaxing)
 .debug_str     0x0000125d       0x7a CMakeFiles/Snake.elf.dir/Core/Src/snake.c.obj
                                0x7c3 (size before relaxing)
 .debug_str     0x000012d7       0x6b CMakeFiles/Snake.elf.dir/Core/Src/stm32f1xx_hal_msp.c.obj
                                0x24c (size before relaxing)
 .debug_str     0x00001342      0x148 CMakeFiles/Snake.elf.dir/Core/Src/stm32f1xx_it.c.obj
                                0x7b1 (size before relaxing)
 .debug_str     0x0000148a       0x8f CMakeFiles/Snake.elf.dir/Core/Src/system_stm32f1xx.c.obj
                                0x281 (size before relaxing)
 .debug_str     0x00001519      0x161 CMakeFiles/Snake.elf.dir/Core/Src/tim.c.obj
                                0xb59 (size before relaxing)
 .debug_str     0x0000167a       0x47 CMakeFiles/Snake.elf.dir/Core/Startup/startup_stm32f103c8tx.s.obj
                                 0x7a (size before relaxing)
 .debug_str     0x000016c1      0x315 CMakeFiles/Snake.elf.dir/Drivers/STM32F1xx_HAL_Driver/Src/stm32f1xx_hal.c.obj
                                0x851 (size before relaxing)
 .debug_str     0x000019d6      0x3af CMakeFiles/Snake.elf.dir/Drivers/STM32F1xx_HAL_Driver/Src/stm32f1xx_hal_cortex.c.obj
                                0x900 (size before relaxing)
 .debug_str     0x00001d85      0x11b CMakeFiles/Snake.elf.dir/Drivers/STM32F1xx_HAL_Driver/Src/stm32f1xx_hal_gpio.c.obj
                                0x42d (size before relaxing)
 .debug_str     0x00001ea0      0x8fb CMakeFiles/Snake.elf.dir/Drivers/STM32F1xx_HAL_Driver/Src/stm32f1xx_hal_i2c.c.obj
                                0xff2 (size before relaxing)
 .debug_str     0x0000279b      0x1e5 CMakeFiles/Snake.elf.dir/Drivers/STM32F1xx_HAL_Driver/Src/stm32f1xx_hal_rcc.c.obj
                                0x658 (size before relaxing)
 .debug_str     0x00002980      0xe11 CMakeFiles/Snake.elf.dir/Drivers/STM32F1xx_HAL_Driver/Src/stm32f1xx_hal_tim.c.obj
                               0x166c (size before relaxing)
 .debug_str     0x00003791      0x535 CMakeFiles/Snake.elf.dir/Drivers/STM32F1xx_HAL_Driver/Src/stm32f1xx_hal_tim_ex.c.obj
                                0xe6d (size before relaxing)

.comment        0x00000000       0x49
 .comment       0x00000000       0x49 CMakeFiles/Snake.elf.dir/Core/Src/gpio.c.obj
                                 0x4a (size before relaxing)
 .comment       0x00000049       0x4a CMakeFiles/Snake.elf.dir/Core/Src/i2c.c.obj
 .comment       0x00000049       0x4a CMakeFiles/Snake.elf.dir/Core/Src/main.c.obj
 .comment       0x00000049       0x4a CMakeFiles/Snake.elf.dir/Core/Src/oled.c.obj
 .comment       0x00000049       0x4a CMakeFiles/Snake.elf.dir/Core/Src/snake.c.obj
 .comment       0x00000049       0x4a CMakeFiles/Snake.elf.dir/Core/Src/stm32f1xx_hal_msp.c.obj
 .comment       0x00000049       0x4a CMakeFiles/Snake.elf.dir/Core/Src/stm32f1xx_it.c.obj
 .comment       0x00000049       0x4a CMakeFiles/Snake.elf.dir/Core/Src/system_stm32f1xx.c.obj
 .comment       0x00000049       0x4a CMakeFiles/Snake.elf.dir/Core/Src/tim.c.obj
 .comment       0x00000049       0x4a CMakeFiles/Snake.elf.dir/Drivers/STM32F1xx_HAL_Driver/Src/stm32f1xx_hal.c.obj
 .comment       0x00000049       0x4a CMakeFiles/Snake.elf.dir/Drivers/STM32F1xx_HAL_Driver/Src/stm32f1xx_hal_cortex.c.obj
 .comment       0x00000049       0x4a CMakeFiles/Snake.elf.dir/Drivers/STM32F1xx_HAL_Driver/Src/stm32f1xx_hal_gpio.c.obj
 .comment       0x00000049       0x4a CMakeFiles/Snake.elf.dir/Drivers/STM32F1xx_HAL_Driver/Src/stm32f1xx_hal_i2c.c.obj
 .comment       0x00000049       0x4a CMakeFiles/Snake.elf.dir/Drivers/STM32F1xx_HAL_Driver/Src/stm32f1xx_hal_rcc.c.obj
 .comment       0x00000049       0x4a CMakeFiles/Snake.elf.dir/Drivers/STM32F1xx_HAL_Driver/Src/stm32f1xx_hal_tim.c.obj
 .comment       0x00000049       0x4a CMakeFiles/Snake.elf.dir/Drivers/STM32F1xx_HAL_Driver/Src/stm32f1xx_hal_tim_ex.c.obj

.debug_frame    0x00000000     0x2780
 .debug_frame   0x00000000       0x30 CMakeFiles/Snake.elf.dir/Core/Src/gpio.c.obj
 .debug_frame   0x00000030       0x60 CMakeFiles/Snake.elf.dir/Core/Src/i2c.c.obj
 .debug_frame   0x00000090       0x88 CMakeFiles/Snake.elf.dir/Core/Src/main.c.obj
 .debug_frame   0x00000118      0x3a4 CMakeFiles/Snake.elf.dir/Core/Src/oled.c.obj
 .debug_frame   0x000004bc       0xa8 CMakeFiles/Snake.elf.dir/Core/Src/snake.c.obj
 .debug_frame   0x00000564       0x28 CMakeFiles/Snake.elf.dir/Core/Src/stm32f1xx_hal_msp.c.obj
 .debug_frame   0x0000058c      0x120 CMakeFiles/Snake.elf.dir/Core/Src/stm32f1xx_it.c.obj
 .debug_frame   0x000006ac       0x30 CMakeFiles/Snake.elf.dir/Core/Src/system_stm32f1xx.c.obj
 .debug_frame   0x000006dc       0x88 CMakeFiles/Snake.elf.dir/Core/Src/tim.c.obj
 .debug_frame   0x00000764      0x1cc CMakeFiles/Snake.elf.dir/Drivers/STM32F1xx_HAL_Driver/Src/stm32f1xx_hal.c.obj
 .debug_frame   0x00000930      0x118 CMakeFiles/Snake.elf.dir/Drivers/STM32F1xx_HAL_Driver/Src/stm32f1xx_hal_cortex.c.obj
 .debug_frame   0x00000a48       0xe4 CMakeFiles/Snake.elf.dir/Drivers/STM32F1xx_HAL_Driver/Src/stm32f1xx_hal_gpio.c.obj
 .debug_frame   0x00000b2c      0x984 CMakeFiles/Snake.elf.dir/Drivers/STM32F1xx_HAL_Driver/Src/stm32f1xx_hal_i2c.c.obj
 .debug_frame   0x000014b0      0x184 CMakeFiles/Snake.elf.dir/Drivers/STM32F1xx_HAL_Driver/Src/stm32f1xx_hal_rcc.c.obj
 .debug_frame   0x00001634      0xb18 CMakeFiles/Snake.elf.dir/Drivers/STM32F1xx_HAL_Driver/Src/stm32f1xx_hal_tim.c.obj
 .debug_frame   0x0000214c      0x40c CMakeFiles/Snake.elf.dir/Drivers/STM32F1xx_HAL_Driver/Src/stm32f1xx_hal_tim_ex.c.obj
 .debug_frame   0x00002558       0x2c c:/arm-none-eabi-gcc/gcc-arm-none-eabi-10.3-2021.10/bin/../lib/gcc/arm-none-eabi/10.3.1/../../../../arm-none-eabi/lib/thumb/v7-m/nofp\libg.a(lib_a-init.o)
 .debug_frame   0x00002584       0x2c c:/arm-none-eabi-gcc/gcc-arm-none-eabi-10.3-2021.10/bin/../lib/gcc/arm-none-eabi/10.3.1/../../../../arm-none-eabi/lib/thumb/v7-m/nofp\libg.a(lib_a-memset.o)
 .debug_frame   0x000025b0       0x3c c:/arm-none-eabi-gcc/gcc-arm-none-eabi-10.3-2021.10/bin/../lib/gcc/arm-none-eabi/10.3.1/../../../../arm-none-eabi/lib/thumb/v7-m/nofp\libg.a(lib_a-rand.o)
 .debug_frame   0x000025ec       0x5c c:/arm-none-eabi-gcc/gcc-arm-none-eabi-10.3-2021.10/bin/../lib/gcc/arm-none-eabi/10.3.1/../../../../arm-none-eabi/lib/thumb/v7-m/nofp\libg.a(lib_a-__call_atexit.o)
 .debug_frame   0x00002648       0x20 c:/arm-none-eabi-gcc/gcc-arm-none-eabi-10.3-2021.10/bin/../lib/gcc/arm-none-eabi/10.3.1/../../../../arm-none-eabi/lib/thumb/v7-m/nofp\libg.a(lib_a-atexit.o)
 .debug_frame   0x00002668       0x34 c:/arm-none-eabi-gcc/gcc-arm-none-eabi-10.3-2021.10/bin/../lib/gcc/arm-none-eabi/10.3.1/../../../../arm-none-eabi/lib/thumb/v7-m/nofp\libg.a(lib_a-fini.o)
 .debug_frame   0x0000269c       0xb0 c:/arm-none-eabi-gcc/gcc-arm-none-eabi-10.3-2021.10/bin/../lib/gcc/arm-none-eabi/10.3.1/../../../../arm-none-eabi/lib/thumb/v7-m/nofp\libg.a(lib_a-lock.o)
 .debug_frame   0x0000274c       0x34 c:/arm-none-eabi-gcc/gcc-arm-none-eabi-10.3-2021.10/bin/../lib/gcc/arm-none-eabi/10.3.1/../../../../arm-none-eabi/lib/thumb/v7-m/nofp\libg.a(lib_a-__atexit.o)

.debug_loc      0x00000000     0xdc86
 .debug_loc     0x00000000       0x67 CMakeFiles/Snake.elf.dir/Core/Src/i2c.c.obj
 .debug_loc     0x00000067       0x4a CMakeFiles/Snake.elf.dir/Core/Src/main.c.obj
 .debug_loc     0x000000b1     0x16c4 CMakeFiles/Snake.elf.dir/Core/Src/oled.c.obj
 .debug_loc     0x00001775      0x12d CMakeFiles/Snake.elf.dir/Core/Src/snake.c.obj
 .debug_loc     0x000018a2       0x15 CMakeFiles/Snake.elf.dir/Core/Src/stm32f1xx_hal_msp.c.obj
 .debug_loc     0x000018b7       0xff CMakeFiles/Snake.elf.dir/Core/Src/system_stm32f1xx.c.obj
 .debug_loc     0x000019b6       0x84 CMakeFiles/Snake.elf.dir/Core/Src/tim.c.obj
 .debug_loc     0x00001a3a      0x141 CMakeFiles/Snake.elf.dir/Drivers/STM32F1xx_HAL_Driver/Src/stm32f1xx_hal.c.obj
 .debug_loc     0x00001b7b      0x71f CMakeFiles/Snake.elf.dir/Drivers/STM32F1xx_HAL_Driver/Src/stm32f1xx_hal_cortex.c.obj
 .debug_loc     0x0000229a      0x47d CMakeFiles/Snake.elf.dir/Drivers/STM32F1xx_HAL_Driver/Src/stm32f1xx_hal_gpio.c.obj
 .debug_loc     0x00002717     0x41ca CMakeFiles/Snake.elf.dir/Drivers/STM32F1xx_HAL_Driver/Src/stm32f1xx_hal_i2c.c.obj
 .debug_loc     0x000068e1      0x618 CMakeFiles/Snake.elf.dir/Drivers/STM32F1xx_HAL_Driver/Src/stm32f1xx_hal_rcc.c.obj
 .debug_loc     0x00006ef9     0x50fa CMakeFiles/Snake.elf.dir/Drivers/STM32F1xx_HAL_Driver/Src/stm32f1xx_hal_tim.c.obj
 .debug_loc     0x0000bff3     0x1c93 CMakeFiles/Snake.elf.dir/Drivers/STM32F1xx_HAL_Driver/Src/stm32f1xx_hal_tim_ex.c.obj
